ESP-ROM:esp32s3-20210327
Build:Mar 27 2021
rst:0x1 (POWERON),boot:0xb (SPI_FAST_FLASH_BOOT)
SPIWP:0xee
mode:DIO, clock div:1
load:0x3fce3810,len:0x178c
load:0x403c9700,len:0x4
load:0x403c9704,len:0xcbc
load:0x403cc700,len:0x2da0
entry 0x403c9914
[0;32mI (27) boot: ESP-IDF HEAD-HASH-NOTFOUND 2nd stage bootloader[0m
[0;32mI (27) boot: compile time Mar 25 2024 11:26:55[0m
[0;32mI (27) boot: Multicore bootloader[0m
[0;32mI (31) boot: chip revision: v0.2[0m
[0;32mI (35) boot.esp32s3: Boot SPI Speed : 80MHz[0m
[0;32mI (40) boot.esp32s3: SPI Mode       : DIO[0m
[0;32mI (44) boot.esp32s3: SPI Flash Size : 8MB[0m
[0;32mI (49) boot: Enabling RNG early entropy source...[0m
[0;32mI (54) boot: Partition Table:[0m
[0;32mI (58) boot: ## Label            Usage          Type ST Offset   Length[0m
[0;32mI (65) boot:  0 nvs              WiFi data        01 02 00009000 00006000[0m
[0;32mI (73) boot:  1 phy_init         RF data          01 01 0000f000 00001000[0m
[0;32mI (80) boot:  2 factory          factory app      00 00 00010000 00100000[0m
[0;32mI (88) boot: End of partition table[0m
[0;32mI (92) esp_image: segment 0: paddr=00010020 vaddr=3c020020 size=0e684h ( 59012) map[0m
[0;32mI (111) esp_image: segment 1: paddr=0001e6ac vaddr=3fc93000 size=0196ch (  6508) load[0m
[0;32mI (113) esp_image: segment 2: paddr=00020020 vaddr=42000020 size=1fe3ch (130620) map[0m
[0;32mI (141) esp_image: segment 3: paddr=0003fe64 vaddr=3fc9496c size=09110h ( 37136) load[0m
[0;32mI (148) esp_image: segment 4: paddr=00048f7c vaddr=40374000 size=0ef7ch ( 61308) load[0m
[0;32mI (170) boot: Loaded app from partition at offset 0x10000[0m
[0;32mI (170) boot: Disabling RNG early entropy source...[0m
[0;32mI (181) cpu_start: Multicore app[0m
[0;32mI (191) cpu_start: Pro cpu start user code[0m
[0;32mI (191) cpu_start: cpu freq: 160000000 Hz[0m
[0;32mI (191) cpu_start: Application information:[0m
[0;32mI (194) cpu_start: Project name:     mantis_solenoid_esim[0m
[0;32mI (200) cpu_start: App version:      1b36264-dirty[0m
[0;32mI (206) cpu_start: Compile time:     May  8 2024 15:03:26[0m
[0;32mI (212) cpu_start: ELF file SHA256:  c0f9f7140...[0m
[0;32mI (217) cpu_start: ESP-IDF:          v5.2.1-dirty[0m
[0;32mI (223) cpu_start: Min chip rev:     v0.0[0m
[0;32mI (227) cpu_start: Max chip rev:     v0.99 [0m
[0;32mI (232) cpu_start: Chip rev:         v0.2[0m
[0;32mI (237) heap_init: Initializing. RAM available for dynamic allocation:[0m
[0;32mI (244) heap_init: At 3FC9E408 len 0004B308 (300 KiB): RAM[0m
[0;32mI (250) heap_init: At 3FCE9710 len 00005724 (21 KiB): RAM[0m
[0;32mI (256) heap_init: At 3FCF0000 len 00008000 (32 KiB): DRAM[0m
[0;32mI (263) heap_init: At 600FE010 len 00001FD8 (7 KiB): RTCRAM[0m
[0;32mI (270) spi_flash: detected chip: gd[0m
[0;32mI (273) spi_flash: flash io: dio[0m
[0;32mI (277) sleep: Configure to isolate all GPIO pins in sleep state[0m
[0;32mI (284) sleep: Enable automatic switching of GPIO sleep configuration[0m
[0;32mI (291) main_task: Started on CPU0[0m
[0;32mI (301) main_task: Calling app_main()[0m
[0;32mI (301) ----MQTT Esim----: ----------------------Create UART -------------------------------- 
[0m
[0;32mI (311) gpio: GPIO[42]| InputEn: 0| OutputEn: 0| OpenDrain: 0| Pullup: 1| Pulldown: 0| Intr:0 [0m
[0;32mI (321) gpio: GPIO[3]| InputEn: 0| OutputEn: 0| OpenDrain: 0| Pullup: 1| Pulldown: 0| Intr:0 [0m
[0;32mI (331) gpio: GPIO[46]| InputEn: 0| OutputEn: 0| OpenDrain: 0| Pullup: 1| Pulldown: 0| Intr:0 [0m
[0;32mI (341) gpio: GPIO[9]| InputEn: 0| OutputEn: 0| OpenDrain: 0| Pullup: 1| Pulldown: 0| Intr:0 [0m
[0;32mI (341) gpio: GPIO[10]| InputEn: 0| OutputEn: 0| OpenDrain: 0| Pullup: 1| Pulldown: 0| Intr:0 [0m
[0;32mI (351) gpio: GPIO[4]| InputEn: 0| OutputEn: 0| OpenDrain: 0| Pullup: 1| Pulldown: 0| Intr:0 [0m
[0;32mI (361) ----MQTT Esim----: -----------------Esim config------------------[0m
[0;32mI (371) ----MQTT Esim----: -----------------Activated Module Sim------------------[0m
[0;32mI (7581) ----MQTT Esim----: -----------------Running Module Sim ------------------[0m
[0;32mI (7681) RX_TASK_ESIM: 
-------------Read 85 bytes: '
SMS DONE

+CGEV: EPS PDN ACT 1

+CGEV: ME DETACH

+CGEV: NW PDN DEACT 1
'-------------------[0m
[0;32mI (16831) RX_TASK_ESIM: 
-------------Read 31 bytes: '
+CPIN: READY

*ATREADY: 1
'-------------------[0m
[0;32mI (17801) RX_TASK_ESIM: 
-------------Read 12 bytes: '
SMS DONE
'-------------------[0m
[0;32mI (20151) RX_TASK_ESIM: 
-------------Read 24 bytes: '
+CGEV: EPS PDN ACT 1
'-------------------[0m
[0;32mI (27231) RX_TASK_ESIM: 
-------------Read 11 bytes: '
PB DONE
'-------------------[0m
-----------PB DONE-----------
[0;32mI (27231) ---WRITE ESIM---: Wrote AT
 bytes[0m
[0;32mI (27241) ----PWM_50Hz----: -----------------CREATE PWM 50Hz------------------[0m
[0;32mI (27241) main_task: Returned from app_main()[0m
[0;32mI (27381) RX_TASK_ESIM: 
-------------Read 9 bytes: 'AT
OK
'-------------------[0m
[0;32mI (27441) ---WRITE ESIM---: Wrote ATE0
 bytes[0m
[0;32mI (27541) RX_TASK_ESIM: 
-------------Read 11 bytes: 'ATE0
OK
'-------------------[0m
[0;32mI (27641) ---WRITE ESIM---: Wrote AT+CSQ
 bytes[0m
[0;32mI (27741) RX_TASK_ESIM: 
-------------Read 21 bytes: '
+CSQ: 27,99

OK
'-------------------[0m
[0;32mI (27841) ---WRITE ESIM---: Wrote AT+CMQTTSTART
 bytes[0m
[0;32mI (27941) RX_TASK_ESIM: 
-------------Read 24 bytes: '
OK

+CMQTTSTART: 0
'-------------------[0m
[0;32mI (28041) ---WRITE ESIM---: Wrote AT+CMQTTACCQ=0,"sw000180",0
 bytes[0m
[0;32mI (28141) RX_TASK_ESIM: 
-------------Read 6 bytes: '
OK
'-------------------[0m
[0;32mI (28241) ---WRITE ESIM---: Wrote AT+CMQTTCONNECT=0,"tcp://mqtt.agriconnect.vn:1883",60,1,"mqttnode","congamo"
 bytes[0m
[0;32mI (28501) RX_TASK_ESIM: 
-------------Read 28 bytes: '
OK

+CMQTTCONNECT: 0,0
'-------------------[0m
Guru Meditation Error: Core  0 panic'ed (LoadProhibited). Exception was unhandled.

Core  0 register dump:
PC      : 0x420116c0  PS      : 0x00060e30  A0      : 0x82010b1c  A1      : 0x3fca50c0  
A2      : 0x3fca52b4  A3      : 0x3fca53e0  A4      : 0x00000019  A5      : 0x00000019  
A6      : 0x3fca5460  A7      : 0x00000000  A8      : 0x00000000  A9      : 0x00000000  
A10     : 0x00000000  A11     : 0x00000000  A12     : 0x000000ff  A13     : 0x0000ff00  
A14     : 0x00ff0000  A15     : 0xff000000  SAR     : 0x00000004  EXCCAUSE: 0x0000001c  
EXCVADDR: 0x00000019  LBEG    : 0x400556d5  LEND    : 0x400556e5  LCOUNT  : 0xffffffff  


Backtrace: 0x420116bd:0x3fca50c0 0x42010b19:0x3fca53e0 0x4200889a:0x3fca54a0 0x4037b3cd:0x3fca54c0




ELF file SHA256: c0f9f7140

Rebooting...
ESP-ROM:esp32s3-20210327
Build:Mar 27 2021
rst:0xc (RTC_SW_CPU_RST),boot:0xb (SPI_FAST_FLASH_BOOT)
Saved PC:0x40375940
SPIWP:0xee
mode:DIO, clock div:1
load:0x3fce3810,len:0x178c
load:0x403c9700,len:0x4
load:0x403c9704,len:0xcbc
load:0x403cc700,len:0x2da0
entry 0x403c9914
[0;32mI (31) boot: ESP-IDF HEAD-HASH-NOTFOUND 2nd stage bootloader[0m
[0;32mI (31) boot: compile time Mar 25 2024 11:26:55[0m
[0;32mI (31) boot: Multicore bootloader[0m
[0;32mI (35) boot: chip revision: v0.2[0m
[0;32mI (39) boot.esp32s3: Boot SPI Speed : 80MHz[0m
[0;32mI (44) boot.esp32s3: SPI Mode       : DIO[0m
[0;32mI (49) boot.esp32s3: SPI Flash Size : 8MB[0m
[0;32mI (53) boot: Enabling RNG early entropy source...[0m
[0;32mI (59) boot: Partition Table:[0m
[0;32mI (62) boot: ## Label            Usage          Type ST Offset   Length[0m
[0;32mI (70) boot:  0 nvs              WiFi data        01 02 00009000 00006000[0m
[0;32mI (77) boot:  1 phy_init         RF data          01 01 0000f000 00001000[0m
[0;32mI (85) boot:  2 factory          factory app      00 00 00010000 00100000[0m
[0;32mI (92) boot: End of partition table[0m
[0;32mI (96) esp_image: segment 0: paddr=00010020 vaddr=3c020020 size=0e684h ( 59012) map[0m
[0;32mI (115) esp_image: segment 1: paddr=0001e6ac vaddr=3fc93000 size=0196ch (  6508) load[0m
[0;32mI (117) esp_image: segment 2: paddr=00020020 vaddr=42000020 size=1fe3ch (130620) map[0m
[0;32mI (145) esp_image: segment 3: paddr=0003fe64 vaddr=3fc9496c size=09110h ( 37136) load[0m
[0;32mI (153) esp_image: segment 4: paddr=00048f7c vaddr=40374000 size=0ef7ch ( 61308) load[0m
[0;32mI (174) boot: Loaded app from partition at offset 0x10000[0m
[0;32mI (175) boot: Disabling RNG early entropy source...[0m
[0;32mI (186) cpu_start: Multicore app[0m
[0;32mI (196) cpu_start: Pro cpu start user code[0m
[0;32mI (196) cpu_start: cpu freq: 160000000 Hz[0m
[0;32mI (196) cpu_start: Application information:[0m
[0;32mI (199) cpu_start: Project name:     mantis_solenoid_esim[0m
[0;32mI (205) cpu_start: App version:      1b36264-dirty[0m
[0;32mI (210) cpu_start: Compile time:     May  8 2024 15:03:26[0m
[0;32mI (216) cpu_start: ELF file SHA256:  c0f9f7140...[0m
[0;32mI (222) cpu_start: ESP-IDF:          v5.2.1-dirty[0m
[0;32mI (227) cpu_start: Min chip rev:     v0.0[0m
[0;32mI (232) cpu_start: Max chip rev:     v0.99 [0m
[0;32mI (237) cpu_start: Chip rev:         v0.2[0m
[0;32mI (241) heap_init: Initializing. RAM available for dynamic allocation:[0m
[0;32mI (249) heap_init: At 3FC9E408 len 0004B308 (300 KiB): RAM[0m
[0;32mI (255) heap_init: At 3FCE9710 len 00005724 (21 KiB): RAM[0m
[0;32mI (261) heap_init: At 3FCF0000 len 00008000 (32 KiB): DRAM[0m
[0;32mI (267) heap_init: At 600FE010 len 00001FD8 (7 KiB): RTCRAM[0m
[0;32mI (274) spi_flash: detected chip: gd[0m
[0;32mI (277) spi_flash: flash io: dio[0m
[0;32mI (282) sleep: Configure to isolate all GPIO pins in sleep state[0m
[0;32mI (288) sleep: Enable automatic switching of GPIO sleep configuration[0m
[0;32mI (296) main_task: Started on CPU0[0m
[0;32mI (306) main_task: Calling app_main()[0m
[0;32mI (306) ----MQTT Esim----: ----------------------Create UART -------------------------------- 
[0m
[0;32mI (316) gpio: GPIO[42]| InputEn: 0| OutputEn: 0| OpenDrain: 0| Pullup: 1| Pulldown: 0| Intr:0 [0m
[0;32mI (326) gpio: GPIO[3]| InputEn: 0| OutputEn: 0| OpenDrain: 0| Pullup: 1| Pulldown: 0| Intr:0 [0m
[0;32mI (336) gpio: GPIO[46]| InputEn: 0| OutputEn: 0| OpenDrain: 0| Pullup: 1| Pulldown: 0| Intr:0 [0m
[0;32mI (346) gpio: GPIO[9]| InputEn: 0| OutputEn: 0| OpenDrain: 0| Pullup: 1| Pulldown: 0| Intr:0 [0m
[0;32mI (346) gpio: GPIO[10]| InputEn: 0| OutputEn: 0| OpenDrain: 0| Pullup: 1| Pulldown: 0| Intr:0 [0m
[0;32mI (356) gpio: GPIO[4]| InputEn: 0| OutputEn: 0| OpenDrain: 0| Pullup: 1| Pulldown: 0| Intr:0 [0m
[0;32mI (366) ----MQTT Esim----: -----------------Esim config------------------[0m
[0;32mI (376) ----MQTT Esim----: -----------------Activated Module Sim------------------[0m
[0;32mI (7586) ----MQTT Esim----: -----------------Running Module Sim ------------------[0m
[0;32mI (7686) RX_TASK_ESIM: 
-------------Read 73 bytes: '
+CGEV: ME DETACH

+CGEV: NW PDN DEACT 1

+CMQTTCONNLOST: 0,3
'-------------------[0m
[0;32mI (16736) RX_TASK_ESIM: 
-------------Read 31 bytes: '
+CPIN: READY

*ATREADY: 1
'-------------------[0m
[0;32mI (17716) RX_TASK_ESIM: 
-------------Read 12 bytes: '
SMS DONE
'-------------------[0m
[0;32mI (18556) RX_TASK_ESIM: 
-------------Read 24 bytes: '
+CGEV: EPS PDN ACT 1
'-------------------[0m
[0;32mI (27136) RX_TASK_ESIM: 
-------------Read 11 bytes: '
PB DONE
'-------------------[0m
-----------PB DONE-----------
[0;32mI (27136) ---WRITE ESIM---: Wrote AT
 bytes[0m
[0;32mI (27146) ----PWM_50Hz----: -----------------CREATE PWM 50Hz------------------[0m
[0;32mI (27146) main_task: Returned from app_main()[0m
[0;32mI (27286) RX_TASK_ESIM: 
-------------Read 9 bytes: 'AT
OK
'-------------------[0m
[0;32mI (27346) ---WRITE ESIM---: Wrote ATE0
 bytes[0m
[0;32mI (27446) RX_TASK_ESIM: 
-------------Read 11 bytes: 'ATE0
OK
'-------------------[0m
[0;32mI (27546) ---WRITE ESIM---: Wrote AT+CSQ
 bytes[0m
[0;32mI (27646) RX_TASK_ESIM: 
-------------Read 21 bytes: '
+CSQ: 27,99

OK
'-------------------[0m
[0;32mI (27746) ---WRITE ESIM---: Wrote AT+CMQTTSTART
 bytes[0m
[0;32mI (27846) RX_TASK_ESIM: 
-------------Read 24 bytes: '
OK

+CMQTTSTART: 0
'-------------------[0m
[0;32mI (27946) ---WRITE ESIM---: Wrote AT+CMQTTACCQ=0,"sw000180",0
 bytes[0m
[0;32mI (28046) RX_TASK_ESIM: 
-------------Read 6 bytes: '
OK
'-------------------[0m
[0;32mI (28146) ---WRITE ESIM---: Wrote AT+CMQTTCONNECT=0,"tcp://mqtt.agriconnect.vn:1883",60,1,"mqttnode","congamo"
 bytes[0m
[0;32mI (28366) RX_TASK_ESIM: 
-------------Read 28 bytes: '
OK

+CMQTTCONNECT: 0,0
'-------------------[0m
Guru Meditation Error: Core  0 panic'ed (LoadProhibited). Exception was unhandled.

Core  0 register dump:
PC      : 0x420116c0  PS      : 0x00060630  A0      : 0x82010b1c  A1      : 0x3fca50c0  
A2      : 0x3fca52b4  A3      : 0x3fca53e0  A4      : 0x00000019  A5      : 0x00000019  
A6      : 0x3fca5460  A7      : 0x00000000  A8      : 0x00000000  A9      : 0x00000000  
A10     : 0x00000000  A11     : 0x00000000  A12     : 0x000000ff  A13     : 0x0000ff00  
A14     : 0x00ff0000  A15     : 0xff000000  SAR     : 0x00000004  EXCCAUSE: 0x0000001c  
EXCVADDR: 0x00000019  LBEG    : 0x400556d5  LEND    : 0x400556e5  LCOUNT  : 0xffffffff  


Backtrace: 0x420116bd:0x3fca50c0 0x42010b19:0x3fca53e0 0x4200889a:0x3fca54a0 0x4037b3cd:0x3fca54c0




ELF file SHA256: c0f9f7140

Rebooting...
ï¿½ï¿½ï¿½ESP-ROM:esp32s3-20210327
Build:Mar 27 2021
rst:0xc (RTC_SW_CPU_RST),boot:0xb (SPI_FAST_FLASH_BOOT)
Saved PC:0x40375940
SPIWP:0xee
mode:DIO, clock div:1
load:0x3fce3810,len:0x178c
load:0x403c9700,len:0x4
load:0x403c9704,len:0xcbc
load:0x403cc700,len:0x2da0
entry 0x403c9914
[0;32mI (31) boot: ESP-IDF HEAD-HASH-NOTFOUND 2nd stage bootloader[0m
[0;32mI (31) boot: compile time Mar 25 2024 11:26:55[0m
[0;32mI (31) boot: Multicore bootloader[0m
[0;32mI (35) boot: chip revision: v0.2[0m
[0;32mI (39) boot.esp32s3: Boot SPI Speed : 80MHz[0m
[0;32mI (44) boot.esp32s3: SPI Mode       : DIO[0m
[0;32mI (49) boot.esp32s3: SPI Flash Size : 8MB[0m
[0;32mI (53) boot: Enabling RNG early entropy source...[0m
[0;32mI (59) boot: Partition Table:[0m
[0;32mI (62) boot: ## Label            Usage          Type ST Offset   Length[0m
[0;32mI (70) boot:  0 nvs              WiFi data        01 02 00009000 00006000[0m
[0;32mI (77) boot:  1 phy_init         RF data          01 01 0000f000 00001000[0m
[0;32mI (85) boot:  2 factory          factory app      00 00 00010000 00100000[0m
[0;32mI (92) boot: End of partition table[0m
[0;32mI (96) esp_image: segment 0: paddr=00010020 vaddr=3c020020 size=0e684h ( 59012) map[0m
[0;32mI (115) esp_image: segment 1: paddr=0001e6ac vaddr=3fc93000 size=0196ch (  6508) load[0m
[0;32mI (117) esp_image: segment 2: paddr=00020020 vaddr=42000020 size=1fe3ch (130620) map[0m
[0;32mI (145) esp_image: segment 3: paddr=0003fe64 vaddr=3fc9496c size=09110h ( 37136) load[0m
[0;32mI (153) esp_image: segment 4: paddr=00048f7c vaddr=40374000 size=0ef7ch ( 61308) load[0m
[0;32mI (174) boot: Loaded app from partition at offset 0x10000[0m
[0;32mI (175) boot: Disabling RNG early entropy source...[0m
[0;32mI (186) cpu_start: Multicore app[0m
[0;32mI (196) cpu_start: Pro cpu start user code[0m
[0;32mI (196) cpu_start: cpu freq: 160000000 Hz[0m
[0;32mI (196) cpu_start: Application information:[0m
[0;32mI (199) cpu_start: Project name:     mantis_solenoid_esim[0m
[0;32mI (205) cpu_start: App version:      1b36264-dirty[0m
[0;32mI (210) cpu_start: Compile time:     May  8 2024 15:03:26[0m
[0;32mI (216) cpu_start: ELF file SHA256:  c0f9f7140...[0m
[0;32mI (222) cpu_start: ESP-IDF:          v5.2.1-dirty[0m
[0;32mI (227) cpu_start: Min chip rev:     v0.0[0m
[0;32mI (232) cpu_start: Max chip rev:     v0.99 [0m
[0;32mI (237) cpu_start: Chip rev:         v0.2[0m
[0;32mI (241) heap_init: Initializing. RAM available for dynamic allocation:[0m
[0;32mI (249) heap_init: At 3FC9E408 len 0004B308 (300 KiB): RAM[0m
[0;32mI (255) heap_init: At 3FCE9710 len 00005724 (21 KiB): RAM[0m
[0;32mI (261) heap_init: At 3FCF0000 len 00008000 (32 KiB): DRAM[0m
[0;32mI (267) heap_init: At 600FE010 len 00001FD8 (7 KiB): RTCRAM[0m
[0;32mI (274) spi_flash: detected chip: gd[0m
[0;32mI (277) spi_flash: flash io: dio[0m
[0;32mI (282) sleep: Configure to isolate all GPIO pins in sleep state[0m
[0;32mI (288) sleep: Enable automatic switching of GPIO sleep configuration[0m
[0;32mI (296) main_task: Started on CPU0[0m
[0;32mI (306) main_task: Calling app_main()[0m
[0;32mI (306) ----MQTT Esim----: ----------------------Create UART -------------------------------- 
[0m
[0;32mI (316) gpio: GPIO[42]| InputEn: 0| OutputEn: 0| OpenDrain: 0| Pullup: 1| Pulldown: 0| Intr:0 [0m
[0;32mI (326) gpio: GPIO[3]| InputEn: 0| OutputEn: 0| OpenDrain: 0| Pullup: 1| Pulldown: 0| Intr:0 [0m
[0;32mI (336) gpio: GPIO[46]| InputEn: 0| OutputEn: 0| OpenDrain: 0| Pullup: 1| Pulldown: 0| Intr:0 [0m
[0;32mI (346) gpio: GPIO[9]| InputEn: 0| OutputEn: 0| OpenDrain: 0| Pullup: 1| Pulldown: 0| Intr:0 [0m
[0;32mI (346) gpio: GPIO[10]| InputEn: 0| OutputEn: 0| OpenDrain: 0| Pullup: 1| Pulldown: 0| Intr:0 [0m
[0;32mI (356) gpio: GPIO[4]| InputEn: 0| OutputEn: 0| OpenDrain: 0| Pullup: 1| Pulldown: 0| Intr:0 [0m
[0;32mI (366) ----MQTT Esim----: -----------------Esim config------------------[0m
[0;32mI (376) ----MQTT Esim----: -----------------Activated Module Sim------------------[0m
[0;32mI (7586) ----MQTT Esim----: -----------------Running Module Sim ------------------[0m
[0;32mI (7686) RX_TASK_ESIM: 
-------------Read 72 bytes: '
+CGEV: ME DETACH

+CGEV: NW PDN DEACT 1

+CMQTTCONNLOST: 0,3
'-------------------[0m
[0;32mI (16736) RX_TASK_ESIM: 
-------------Read 31 bytes: '
+CPIN: READY

*ATREADY: 1
'-------------------[0m
[0;32mI (17716) RX_TASK_ESIM: 
-------------Read 12 bytes: '
SMS DONE
'-------------------[0m
[0;32mI (19366) RX_TASK_ESIM: 
-------------Read 24 bytes: '
+CGEV: EPS PDN ACT 1
'-------------------[0m
[0;32mI (27166) RX_TASK_ESIM: 
-------------Read 11 bytes: '
PB DONE
'-------------------[0m
-----------PB DONE-----------
[0;32mI (27166) ---WRITE ESIM---: Wrote AT
 bytes[0m
[0;32mI (27176) ----PWM_50Hz----: -----------------CREATE PWM 50Hz------------------[0m
[0;32mI (27176) main_task: Returned from app_main()[0m
[0;32mI (27316) RX_TASK_ESIM: 
-------------Read 9 bytes: 'AT
OK
'-------------------[0m
[0;32mI (27376) ---WRITE ESIM---: Wrote ATE0
 bytes[0m
[0;32mI (27476) RX_TASK_ESIM: 
-------------Read 11 bytes: 'ATE0
OK
'-------------------[0m
[0;32mI (27576) ---WRITE ESIM---: Wrote AT+CSQ
 bytes[0m
[0;32mI (27676) RX_TASK_ESIM: 
-------------Read 21 bytes: '
+CSQ: 26,99

OK
'-------------------[0m
[0;32mI (27776) ---WRITE ESIM---: Wrote AT+CMQTTSTART
 bytes[0m
[0;32mI (27876) RX_TASK_ESIM: 
-------------Read 24 bytes: '
OK

+CMQTTSTART: 0
'-------------------[0m
[0;32mI (27976) ---WRITE ESIM---: Wrote AT+CMQTTACCQ=0,"sw000180",0
 bytes[0m
[0;32mI (28076) RX_TASK_ESIM: 
-------------Read 6 bytes: '
OK
'-------------------[0m
[0;32mI (28176) ---WRITE ESIM---: Wrote AT+CMQTTCONNECT=0,"tcp://mqtt.agriconnect.vn:1883",60,1,"mqttnode","congamo"
 bytes[0m
[0;32mI (28446) RX_TASK_ESIM: 
-------------Read 28 bytes: '
OK

+CMQTTCONNECT: 0,0
'-------------------[0m
Guru Meditation Error: Core  0 panic'ed (LoadProhibited). Exception was unhandled.

Core  0 register dump:
PC      : 0x420116c0  PS      : 0x00060e30  A0      : 0x82010b1c  A1      : 0x3fca50c0  
A2      : 0x3fca52b4  A3      : 0x3fca53e0  A4      : 0x00000019  A5      : 0x00000019  
A6      : 0x3fca5460  A7      : 0x00000000  A8      : 0x00000000  A9      : 0x00000000  
A10     : 0x00000000  A11     : 0x00000000  A12     : 0x000000ff  A13     : 0x0000ff00  
A14     : 0x00ff0000  A15     : 0xff000000  SAR     : 0x00000004  EXCCAUSE: 0x0000001c  
EXCVADDR: 0x00000019  LBEG    : 0x400556d5  LEND    : 0x400556e5  LCOUNT  : 0xffffffff  


Backtrace: 0x420116bd:0x3fca50c0 0x42010b19:0x3fca53e0 0x4200889a:0x3fca54a0 0x4037b3cd:0x3fca54c0




ELF file SHA256: c0f9f7140

Rebooting...
ï¿½ï¿½ï¿½ESP-ROM:esp32s3-20210327
Build:Mar 27 2021
rst:0xc (RTC_SW_CPU_RST),boot:0xb (SPI_FAST_FLASH_BOOT)
Saved PC:0x40375940
SPIWP:0xee
mode:DIO, clock div:1
load:0x3fce3810,len:0x178c
load:0x403c9700,len:0x4
load:0x403c9704,len:0xcbc
load:0x403cc700,len:0x2da0
entry 0x403c9914
[0;32mI (31) boot: ESP-IDF HEAD-HASH-NOTFOUND 2nd stage bootloader[0m
[0;32mI (31) boot: compile time Mar 25 2024 11:26:55[0m
[0;32mI (31) boot: Multicore bootloader[0m
[0;32mI (35) boot: chip revision: v0.2[0m
[0;32mI (39) boot.esp32s3: Boot SPI Speed : 80MHz[0m
[0;32mI (44) boot.esp32s3: SPI Mode       : DIO[0m
[0;32mI (49) boot.esp32s3: SPI Flash Size : 8MB[0m
[0;32mI (53) boot: Enabling RNG early entropy source...[0m
[0;32mI (59) boot: Partition Table:[0m
[0;32mI (62) boot: ## Label            Usage          Type ST Offset   Length[0m
[0;32mI (70) boot:  0 nvs              WiFi data        01 02 00009000 00006000[0m
[0;32mI (77) boot:  1 phy_init         RF data          01 01 0000f000 00001000[0m
[0;32mI (85) boot:  2 factory          factory app      00 00 00010000 00100000[0m
[0;32mI (92) boot: End of partition table[0m
[0;32mI (96) esp_image: segment 0: paddr=00010020 vaddr=3c020020 size=0e684h ( 59012) map[0m
[0;32mI (115) esp_image: segment 1: paddr=0001e6ac vaddr=3fc93000 size=0196ch (  6508) load[0m
[0;32mI (117) esp_image: segment 2: paddr=00020020 vaddr=42000020 size=1fe3ch (130620) map[0m
[0;32mI (145) esp_image: segment 3: paddr=0003fe64 vaddr=3fc9496c size=09110h ( 37136) load[0m
[0;32mI (153) esp_image: segment 4: paddr=00048f7c vaddr=40374000 size=0ef7ch ( 61308) load[0m
[0;32mI (174) boot: Loaded app from partition at offset 0x10000[0m
[0;32mI (175) boot: Disabling RNG early entropy source...[0m
[0;32mI (186) cpu_start: Multicore app[0m
[0;32mI (196) cpu_start: Pro cpu start user code[0m
[0;32mI (196) cpu_start: cpu freq: 160000000 Hz[0m
[0;32mI (196) cpu_start: Application information:[0m
[0;32mI (199) cpu_start: Project name:     mantis_solenoid_esim[0m
[0;32mI (205) cpu_start: App version:      1b36264-dirty[0m
[0;32mI (210) cpu_start: Compile time:     May  8 2024 15:03:26[0m
[0;32mI (216) cpu_start: ELF file SHA256:  c0f9f7140...[0m
[0;32mI (222) cpu_start: ESP-IDF:          v5.2.1-dirty[0m
[0;32mI (227) cpu_start: Min chip rev:     v0.0[0m
[0;32mI (232) cpu_start: Max chip rev:     v0.99 [0m
[0;32mI (237) cpu_start: Chip rev:         v0.2[0m
[0;32mI (241) heap_init: Initializing. RAM available for dynamic allocation:[0m
[0;32mI (249) heap_init: At 3FC9E408 len 0004B308 (300 KiB): RAM[0m
[0;32mI (255) heap_init: At 3FCE9710 len 00005724 (21 KiB): RAM[0m
[0;32mI (261) heap_init: At 3FCF0000 len 00008000 (32 KiB): DRAM[0m
[0;32mI (267) heap_init: At 600FE010 len 00001FD8 (7 KiB): RTCRAM[0m
[0;32mI (274) spi_flash: detected chip: gd[0m
[0;32mI (277) spi_flash: flash io: dio[0m
[0;32mI (282) sleep: Configure to isolate all GPIO pins in sleep state[0m
[0;32mI (288) sleep: Enable automatic switching of GPIO sleep configuration[0m
[0;32mI (296) main_task: Started on CPU0[0m
[0;32mI (306) main_task: Calling app_main()[0m
[0;32mI (306) ----MQTT Esim----: ----------------------Create UART -------------------------------- 
[0m
[0;32mI (316) gpio: GPIO[42]| InputEn: 0| OutputEn: 0| OpenDrain: 0| Pullup: 1| Pulldown: 0| Intr:0 [0m
[0;32mI (326) gpio: GPIO[3]| InputEn: 0| OutputEn: 0| OpenDrain: 0| Pullup: 1| Pulldown: 0| Intr:0 [0m
[0;32mI (336) gpio: GPIO[46]| InputEn: 0| OutputEn: 0| OpenDrain: 0| Pullup: 1| Pulldown: 0| Intr:0 [0m
[0;32mI (346) gpio: GPIO[9]| InputEn: 0| OutputEn: 0| OpenDrain: 0| Pullup: 1| Pulldown: 0| Intr:0 [0m
[0;32mI (346) gpio: GPIO[10]| InputEn: 0| OutputEn: 0| OpenDrain: 0| Pullup: 1| Pulldown: 0| Intr:0 [0m
[0;32mI (356) gpio: GPIO[4]| InputEn: 0| OutputEn: 0| OpenDrain: 0| Pullup: 1| Pulldown: 0| Intr:0 [0m
[0;32mI (366) ----MQTT Esim----: -----------------Esim config------------------[0m
[0;32mI (376) ----MQTT Esim----: -----------------Activated Module Sim------------------[0m
[0;32mI (7586) ----MQTT Esim----: -----------------Running Module Sim ------------------[0m
[0;32mI (7686) RX_TASK_ESIM: 
-------------Read 75 bytes: '
+CGEV: ME DETACH

+CGEV: NW PDN DEACT 1

+CMQTTCONNLOST: 0,3
'-------------------[0m
[0;32mI (16576) RX_TASK_ESIM: 
-------------Read 16 bytes: '
+CPIN: READY
'-------------------[0m
[0;32mI (16826) RX_TASK_ESIM: 
-------------Read 15 bytes: '
*ATREADY: 1
'-------------------[0m
[0;32mI (17796) RX_TASK_ESIM: 
-------------Read 12 bytes: '
SMS DONE
'-------------------[0m
[0;32mI (24006) RX_TASK_ESIM: 
-------------Read 24 bytes: '
+CGEV: EPS PDN ACT 1
'-------------------[0m
[0;32mI (27076) RX_TASK_ESIM: 
-------------Read 11 bytes: '
PB DONE
'-------------------[0m
-----------PB DONE-----------
[0;32mI (27076) ---WRITE ESIM---: Wrote AT
 bytes[0m
[0;32mI (27086) ----PWM_50Hz----: -----------------CREATE PWM 50Hz------------------[0m
[0;32mI (27086) main_task: Returned from app_main()[0m
[0;32mI (27226) RX_TASK_ESIM: 
-------------Read 9 bytes: 'AT
OK
'-------------------[0m
[0;32mI (27286) ---WRITE ESIM---: Wrote ATE0
 bytes[0m
[0;32mI (27386) RX_TASK_ESIM: 
-------------Read 11 bytes: 'ATE0
OK
'-------------------[0m
[0;32mI (27486) ---WRITE ESIM---: Wrote AT+CSQ
 bytes[0m
[0;32mI (27586) RX_TASK_ESIM: 
-------------Read 21 bytes: '
+CSQ: 25,99

OK
'-------------------[0m
[0;32mI (27686) ---WRITE ESIM---: Wrote AT+CMQTTSTART
 bytes[0m
[0;32mI (27786) RX_TASK_ESIM: 
-------------Read 24 bytes: '
OK

+CMQTTSTART: 0
'-------------------[0m
[0;32mI (27886) ---WRITE ESIM---: Wrote AT+CMQTTACCQ=0,"sw000180",0
 bytes[0m
[0;32mI (27986) RX_TASK_ESIM: 
-------------Read 6 bytes: '
OK
'-------------------[0m
[0;32mI (28086) ---WRITE ESIM---: Wrote AT+CMQTTCONNECT=0,"tcp://mqtt.agriconnect.vn:1883",60,1,"mqttnode","congamo"
 bytes[0m
[0;32mI (28316) RX_TASK_ESIM: 
-------------Read 28 bytes: '
OK

+CMQTTCONNECT: 0,0
'-------------------[0m
Guru Meditation Error: Core  0 panic'ed (LoadProhibited). Exception was unhandled.

Core  0 register dump:
PC      : 0x420116c0  PS      : 0x00060630  A0      : 0x82010b1c  A1      : 0x3fca50c0  
A2      : 0x3fca52b4  A3      : 0x3fca53e0  A4      : 0x00000019  A5      : 0x00000019  
A6      : 0x3fca5460  A7      : 0x00000000  A8      : 0x00000000  A9      : 0x00000000  
A10     : 0x00000000  A11     : 0x00000000  A12     : 0x000000ff  A13     : 0x0000ff00  
A14     : 0x00ff0000  A15     : 0xff000000  SAR     : 0x00000004  EXCCAUSE: 0x0000001c  
EXCVADDR: 0x00000019  LBEG    : 0x400556d5  LEND    : 0x400556e5  LCOUNT  : 0xffffffff  


Backtrace: 0x420116bd:0x3fca50c0 0x42010b19:0x3fca53e0 0x4200889a:0x3fca54a0 0x4037b3cd:0x3fca54c0




ELF file SHA256: c0f9f7140

Rebooting...
ï¿½ï¿½ï¿½ESP-ROM:esp32s3-20210327
Build:Mar 27 2021
rst:0xc (RTC_SW_CPU_RST),boot:0xb (SPI_FAST_FLASH_BOOT)
Saved PC:0x40375940
SPIWP:0xee
mode:DIO, clock div:1
load:0x3fce3810,len:0x178c
load:0x403c9700,len:0x4
load:0x403c9704,len:0xcbc
load:0x403cc700,len:0x2da0
entry 0x403c9914
[0;32mI (31) boot: ESP-IDF HEAD-HASH-NOTFOUND 2nd stage bootloader[0m
[0;32mI (31) boot: compile time Mar 25 2024 11:26:55[0m
[0;32mI (31) boot: Multicore bootloader[0m
[0;32mI (35) boot: chip revision: v0.2[0m
[0;32mI (39) boot.esp32s3: Boot SPI Speed : 80MHz[0m
[0;32mI (44) boot.esp32s3: SPI Mode       : DIO[0m
[0;32mI (49) boot.esp32s3: SPI Flash Size : 8MB[0m
[0;32mI (53) boot: Enabling RNG early entropy source...[0m
[0;32mI (59) boot: Partition Table:[0m
[0;32mI (62) boot: ## Label            Usage          Type ST Offset   Length[0m
[0;32mI (70) boot:  0 nvs              WiFi data        01 02 00009000 00006000[0m
[0;32mI (77) boot:  1 phy_init         RF data          01 01 0000f000 00001000[0m
[0;32mI (85) boot:  2 factory          factory app      00 00 00010000 00100000[0m
[0;32mI (92) boot: End of partition table[0m
[0;32mI (96) esp_image: segment 0: paddr=00010020 vaddr=3c020020 size=0e684h ( 59012) map[0m
[0;32mI (115) esp_image: segment 1: paddr=0001e6ac vaddr=3fc93000 size=0196ch (  6508) load[0m
[0;32mI (117) esp_image: segment 2: paddr=00020020 vaddr=42000020 size=1fe3ch (130620) map[0m
[0;32mI (145) esp_image: segment 3: paddr=0003fe64 vaddr=3fc9496c size=09110h ( 37136) load[0m
[0;32mI (153) esp_image: segment 4: paddr=00048f7c vaddr=40374000 size=0ef7ch ( 61308) load[0m
[0;32mI (174) boot: Loaded app from partition at offset 0x10000[0m
[0;32mI (175) boot: Disabling RNG early entropy source...[0m
[0;32mI (186) cpu_start: Multicore app[0m
[0;32mI (196) cpu_start: Pro cpu start user code[0m
[0;32mI (196) cpu_start: cpu freq: 160000000 Hz[0m
[0;32mI (196) cpu_start: Application information:[0m
[0;32mI (199) cpu_start: Project name:     mantis_solenoid_esim[0m
[0;32mI (205) cpu_start: App version:      1b36264-dirty[0m
[0;32mI (210) cpu_start: Compile time:     May  8 2024 15:03:26[0m
[0;32mI (216) cpu_start: ELF file SHA256:  c0f9f7140...[0m
[0;32mI (222) cpu_start: ESP-IDF:          v5.2.1-dirty[0m
[0;32mI (227) cpu_start: Min chip rev:     v0.0[0m
[0;32mI (232) cpu_start: Max chip rev:     v0.99 [0m
[0;32mI (237) cpu_start: Chip rev:         v0.2[0m
[0;32mI (241) heap_init: Initializing. RAM available for dynamic allocation:[0m
[0;32mI (249) heap_init: At 3FC9E408 len 0004B308 (300 KiB): RAM[0m
[0;32mI (255) heap_init: At 3FCE9710 len 00005724 (21 KiB): RAM[0m
[0;32mI (261) heap_init: At 3FCF0000 len 00008000 (32 KiB): DRAM[0m
[0;32mI (267) heap_init: At 600FE010 len 00001FD8 (7 KiB): RTCRAM[0m
[0;32mI (274) spi_flash: detected chip: gd[0m
[0;32mI (277) spi_flash: flash io: dio[0m
[0;32mI (282) sleep: Configure to isolate all GPIO pins in sleep state[0m
[0;32mI (288) sleep: Enable automatic switching of GPIO sleep configuration[0m
[0;32mI (296) main_task: Started on CPU0[0m
[0;32mI (306) main_task: Calling app_main()[0m
[0;32mI (306) ----MQTT Esim----: ----------------------Create UART -------------------------------- 
[0m
[0;32mI (316) gpio: GPIO[42]| InputEn: 0| OutputEn: 0| OpenDrain: 0| Pullup: 1| Pulldown: 0| Intr:0 [0m
[0;32mI (326) gpio: GPIO[3]| InputEn: 0| OutputEn: 0| OpenDrain: 0| Pullup: 1| Pulldown: 0| Intr:0 [0m
[0;32mI (336) gpio: GPIO[46]| InputEn: 0| OutputEn: 0| OpenDrain: 0| Pullup: 1| Pulldown: 0| Intr:0 [0m
[0;32mI (346) gpio: GPIO[9]| InputEn: 0| OutputEn: 0| OpenDrain: 0| Pullup: 1| Pulldown: 0| Intr:0 [0m
[0;32mI (346) gpio: GPIO[10]| InputEn: 0| OutputEn: 0| OpenDrain: 0| Pullup: 1| Pulldown: 0| Intr:0 [0m
[0;32mI (356) gpio: GPIO[4]| InputEn: 0| OutputEn: 0| OpenDrain: 0| Pullup: 1| Pulldown: 0| Intr:0 [0m
[0;32mI (366) ----MQTT Esim----: -----------------Esim config------------------[0m
[0;32mI (376) ----MQTT Esim----: -----------------Activated Module Sim------------------[0m
[0;32mI (7586) ----MQTT Esim----: -----------------Running Module Sim ------------------[0m
[0;32mI (7686) RX_TASK_ESIM: 
-------------Read 72 bytes: '
+CGEV: ME DETACH

+CGEV: NW PDN DEACT 1

+CMQTTCONNLOST: 0,3
'-------------------[0m
[0;32mI (16866) RX_TASK_ESIM: 
-------------Read 31 bytes: '
+CPIN: READY

*ATREADY: 1
'-------------------[0m
[0;32mI (17846) RX_TASK_ESIM: 
-------------Read 12 bytes: '
SMS DONE
'-------------------[0m
[0;32mI (21656) RX_TASK_ESIM: 
-------------Read 24 bytes: '
+CGEV: EPS PDN ACT 1
'-------------------[0m
[0;32mI (27266) RX_TASK_ESIM: 
-------------Read 11 bytes: '
PB DONE
'-------------------[0m
-----------PB DONE-----------
[0;32mI (27266) ---WRITE ESIM---: Wrote AT
 bytes[0m
[0;32mI (27276) ----PWM_50Hz----: -----------------CREATE PWM 50Hz------------------[0m
[0;32mI (27276) main_task: Returned from app_main()[0m
[0;32mI (27416) RX_TASK_ESIM: 
-------------Read 9 bytes: 'AT
OK
'-------------------[0m
[0;32mI (27476) ---WRITE ESIM---: Wrote ATE0
 bytes[0m
[0;32mI (27576) RX_TASK_ESIM: 
-------------Read 11 bytes: 'ATE0
OK
'-------------------[0m
[0;32mI (27676) ---WRITE ESIM---: Wrote AT+CSQ
 bytes[0m
[0;32mI (27776) RX_TASK_ESIM: 
-------------Read 21 bytes: '
+CSQ: 25,99

OK
'-------------------[0m
[0;32mI (27876) ---WRITE ESIM---: Wrote AT+CMQTTSTART
 bytes[0m
[0;32mI (27976) RX_TASK_ESIM: 
-------------Read 24 bytes: '
OK

+CMQTTSTART: 0
'-------------------[0m
[0;32mI (28076) ---WRITE ESIM---: Wrote AT+CMQTTACCQ=0,"sw000180",0
 bytes[0m
[0;32mI (28176) RX_TASK_ESIM: 
-------------Read 6 bytes: '
OK
'-------------------[0m
[0;32mI (28276) ---WRITE ESIM---: Wrote AT+CMQTTCONNECT=0,"tcp://mqtt.agriconnect.vn:1883",60,1,"mqttnode","congamo"
 bytes[0m
[0;32mI (28506) RX_TASK_ESIM: 
-------------Read 28 bytes: '
OK

+CMQTTCONNECT: 0,0
'-------------------[0m
Guru Meditation Error: Core  0 panic'ed (LoadProhibited). Exception was unhandled.

Core  0 register dump:
PC      : 0x420116c0  PS      : 0x00060630  A0      : 0x82010b1c  A1      : 0x3fca50c0  
A2      : 0x3fca52b4  A3      : 0x3fca53e0  A4      : 0x00000019  A5      : 0x00000019  
A6      : 0x3fca5460  A7      : 0x00000000  A8      : 0x00000000  A9      : 0x00000000  
A10     : 0x00000000  A11     : 0x00000000  A12     : 0x000000ff  A13     : 0x0000ff00  
A14     : 0x00ff0000  A15     : 0xff000000  SAR     : 0x00000004  EXCCAUSE: 0x0000001c  
EXCVADDR: 0x00000019  LBEG    : 0x400556d5  LEND    : 0x400556e5  LCOUNT  : 0xffffffff  


Backtrace: 0x420116bd:0x3fca50c0 0x42010b19:0x3fca53e0 0x4200889a:0x3fca54a0 0x4037b3cd:0x3fca54c0




ELF file SHA256: c0f9f7140

Rebooting...
ï¿½ï¿½ï¿½ESP-ROM:esp32s3-20210327
Build:Mar 27 2021
rst:0xc (RTC_SW_CPU_RST),boot:0xb (SPI_FAST_FLASH_BOOT)
Saved PC:0x40375940
SPIWP:0xee
mode:DIO, clock div:1
load:0x3fce3810,len:0x178c
load:0x403c9700,len:0x4
load:0x403c9704,len:0xcbc
load:0x403cc700,len:0x2da0
entry 0x403c9914
[0;32mI (31) boot: ESP-IDF HEAD-HASH-NOTFOUND 2nd stage bootloader[0m
[0;32mI (31) boot: compile time Mar 25 2024 11:26:55[0m
[0;32mI (31) boot: Multicore bootloader[0m
[0;32mI (35) boot: chip revision: v0.2[0m
[0;32mI (39) boot.esp32s3: Boot SPI Speed : 80MHz[0m
[0;32mI (44) boot.esp32s3: SPI Mode       : DIO[0m
[0;32mI (49) boot.esp32s3: SPI Flash Size : 8MB[0m
[0;32mI (53) boot: Enabling RNG early entropy source...[0m
[0;32mI (59) boot: Partition Table:[0m
[0;32mI (62) boot: ## Label            Usage          Type ST Offset   Length[0m
[0;32mI (70) boot:  0 nvs              WiFi data        01 02 00009000 00006000[0m
[0;32mI (77) boot:  1 phy_init         RF data          01 01 0000f000 00001000[0m
[0;32mI (85) boot:  2 factory          factory app      00 00 00010000 00100000[0m
[0;32mI (92) boot: End of partition table[0m
[0;32mI (96) esp_image: segment 0: paddr=00010020 vaddr=3c020020 size=0e684h ( 59012) map[0m
[0;32mI (115) esp_image: segment 1: paddr=0001e6ac vaddr=3fc93000 size=0196ch (  6508) load[0m
[0;32mI (117) esp_image: segment 2: paddr=00020020 vaddr=42000020 size=1fe3ch (130620) map[0m
[0;32mI (145) esp_image: segment 3: paddr=0003fe64 vaddr=3fc9496c size=09110h ( 37136) load[0m
[0;32mI (153) esp_image: segment 4: paddr=00048f7c vaddr=40374000 size=0ef7ch ( 61308) load[0m
[0;32mI (174) boot: Loaded app from partition at offset 0x10000[0m
[0;32mI (175) boot: Disabling RNG early entropy source...[0m
[0;32mI (186) cpu_start: Multicore app[0m
[0;32mI (196) cpu_start: Pro cpu start user code[0m
[0;32mI (196) cpu_start: cpu freq: 160000000 Hz[0m
[0;32mI (196) cpu_start: Application information:[0m
[0;32mI (199) cpu_start: Project name:     mantis_solenoid_esim[0m
[0;32mI (205) cpu_start: App version:      1b36264-dirty[0m
[0;32mI (210) cpu_start: Compile time:     May  8 2024 15:03:26[0m
[0;32mI (216) cpu_start: ELF file SHA256:  c0f9f7140...[0m
[0;32mI (222) cpu_start: ESP-IDF:          v5.2.1-dirty[0m
[0;32mI (227) cpu_start: Min chip rev:     v0.0[0m
[0;32mI (232) cpu_start: Max chip rev:     v0.99 [0m
[0;32mI (237) cpu_start: Chip rev:         v0.2[0m
[0;32mI (241) heap_init: Initializing. RAM available for dynamic allocation:[0m
[0;32mI (249) heap_init: At 3FC9E408 len 0004B308 (300 KiB): RAM[0m
[0;32mI (255) heap_init: At 3FCE9710 len 00005724 (21 KiB): RAM[0m
[0;32mI (261) heap_init: At 3FCF0000 len 00008000 (32 KiB): DRAM[0m
[0;32mI (267) heap_init: At 600FE010 len 00001FD8 (7 KiB): RTCRAM[0m
[0;32mI (274) spi_flash: detected chip: gd[0m
[0;32mI (277) spi_flash: flash io: dio[0m
[0;32mI (282) sleep: Configure to isolate all GPIO pins in sleep state[0m
[0;32mI (288) sleep: Enable automatic switching of GPIO sleep configuration[0m
[0;32mI (296) main_task: Started on CPU0[0m
[0;32mI (306) main_task: Calling app_main()[0m
[0;32mI (306) ----MQTT Esim----: ----------------------Create UART -------------------------------- 
[0m
[0;32mI (316) gpio: GPIO[42]| InputEn: 0| OutputEn: 0| OpenDrain: 0| Pullup: 1| Pulldown: 0| Intr:0 [0m
[0;32mI (326) gpio: GPIO[3]| InputEn: 0| OutputEn: 0| OpenDrain: 0| Pullup: 1| Pulldown: 0| Intr:0 [0m
[0;32mI (336) gpio: GPIO[46]| InputEn: 0| OutputEn: 0| OpenDrain: 0| Pullup: 1| Pulldown: 0| Intr:0 [0m
[0;32mI (346) gpio: GPIO[9]| InputEn: 0| OutputEn: 0| OpenDrain: 0| Pullup: 1| Pulldown: 0| Intr:0 [0m
[0;32mI (346) gpio: GPIO[10]| InputEn: 0| OutputEn: 0| OpenDrain: 0| Pullup: 1| Pulldown: 0| Intr:0 [0m
[0;32mI (356) gpio: GPIO[4]| InputEn: 0| OutputEn: 0| OpenDrain: 0| Pullup: 1| Pulldown: 0| Intr:0 [0m
[0;32mI (366) ----MQTT Esim----: -----------------Esim config------------------[0m
[0;32mI (376) ----MQTT Esim----: -----------------Activated Module Sim------------------[0m
[0;32mI (7586) ----MQTT Esim----: -----------------Running Module Sim ------------------[0m
[0;32mI (7686) RX_TASK_ESIM: 
-------------Read 74 bytes: '
+CGEV: ME DETACH

+CGEV: NW PDN DEACT 1

+CMQTTCONNLOST: 0,3
'-------------------[0m
[0;32mI (16826) RX_TASK_ESIM: 
-------------Read 31 bytes: '
+CPIN: READY

*ATREADY: 1
'-------------------[0m
[0;32mI (17806) RX_TASK_ESIM: 
-------------Read 12 bytes: '
SMS DONE
'-------------------[0m
[0;32mI (22006) RX_TASK_ESIM: 
-------------Read 24 bytes: '
+CGEV: EPS PDN ACT 1
'-------------------[0m
[0;32mI (27256) RX_TASK_ESIM: 
-------------Read 11 bytes: '
PB DONE
'-------------------[0m
-----------PB DONE-----------
[0;32mI (27256) ---WRITE ESIM---: Wrote AT
 bytes[0m
[0;32mI (27266) ----PWM_50Hz----: -----------------CREATE PWM 50Hz------------------[0m
[0;32mI (27266) main_task: Returned from app_main()[0m
[0;32mI (27406) RX_TASK_ESIM: 
-------------Read 9 bytes: 'AT
OK
'-------------------[0m
[0;32mI (27466) ---WRITE ESIM---: Wrote ATE0
 bytes[0m
[0;32mI (27566) RX_TASK_ESIM: 
-------------Read 11 bytes: 'ATE0
OK
'-------------------[0m
[0;32mI (27666) ---WRITE ESIM---: Wrote AT+CSQ
 bytes[0m
[0;32mI (27766) RX_TASK_ESIM: 
-------------Read 21 bytes: '
+CSQ: 24,99

OK
'-------------------[0m
[0;32mI (27866) ---WRITE ESIM---: Wrote AT+CMQTTSTART
 bytes[0m
[0;32mI (27966) RX_TASK_ESIM: 
-------------Read 24 bytes: '
OK

+CMQTTSTART: 0
'-------------------[0m
[0;32mI (28066) ---WRITE ESIM---: Wrote AT+CMQTTACCQ=0,"sw000180",0
 bytes[0m
[0;32mI (28166) RX_TASK_ESIM: 
-------------Read 6 bytes: '
OK
'-------------------[0m
[0;32mI (28266) ---WRITE ESIM---: Wrote AT+CMQTTCONNECT=0,"tcp://mqtt.agriconnect.vn:1883",60,1,"mqttnode","congamo"
 bytes[0m
[0;32mI (28526) RX_TASK_ESIM: 
-------------Read 28 bytes: '
OK

+CMQTTCONNECT: 0,0
'-------------------[0m
Guru Meditation Error: Core  0 panic'ed (LoadProhibited). Exception was unhandled.

Core  0 register dump:
PC      : 0x420116c0  PS      : 0x00060e30  A0      : 0x82010b1c  A1      : 0x3fca50c0  
A2      : 0x3fca52b4  A3      : 0x3fca53e0  A4      : 0x00000019  A5      : 0x00000019  
A6      : 0x3fca5460  A7      : 0x00000000  A8      : 0x00000000  A9      : 0x00000000  
A10     : 0x00000000  A11     : 0x00000000  A12     : 0x000000ff  A13     : 0x0000ff00  
A14     : 0x00ff0000  A15     : 0xff000000  SAR     : 0x00000004  EXCCAUSE: 0x0000001c  
EXCVADDR: 0x00000019  LBEG    : 0x400556d5  LEND    : 0x400556e5  LCOUNT  : 0xffffffff  


Backtrace: 0x420116bd:0x3fca50c0 0x42010b19:0x3fca53e0 0x4200889a:0x3fca54a0 0x4037b3cd:0x3fca54c0




ELF file SHA256: c0f9f7140

Rebooting...
ï¿½ï¿½ï¿½ESP-ROM:esp32s3-20210327
Build:Mar 27 2021
rst:0xc (RTC_SW_CPU_RST),boot:0xb (SPI_FAST_FLASH_BOOT)
Saved PC:0x40375940
SPIWP:0xee
mode:DIO, clock div:1
load:0x3fce3810,len:0x178c
load:0x403c9700,len:0x4
load:0x403c9704,len:0xcbc
load:0x403cc700,len:0x2da0
entry 0x403c9914
[0;32mI (31) boot: ESP-IDF HEAD-HASH-NOTFOUND 2nd stage bootloader[0m
[0;32mI (31) boot: compile time Mar 25 2024 11:26:55[0m
[0;32mI (31) boot: Multicore bootloader[0m
[0;32mI (35) boot: chip revision: v0.2[0m
[0;32mI (39) boot.esp32s3: Boot SPI Speed : 80MHz[0m
[0;32mI (44) boot.esp32s3: SPI Mode       : DIO[0m
[0;32mI (49) boot.esp32s3: SPI Flash Size : 8MB[0m
[0;32mI (53) boot: Enabling RNG early entropy source...[0m
[0;32mI (59) boot: Partition Table:[0m
[0;32mI (62) boot: ## Label            Usage          Type ST Offset   Length[0m
[0;32mI (70) boot:  0 nvs              WiFi data        01 02 00009000 00006000[0m
[0;32mI (77) boot:  1 phy_init         RF data          01 01 0000f000 00001000[0m
[0;32mI (85) boot:  2 factory          factory app      00 00 00010000 00100000[0m
[0;32mI (92) boot: End of partition table[0m
[0;32mI (96) esp_image: segment 0: paddr=00010020 vaddr=3c020020 size=0e684h ( 59012) map[0m
[0;32mI (115) esp_image: segment 1: paddr=0001e6ac vaddr=3fc93000 size=0196ch (  6508) load[0m
[0;32mI (117) esp_image: segment 2: paddr=00020020 vaddr=42000020 size=1fe3ch (130620) map[0m
[0;32mI (145) esp_image: segment 3: paddr=0003fe64 vaddr=3fc9496c size=09110h ( 37136) load[0m
[0;32mI (153) esp_image: segment 4: paddr=00048f7c vaddr=40374000 size=0ef7ch ( 61308) load[0m
[0;32mI (174) boot: Loaded app from partition at offset 0x10000[0m
[0;32mI (175) boot: Disabling RNG early entropy source...[0m
[0;32mI (186) cpu_start: Multicore app[0m
[0;32mI (196) cpu_start: Pro cpu start user code[0m
[0;32mI (196) cpu_start: cpu freq: 160000000 Hz[0m
[0;32mI (196) cpu_start: Application information:[0m
[0;32mI (199) cpu_start: Project name:     mantis_solenoid_esim[0m
[0;32mI (205) cpu_start: App version:      1b36264-dirty[0m
[0;32mI (210) cpu_start: Compile time:     May  8 2024 15:03:26[0m
[0;32mI (216) cpu_start: ELF file SHA256:  c0f9f7140...[0m
[0;32mI (222) cpu_start: ESP-IDF:          v5.2.1-dirty[0m
[0;32mI (227) cpu_start: Min chip rev:     v0.0[0m
[0;32mI (232) cpu_start: Max chip rev:     v0.99 [0m
[0;32mI (237) cpu_start: Chip rev:         v0.2[0m
[0;32mI (241) heap_init: Initializing. RAM available for dynamic allocation:[0m
[0;32mI (249) heap_init: At 3FC9E408 len 0004B308 (300 KiB): RAM[0m
[0;32mI (255) heap_init: At 3FCE9710 len 00005724 (21 KiB): RAM[0m
[0;32mI (261) heap_init: At 3FCF0000 len 00008000 (32 KiB): DRAM[0m
[0;32mI (267) heap_init: At 600FE010 len 00001FD8 (7 KiB): RTCRAM[0m
[0;32mI (274) spi_flash: detected chip: gd[0m
[0;32mI (277) spi_flash: flash io: dio[0m
[0;32mI (282) sleep: Configure to isolate all GPIO pins in sleep state[0m
[0;32mI (288) sleep: Enable automatic switching of GPIO sleep configuration[0m
[0;32mI (296) main_task: Started on CPU0[0m
[0;32mI (306) main_task: Calling app_main()[0m
[0;32mI (306) ----MQTT Esim----: ----------------------Create UART -------------------------------- 
[0m
[0;32mI (316) gpio: GPIO[42]| InputEn: 0| OutputEn: 0| OpenDrain: 0| Pullup: 1| Pulldown: 0| Intr:0 [0m
[0;32mI (326) gpio: GPIO[3]| InputEn: 0| OutputEn: 0| OpenDrain: 0| Pullup: 1| Pulldown: 0| Intr:0 [0m
[0;32mI (336) gpio: GPIO[46]| InputEn: 0| OutputEn: 0| OpenDrain: 0| Pullup: 1| Pulldown: 0| Intr:0 [0m
[0;32mI (346) gpio: GPIO[9]| InputEn: 0| OutputEn: 0| OpenDrain: 0| Pullup: 1| Pulldown: 0| Intr:0 [0m
[0;32mI (346) gpio: GPIO[10]| InputEn: 0| OutputEn: 0| OpenDrain: 0| Pullup: 1| Pulldown: 0| Intr:0 [0m
[0;32mI (356) gpio: GPIO[4]| InputEn: 0| OutputEn: 0| OpenDrain: 0| Pullup: 1| Pulldown: 0| Intr:0 [0m
[0;32mI (366) ----MQTT Esim----: -----------------Esim config------------------[0m
[0;32mI (376) ----MQTT Esim----: -----------------Activated Module Sim------------------[0m
