ESP-ROM:esp32s3-20210327
Build:Mar 27 2021
rst:0x1 (POWERON),boot:0xb (SPI_FAST_FLASH_BOOT)
SPIWP:0xee
mode:DIO, clock div:1
load:0x3fce3810,len:0x178c
load:0x403c9700,len:0x4
load:0x403c9704,len:0xcbc
load:0x403cc700,len:0x2da0
entry 0x403c9914
[0;32mI (27) boot: ESP-IDF HEAD-HASH-NOTFOUND 2nd stage bootloader[0m
[0;32mI (27) boot: compile time Mar 21 2024 10:58:43[0m
[0;32mI (27) boot: Multicore bootloader[0m
[0;32mI (31) boot: chip revision: v0.2[0m
[0;32mI (35) boot.esp32s3: Boot SPI Speed : 80MHz[0m
[0;32mI (40) boot.esp32s3: SPI Mode       : DIO[0m
[0;32mI (44) boot.esp32s3: SPI Flash Size : 8MB[0m
[0;32mI (49) boot: Enabling RNG early entropy source...[0m
[0;32mI (54) boot: Partition Table:[0m
[0;32mI (58) boot: ## Label            Usage          Type ST Offset   Length[0m
[0;32mI (65) boot:  0 nvs              WiFi data        01 02 00009000 00006000[0m
[0;32mI (73) boot:  1 phy_init         RF data          01 01 0000f000 00001000[0m
[0;32mI (80) boot:  2 factory          factory app      00 00 00010000 00100000[0m
[0;32mI (88) boot: End of partition table[0m
[0;32mI (92) esp_image: segment 0: paddr=00010020 vaddr=3c020020 size=0daa4h ( 55972) map[0m
[0;32mI (110) esp_image: segment 1: paddr=0001dacc vaddr=3fc92d00 size=0254ch (  9548) load[0m
[0;32mI (113) esp_image: segment 2: paddr=00020020 vaddr=42000020 size=1b3c0h (111552) map[0m
[0;32mI (137) esp_image: segment 3: paddr=0003b3e8 vaddr=3fc9524c size=00368h (   872) load[0m
[0;32mI (138) esp_image: segment 4: paddr=0003b758 vaddr=40374000 size=0eca4h ( 60580) load[0m
[0;32mI (162) boot: Loaded app from partition at offset 0x10000[0m
[0;32mI (162) boot: Disabling RNG early entropy source...[0m
[0;32mI (174) cpu_start: Multicore app[0m
[0;32mI (183) cpu_start: Pro cpu start user code[0m
[0;32mI (183) cpu_start: cpu freq: 160000000 Hz[0m
[0;32mI (183) cpu_start: Application information:[0m
[0;32mI (186) cpu_start: Project name:     mantis_solenoid_esim[0m
[0;32mI (192) cpu_start: App version:      1648bf2-dirty[0m
[0;32mI (198) cpu_start: Compile time:     Mar 22 2024 09:32:28[0m
[0;32mI (204) cpu_start: ELF file SHA256:  f3a977011...[0m
[0;32mI (209) cpu_start: ESP-IDF:          HEAD-HASH-NOTFOUND[0m
[0;32mI (215) cpu_start: Min chip rev:     v0.0[0m
[0;32mI (220) cpu_start: Max chip rev:     v0.99 [0m
[0;32mI (225) cpu_start: Chip rev:         v0.2[0m
[0;32mI (230) heap_init: Initializing. RAM available for dynamic allocation:[0m
[0;32mI (237) heap_init: At 3FC95E80 len 00053890 (334 KiB): RAM[0m
[0;32mI (243) heap_init: At 3FCE9710 len 00005724 (21 KiB): RAM[0m
[0;32mI (249) heap_init: At 3FCF0000 len 00008000 (32 KiB): DRAM[0m
[0;32mI (255) heap_init: At 600FE010 len 00001FD8 (7 KiB): RTCRAM[0m
[0;32mI (262) spi_flash: detected chip: gd[0m
[0;32mI (266) spi_flash: flash io: dio[0m
[0;32mI (270) sleep: Configure to isolate all GPIO pins in sleep state[0m
[0;32mI (277) sleep: Enable automatic switching of GPIO sleep configuration[0m
[0;32mI (284) main_task: Started on CPU0[0m
[0;32mI (294) main_task: Calling app_main()[0m
[0;32mI (294) ----MIAN----: Example configured to blink ï¿½ï¿½[0;32mI (304) ----MQTT Esim----: ----------------------Create UART -------------------------------- 
[0m
[0;32mI (304) ----MQTT Esim----: Example configured to blink GPIO LED![0m
[0;32mI (314) gpio: GPIO[42]| InputEn: 0| OutputEn: 0| OpenDrain: 0| Pullup: 1| Pulldown: 0| Intr:0 [0m
[0;32mI (324) ----MQTT Esim----: -----------------kich hoat module sim------------------[0m
AT[0;32mI (834) ---WRITE ESIM---: Wrote AT bytes[0m
[0;32mI (834) main_task: Returned from app_main()[0m
[0;32mI (934) RX_TASK_ESIM: -----------------ham nhan data------------------[0m
[0;32mI (1234) RX_TASK_ESIM: -----------------ham nhan data------------------[0m
[0;32mI (1534) RX_TASK_ESIM: -----------------ham nhan data------------------[0m
[0;32mI (1834) RX_TASK_ESIM: -----------------ham nhan data------------------[0m
[0;32mI (2134) RX_TASK_ESIM: -----------------ham nhan data------------------[0m
[0;32mI (2434) RX_TASK_ESIM: -----------------ham nhan data------------------[0m
[0;32mI (2734) RX_TASK_ESIM: -----------------ham nhan data------------------[0m
[0;32mI (3034) RX_TASK_ESIM: -----------------ham nhan data------------------[0m
[0;32mI (3334) RX_TASK_ESIM: -----------------ham nhan data------------------[0m
[0;32mI (3634) RX_TASK_ESIM: -----------------ham nhan data------------------[0m
[0;32mI (3934) RX_TASK_ESIM: -----------------ham nhan data------------------[0m
[0;32mI (4234) RX_TASK_ESIM: -----------------ham nhan data------------------[0m
[0;32mI (4534) RX_TASK_ESIM: -----------------ham nhan data------------------[0m
[0;32mI (4834) RX_TASK_ESIM: -----------------ham nhan data------------------[0m
[0;32mI (5134) RX_TASK_ESIM: -----------------ham nhan data------------------[0m
[0;32mI (5434) RX_TASK_ESIM: -----------------ham nhan data------------------[0m
[0;32mI (5734) RX_TASK_ESIM: -----------------ham nhan data------------------[0m
[0;32mI (6034) RX_TASK_ESIM: -----------------ham nhan data------------------[0m
[0;32mI (6334) RX_TASK_ESIM: -----------------ham nhan data------------------[0m
[0;32mI (6634) RX_TASK_ESIM: -----------------ham nhan data------------------[0m
[0;32mI (6934) RX_TASK_ESIM: -----------------ham nhan data------------------[0m
[0;32mI (7234) RX_TASK_ESIM: -----------------ham nhan data------------------[0m
[0;32mI (7534) RX_TASK_ESIM: -----------------ham nhan data------------------[0m
[0;32mI (7834) RX_TASK_ESIM: -----------------ham nhan data------------------[0m
[0;32mI (8134) RX_TASK_ESIM: -----------------ham nhan data------------------[0m
[0;32mI (8434) RX_TASK_ESIM: -----------------ham nhan data------------------[0m
[0;32mI (8734) RX_TASK_ESIM: -----------------ham nhan data------------------[0m
[0;32mI (9034) RX_TASK_ESIM: -----------------ham nhan data------------------[0m
[0;32mI (9334) RX_TASK_ESIM: -----------------ham nhan data------------------[0m
[0;32mI (9634) RX_TASK_ESIM: -----------------ham nhan data------------------[0m
[0;32mI (9934) RX_TASK_ESIM: -----------------ham nhan data------------------[0m
[0;32mI (10234) RX_TASK_ESIM: -----------------ham nhan data------------------[0m
[0;32mI (10534) RX_TASK_ESIM: -----------------ham nhan data------------------[0m
[0;32mI (10834) RX_TASK_ESIM: -----------------ham nhan data------------------[0m
[0;32mI (11134) RX_TASK_ESIM: -----------------ham nhan data------------------[0m
[0;32mI (11434) RX_TASK_ESIM: -----------------ham nhan data------------------[0m
[0;32mI (11734) RX_TASK_ESIM: -----------------ham nhan data------------------[0m
[0;32mI (12034) RX_TASK_ESIM: -----------------ham nhan data------------------[0m
[0;32mI (12334) RX_TASK_ESIM: -----------------ham nhan data------------------[0m
[0;32mI (12634) RX_TASK_ESIM: -----------------ham nhan data------------------[0m
[0;32mI (12934) RX_TASK_ESIM: -----------------ham nhan data------------------[0m
[0;32mI (13234) RX_TASK_ESIM: -----------------ham nhan data------------------[0m
[0;32mI (13534) RX_TASK_ESIM: -----------------ham nhan data------------------[0m
[0;32mI (13834) RX_TASK_ESIM: -----------------ham nhan data------------------[0m
[0;32mI (14134) RX_TASK_ESIM: -----------------ham nhan data------------------[0m
[0;32mI (14434) RX_TASK_ESIM: -----------------ham nhan data------------------[0m
[0;32mI (14734) RX_TASK_ESIM: -----------------ham nhan data------------------[0m
[0;32mI (15034) RX_TASK_ESIM: -----------------ham nhan data------------------[0m
[0;32mI (15334) RX_TASK_ESIM: -----------------ham nhan data------------------[0m
[0;32mI (15634) RX_TASK_ESIM: -----------------ham nhan data------------------[0m
[0;32mI (15934) RX_TASK_ESIM: -----------------ham nhan data------------------[0m
[0;32mI (16234) RX_TASK_ESIM: -----------------ham nhan data------------------[0m
[0;32mI (16534) RX_TASK_ESIM: -----------------ham nhan data------------------[0m
[0;32mI (16834) RX_TASK_ESIM: -----------------ham nhan data------------------[0m
[0;32mI (17134) RX_TASK_ESIM: -----------------ham nhan data------------------[0m
[0;32mI (17434) RX_TASK_ESIM: -----------------ham nhan data------------------[0m
[0;32mI (17734) RX_TASK_ESIM: -----------------ham nhan data------------------[0m
[0;32mI (18034) RX_TASK_ESIM: -----------------ham nhan data------------------[0m
[0;32mI (18334) RX_TASK_ESIM: -----------------ham nhan data------------------[0m
[0;32mI (18634) RX_TASK_ESIM: -----------------ham nhan data------------------[0m
[0;32mI (18934) RX_TASK_ESIM: -----------------ham nhan data------------------[0m
[0;32mI (19234) RX_TASK_ESIM: -----------------ham nhan data------------------[0m
[0;32mI (19534) RX_TASK_ESIM: -----------------ham nhan data------------------[0m
[0;32mI (19834) RX_TASK_ESIM: -----------------ham nhan data------------------[0m
[0;32mI (20134) RX_TASK_ESIM: -----------------ham nhan data------------------[0m
[0;32mI (20434) RX_TASK_ESIM: -----------------ham nhan data------------------[0m
