ESP-ROM:esp32s3-20210327
Build:Mar 27 2021
rst:0x1 (POWERON),boot:0x8 (SPI_FAST_FLASH_BOOT)
SPIWP:0xee
mode:DIO, clock div:1
load:0x3fce3810,len:0x178c
load:0x403c9700,len:0x4
load:0x403c9704,len:0xcbc
load:0x403cc700,len:0x2da0
entry 0x403c9914
[0;32mI (27) boot: ESP-IDF HEAD-HASH-NOTFOUND 2nd stage bootloader[0m
[0;32mI (27) boot: compile time Mar 21 2024 10:58:43[0m
[0;32mI (27) boot: Multicore bootloader[0m
[0;32mI (31) boot: chip revision: v0.2[0m
[0;32mI (35) boot.esp32s3: Boot SPI Speed : 80MHz[0m
[0;32mI (40) boot.esp32s3: SPI Mode       : DIO[0m
[0;32mI (44) boot.esp32s3: SPI Flash Size : 8MB[0m
[0;32mI (49) boot: Enabling RNG early entropy source...[0m
[0;32mI (54) boot: Partition Table:[0m
[0;32mI (58) boot: ## Label            Usage          Type ST Offset   Length[0m
[0;32mI (65) boot:  0 nvs              WiFi data        01 02 00009000 00006000[0m
[0;32mI (73) boot:  1 phy_init         RF data          01 01 0000f000 00001000[0m
[0;32mI (80) boot:  2 factory          factory app      00 00 00010000 00100000[0m
[0;32mI (88) boot: End of partition table[0m
[0;32mI (92) esp_image: segment 0: paddr=00010020 vaddr=3c020020 size=0d1bch ( 53692) map[0m
[0;32mI (110) esp_image: segment 1: paddr=0001d1e4 vaddr=3fc92700 size=02e34h ( 11828) load[0m
[0;32mI (113) esp_image: segment 2: paddr=00020020 vaddr=42000020 size=19bb8h (105400) map[0m
[0;32mI (136) esp_image: segment 3: paddr=00039be0 vaddr=3fc95534 size=07ad8h ( 31448) load[0m
[0;32mI (143) esp_image: segment 4: paddr=000416c0 vaddr=40374000 size=0e650h ( 58960) load[0m
[0;32mI (163) boot: Loaded app from partition at offset 0x10000[0m
[0;32mI (164) boot: Disabling RNG early entropy source...[0m
[0;32mI (175) cpu_start: Multicore app[0m
[0;32mI (185) cpu_start: Pro cpu start user code[0m
[0;32mI (185) cpu_start: cpu freq: 160000000 Hz[0m
[0;32mI (185) cpu_start: Application information:[0m
[0;32mI (188) cpu_start: Project name:     mantis_solenoid_esim[0m
[0;32mI (194) cpu_start: App version:      1[0m
[0;32mI (198) cpu_start: Compile time:     Mar 21 2024 10:58:41[0m
[0;32mI (204) cpu_start: ELF file SHA256:  cb1515cf9...[0m
[0;32mI (210) cpu_start: ESP-IDF:          HEAD-HASH-NOTFOUND[0m
[0;32mI (215) cpu_start: Min chip rev:     v0.0[0m
[0;32mI (220) cpu_start: Max chip rev:     v0.99 [0m
[0;32mI (225) cpu_start: Chip rev:         v0.2[0m
[0;32mI (230) heap_init: Initializing. RAM available for dynamic allocation:[0m
[0;32mI (237) heap_init: At 3FC9DA30 len 0004BCE0 (303 KiB): RAM[0m
[0;32mI (243) heap_init: At 3FCE9710 len 00005724 (21 KiB): RAM[0m
[0;32mI (249) heap_init: At 3FCF0000 len 00008000 (32 KiB): DRAM[0m
[0;32mI (255) heap_init: At 600FE010 len 00001FD8 (7 KiB): RTCRAM[0m
[0;32mI (263) spi_flash: detected chip: gd[0m
[0;32mI (266) spi_flash: flash io: dio[0m
[0;32mI (270) sleep: Configure to isolate all GPIO pins in sleep state[0m
[0;32mI (277) sleep: Enable automatic switching of GPIO sleep configuration[0m
[0;32mI (284) main_task: Started on CPU0[0m
[0;32mI (294) main_task: Calling app_main()[0m
[0;32mI (294) ----MIAN----: Example configured to blink GPIO LED![0m
[0;32mI (294) gpio: GPIO[4]| InputEn: 0| OutputEn: 0| OpenDrain: 0| Pullup: 1| Pulldown: 0| Intr:0 [0m
[0;32mI (324) main_task: Returned from app_main()[0m
[0;32mI (804) ----MIAN----: -----------------trang thai led 0------------------[0m

***ERROR*** A stack overflow in task Tmr Svc has been detected.


Backtrace: 0x40375932:0x3fca2d40 0x40379bc9:0x3fca2d60 0x4037aa4a:0x3fca2d80 0x4037c093:0x3fca2e00 0x4037ab10:0x3fca2e20 0x4037ab06:0x3fca2e50 0x42008171:0x00000004 |<-CORRUPTED




ELF file SHA256: cb1515cf9

Rebooting...
ESP-ROM:esp32s3-20210327
Build:Mar 27 2021
rst:0xc (RTC_SW_CPU_RST),boot:0x8 (SPI_FAST_FLASH_BOOT)
Saved PC:0x403758a8
SPIWP:0xee
mode:DIO, clock div:1
load:0x3fce3810,len:0x178c
load:0x403c9700,len:0x4
load:0x403c9704,len:0xcbc
load:0x403cc700,len:0x2da0
entry 0x403c9914
[0;32mI (31) boot: ESP-IDF HEAD-HASH-NOTFOUND 2nd stage bootloader[0m
[0;32mI (31) boot: compile time Mar 21 2024 10:58:43[0m
[0;32mI (31) boot: Multicore bootloader[0m
[0;32mI (35) boot: chip revision: v0.2[0m
[0;32mI (39) boot.esp32s3: Boot SPI Speed : 80MHz[0m
[0;32mI (44) boot.esp32s3: SPI Mode       : DIO[0m
[0;32mI (49) boot.esp32s3: SPI Flash Size : 8MB[0m
[0;32mI (53) boot: Enabling RNG early entropy source...[0m
[0;32mI (59) boot: Partition Table:[0m
[0;32mI (62) boot: ## Label            Usage          Type ST Offset   Length[0m
[0;32mI (70) boot:  0 nvs              WiFi data        01 02 00009000 00006000[0m
[0;32mI (77) boot:  1 phy_init         RF data          01 01 0000f000 00001000[0m
[0;32mI (85) boot:  2 factory          factory app      00 00 00010000 00100000[0m
[0;32mI (92) boot: End of partition table[0m
[0;32mI (96) esp_image: segment 0: paddr=00010020 vaddr=3c020020 size=0d1bch ( 53692) map[0m
[0;32mI (114) esp_image: segment 1: paddr=0001d1e4 vaddr=3fc92700 size=02e34h ( 11828) load[0m
[0;32mI (117) esp_image: segment 2: paddr=00020020 vaddr=42000020 size=19bb8h (105400) map[0m
[0;32mI (140) esp_image: segment 3: paddr=00039be0 vaddr=3fc95534 size=07ad8h ( 31448) load[0m
[0;32mI (147) esp_image: segment 4: paddr=000416c0 vaddr=40374000 size=0e650h ( 58960) load[0m
[0;32mI (168) boot: Loaded app from partition at offset 0x10000[0m
[0;32mI (168) boot: Disabling RNG early entropy source...[0m
[0;32mI (179) cpu_start: Multicore app[0m
[0;32mI (189) cpu_start: Pro cpu start user code[0m
[0;32mI (189) cpu_start: cpu freq: 160000000 Hz[0m
[0;32mI (189) cpu_start: Application information:[0m
[0;32mI (192) cpu_start: Project name:     mantis_solenoid_esim[0m
[0;32mI (198) cpu_start: App version:      1[0m
[0;32mI (202) cpu_start: Compile time:     Mar 21 2024 10:58:41[0m
[0;32mI (209) cpu_start: ELF file SHA256:  cb1515cf9...[0m
[0;32mI (214) cpu_start: ESP-IDF:          HEAD-HASH-NOTFOUND[0m
[0;32mI (220) cpu_start: Min chip rev:     v0.0[0m
[0;32mI (225) cpu_start: Max chip rev:     v0.99 [0m
[0;32mI (229) cpu_start: Chip rev:         v0.2[0m
[0;32mI (234) heap_init: Initializing. RAM available for dynamic allocation:[0m
[0;32mI (241) heap_init: At 3FC9DA30 len 0004BCE0 (303 KiB): RAM[0m
[0;32mI (247) heap_init: At 3FCE9710 len 00005724 (21 KiB): RAM[0m
[0;32mI (254) heap_init: At 3FCF0000 len 00008000 (32 KiB): DRAM[0m
[0;32mI (260) heap_init: At 600FE010 len 00001FD8 (7 KiB): RTCRAM[0m
[0;32mI (267) spi_flash: detected chip: gd[0m
[0;32mI (270) spi_flash: flash io: dio[0m
[0;32mI (274) sleep: Configure to isolate all GPIO pins in sleep state[0m
[0;32mI (281) sleep: Enable automatic switching of GPIO sleep configuration[0m
[0;32mI (288) main_task: Started on CPU0[0m
[0;32mI (298) main_task: Calling app_main()[0m
[0;32mI (298) ----MIAN----: Example configured to blink GPIO LED![0m
[0;32mI (298) gpio: GPIO[4]| InputEn: 0| OutputEn: 0| OpenDrain: 0| Pullup: 1| Pulldown: 0| Intr:0 [0m
[0;32mI (328) main_task: Returned from app_main()[0m
[0;32mI (808) ----MIAN----: -----------------trang thai led 0------------------[0m

***ERROR*** A stack overflow in task Tmr Svc has been detected.


Backtrace: 0x40375932:0x3fca2d40 0x40379bc9:0x3fca2d60 0x4037aa4a:0x3fca2d80 0x4037c093:0x3fca2e00 0x4037ab10:0x3fca2e20 0x4037ab06:0x3fca2e50 0x42008171:0x00000004 |<-CORRUPTED




ELF file SHA256: cb1515cf9

Rebooting...
ESP-ROM:esp32s3-20210327
Build:Mar 27 2021
rst:0xc (RTC_SW_CPU_RST),boot:0x8 (SPI_FAST_FLASH_BOOT)
Saved PC:0x403758a8
SPIWP:0xee
mode:DIO, clock div:1
load:0x3fce3810,len:0x178c
load:0x403c9700,len:0x4
load:0x403c9704,len:0xcbc
load:0x403cc700,len:0x2da0
entry 0x403c9914
[0;32mI (31) boot: ESP-IDF HEAD-HASH-NOTFOUND 2nd stage bootloader[0m
[0;32mI (31) boot: compile time Mar 21 2024 10:58:43[0m
[0;32mI (31) boot: Multicore bootloader[0m
[0;32mI (35) boot: chip revision: v0.2[0m
[0;32mI (39) boot.esp32s3: Boot SPI Speed : 80MHz[0m
[0;32mI (44) boot.esp32s3: SPI Mode       : DIO[0m
[0;32mI (49) boot.esp32s3: SPI Flash Size : 8MB[0m
[0;32mI (53) boot: Enabling RNG early entropy source...[0m
[0;32mI (59) boot: Partition Table:[0m
[0;32mI (62) boot: ## Label            Usage          Type ST Offset   Length[0m
[0;32mI (70) boot:  0 nvs              WiFi data        01 02 00009000 00006000[0m
[0;32mI (77) boot:  1 phy_init         RF data          01 01 0000f000 00001000[0m
[0;32mI (85) boot:  2 factory          factory app      00 00 00010000 00100000[0m
[0;32mI (92) boot: End of partition table[0m
[0;32mI (96) esp_image: segment 0: paddr=00010020 vaddr=3c020020 size=0d1bch ( 53692) map[0m
[0;32mI (114) esp_image: segment 1: paddr=0001d1e4 vaddr=3fc92700 size=02e34h ( 11828) load[0m
[0;32mI (117) esp_image: segment 2: paddr=00020020 vaddr=42000020 size=19bb8h (105400) map[0m
[0;32mI (140) esp_image: segment 3: paddr=00039be0 vaddr=3fc95534 size=07ad8h ( 31448) load[0m
[0;32mI (147) esp_image: segment 4: paddr=000416c0 vaddr=40374000 size=0e650h ( 58960) load[0m
[0;32mI (168) boot: Loaded app from partition at offset 0x10000[0m
[0;32mI (168) boot: Disabling RNG early entropy source...[0m
[0;32mI (179) cpu_start: Multicore app[0m
[0;32mI (189) cpu_start: Pro cpu start user code[0m
[0;32mI (189) cpu_start: cpu freq: 160000000 Hz[0m
[0;32mI (189) cpu_start: Application information:[0m
[0;32mI (192) cpu_start: Project name:     mantis_solenoid_esim[0m
[0;32mI (198) cpu_start: App version:      1[0m
[0;32mI (202) cpu_start: Compile time:     Mar 21 2024 10:58:41[0m
[0;32mI (209) cpu_start: ELF file SHA256:  cb1515cf9...[0m
[0;32mI (214) cpu_start: ESP-IDF:          HEAD-HASH-NOTFOUND[0m
[0;32mI (220) cpu_start: Min chip rev:     v0.0[0m
[0;32mI (225) cpu_start: Max chip rev:     v0.99 [0m
[0;32mI (229) cpu_start: Chip rev:         v0.2[0m
[0;32mI (234) heap_init: Initializing. RAM available for dynamic allocation:[0m
[0;32mI (241) heap_init: At 3FC9DA30 len 0004BCE0 (303 KiB): RAM[0m
[0;32mI (247) heap_init: At 3FCE9710 len 00005724 (21 KiB): RAM[0m
[0;32mI (254) heap_init: At 3FCF0000 len 00008000 (32 KiB): DRAM[0m
[0;32mI (260) heap_init: At 600FE010 len 00001FD8 (7 KiB): RTCRAM[0m
[0;32mI (267) spi_flash: detected chip: gd[0m
[0;32mI (270) spi_flash: flash io: dio[0m
[0;32mI (274) sleep: Configure to isolate all GPIO pins in sleep state[0m
[0;32mI (281) sleep: Enable automatic switching of GPIO sleep configuration[0m
[0;32mI (288) main_task: Started on CPU0[0m
[0;32mI (298) main_task: Calling app_main()[0m
[0;32mI (298) ----MIAN----: Example configured to blink GPIO LED![0m
[0;32mI (298) gpio: GPIO[4]| InputEn: 0| OutputEn: 0| OpenDrain: 0| Pullup: 1| Pulldown: 0| Intr:0 [0m
[0;32mI (328) main_task: Returned from app_main()[0m
[0;32mI (808) ----MIAN----: -----------------trang thai led 0------------------[0m

***ERROR*** A stack overflow in task Tmr Svc has been detected.


Backtrace: 0x40375932:0x3fca2d40 0x40379bc9:0x3fca2d60 0x4037aa4a:0x3fca2d80 0x4037c093:0x3fca2e00 0x4037ab10:0x3fca2e20 0x4037ab06:0x3fca2e50 0x42008171:0x00000004 |<-CORRUPTED




ELF file SHA256: cb1515cf9

Rebooting...
ESP-ROM:esp32s3-20210327
Build:Mar 27 2021
rst:0xc (RTC_SW_CPU_RST),boot:0x8 (SPI_FAST_FLASH_BOOT)
Saved PC:0x403758a8
SPIWP:0xee
mode:DIO, clock div:1
load:0x3fce3810,len:0x178c
load:0x403c9700,len:0x4
load:0x403c9704,len:0xcbc
load:0x403cc700,len:0x2da0
entry 0x403c9914
[0;32mI (31) boot: ESP-IDF HEAD-HASH-NOTFOUND 2nd stage bootloader[0m
[0;32mI (31) boot: compile time Mar 21 2024 10:58:43[0m
[0;32mI (31) boot: Multicore bootloader[0m
[0;32mI (35) boot: chip revision: v0.2[0m
[0;32mI (39) boot.esp32s3: Boot SPI Speed : 80MHz[0m
[0;32mI (44) boot.esp32s3: SPI Mode       : DIO[0m
[0;32mI (49) boot.esp32s3: SPI Flash Size : 8MB[0m
[0;32mI (53) boot: Enabling RNG early entropy source...[0m
[0;32mI (59) boot: Partition Table:[0m
[0;32mI (62) boot: ## Label            Usage          Type ST Offset   Length[0m
[0;32mI (70) boot:  0 nvs              WiFi data        01 02 00009000 00006000[0m
[0;32mI (77) boot:  1 phy_init         RF data          01 01 0000f000 00001000[0m
[0;32mI (85) boot:  2 factory          factory app      00 00 00010000 00100000[0m
[0;32mI (92) boot: End of partition table[0m
[0;32mI (96) esp_image: segment 0: paddr=00010020 vaddr=3c020020 size=0d1bch ( 53692) map[0m
[0;32mI (114) esp_image: segment 1: paddr=0001d1e4 vaddr=3fc92700 size=02e34h ( 11828) load[0m
[0;32mI (117) esp_image: segment 2: paddr=00020020 vaddr=42000020 size=19bb8h (105400) map[0m
[0;32mI (140) esp_image: segment 3: paddr=00039be0 vaddr=3fc95534 size=07ad8h ( 31448) load[0m
[0;32mI (147) esp_image: segment 4: paddr=000416c0 vaddr=40374000 size=0e650h ( 58960) load[0m
[0;32mI (168) boot: Loaded app from partition at offset 0x10000[0m
[0;32mI (168) boot: Disabling RNG early entropy source...[0m
[0;32mI (179) cpu_start: Multicore app[0m
[0;32mI (189) cpu_start: Pro cpu start user code[0m
[0;32mI (189) cpu_start: cpu freq: 160000000 Hz[0m
[0;32mI (189) cpu_start: Application information:[0m
[0;32mI (192) cpu_start: Project name:     mantis_solenoid_esim[0m
[0;32mI (198) cpu_start: App version:      1[0m
[0;32mI (202) cpu_start: Compile time:     Mar 21 2024 10:58:41[0m
[0;32mI (209) cpu_start: ELF file SHA256:  cb1515cf9...[0m
[0;32mI (214) cpu_start: ESP-IDF:          HEAD-HASH-NOTFOUND[0m
[0;32mI (220) cpu_start: Min chip rev:     v0.0[0m
[0;32mI (225) cpu_start: Max chip rev:     v0.99 [0m
[0;32mI (229) cpu_start: Chip rev:         v0.2[0m
[0;32mI (234) heap_init: Initializing. RAM available for dynamic allocation:[0m
[0;32mI (241) heap_init: At 3FC9DA30 len 0004BCE0 (303 KiB): RAM[0m
[0;32mI (247) heap_init: At 3FCE9710 len 00005724 (21 KiB): RAM[0m
[0;32mI (254) heap_init: At 3FCF0000 len 00008000 (32 KiB): DRAM[0m
[0;32mI (260) heap_init: At 600FE010 len 00001FD8 (7 KiB): RTCRAM[0m
[0;32mI (267) spi_flash: detected chip: gd[0m
[0;32mI (270) spi_flash: flash io: dio[0m
[0;32mI (274) sleep: Configure to isolate all GPIO pins in sleep state[0m
[0;32mI (281) sleep: Enable automatic switching of GPIO sleep configuration[0m
[0;32mI (288) main_task: Started on CPU0[0m
[0;32mI (298) main_task: Calling app_main()[0m
[0;32mI (298) ----MIAN----: Example configured to blink GPIO LED![0m
[0;32mI (298) gpio: GPIO[4]| InputEn: 0| OutputEn: 0| OpenDrain: 0| Pullup: 1| Pulldown: 0| Intr:0 [0m
[0;32mI (328) main_task: Returned from app_main()[0m
[0;32mI (808) ----MIAN----: -----------------trang thai led 0------------------[0m

***ERROR*** A stack overflow in task Tmr Svc has been detected.


Backtrace: 0x40375932:0x3fca2d40 0x40379bc9:0x3fca2d60 0x4037aa4a:0x3fca2d80 0x4037c093:0x3fca2e00 0x4037ab10:0x3fca2e20 0x4037ab06:0x3fca2e50 0x42008171:0x00000004 |<-CORRUPTED




ELF file SHA256: cb1515cf9

Rebooting...
ESP-ROM:esp32s3-20210327
Build:Mar 27 2021
rst:0xc (RTC_SW_CPU_RST),boot:0x8 (SPI_FAST_FLASH_BOOT)
Saved PC:0x403758a8
SPIWP:0xee
mode:DIO, clock div:1
load:0x3fce3810,len:0x178c
load:0x403c9700,len:0x4
load:0x403c9704,len:0xcbc
load:0x403cc700,len:0x2da0
entry 0x403c9914
[0;32mI (31) boot: ESP-IDF HEAD-HASH-NOTFOUND 2nd stage bootloader[0m
[0;32mI (31) boot: compile time Mar 21 2024 10:58:43[0m
[0;32mI (31) boot: Multicore bootloader[0m
[0;32mI (35) boot: chip revision: v0.2[0m
[0;32mI (39) boot.esp32s3: Boot SPI Speed : 80MHz[0m
[0;32mI (44) boot.esp32s3: SPI Mode       : DIO[0m
[0;32mI (49) boot.esp32s3: SPI Flash Size : 8MB[0m
[0;32mI (53) boot: Enabling RNG early entropy source...[0m
[0;32mI (59) boot: Partition Table:[0m
[0;32mI (62) boot: ## Label            Usage          Type ST Offset   Length[0m
[0;32mI (70) boot:  0 nvs              WiFi data        01 02 00009000 00006000[0m
[0;32mI (77) boot:  1 phy_init         RF data          01 01 0000f000 00001000[0m
[0;32mI (85) boot:  2 factory          factory app      00 00 00010000 00100000[0m
[0;32mI (92) boot: End of partition table[0m
[0;32mI (96) esp_image: segment 0: paddr=00010020 vaddr=3c020020 size=0d1bch ( 53692) map[0m
[0;32mI (114) esp_image: segment 1: paddr=0001d1e4 vaddr=3fc92700 size=02e34h ( 11828) load[0m
[0;32mI (117) esp_image: segment 2: paddr=00020020 vaddr=42000020 size=19bb8h (105400) map[0m
[0;32mI (140) esp_image: segment 3: paddr=00039be0 vaddr=3fc95534 size=07ad8h ( 31448) load[0m
[0;32mI (147) esp_image: segment 4: paddr=000416c0 vaddr=40374000 size=0e650h ( 58960) load[0m
[0;32mI (168) boot: Loaded app from partition at offset 0x10000[0m
[0;32mI (168) boot: Disabling RNG early entropy source...[0m
[0;32mI (179) cpu_start: Multicore app[0m
[0;32mI (189) cpu_start: Pro cpu start user code[0m
[0;32mI (189) cpu_start: cpu freq: 160000000 Hz[0m
[0;32mI (189) cpu_start: Application information:[0m
[0;32mI (192) cpu_start: Project name:     mantis_solenoid_esim[0m
[0;32mI (198) cpu_start: App version:      1[0m
[0;32mI (202) cpu_start: Compile time:     Mar 21 2024 10:58:41[0m
[0;32mI (209) cpu_start: ELF file SHA256:  cb1515cf9...[0m
[0;32mI (214) cpu_start: ESP-IDF:          HEAD-HASH-NOTFOUND[0m
[0;32mI (220) cpu_start: Min chip rev:     v0.0[0m
[0;32mI (225) cpu_start: Max chip rev:     v0.99 [0m
[0;32mI (229) cpu_start: Chip rev:         v0.2[0m
[0;32mI (234) heap_init: Initializing. RAM available for dynamic allocation:[0m
[0;32mI (241) heap_init: At 3FC9DA30 len 0004BCE0 (303 KiB): RAM[0m
[0;32mI (247) heap_init: At 3FCE9710 len 00005724 (21 KiB): RAM[0m
[0;32mI (254) heap_init: At 3FCF0000 len 00008000 (32 KiB): DRAM[0m
[0;32mI (260) heap_init: At 600FE010 len 00001FD8 (7 KiB): RTCRAM[0m
[0;32mI (267) spi_flash: detected chip: gd[0m
[0;32mI (270) spi_flash: flash io: dio[0m
[0;32mI (274) sleep: Configure to isolate all GPIO pins in sleep state[0m
[0;32mI (281) sleep: Enable automatic switching of GPIO sleep configuration[0m
[0;32mI (288) main_task: Started on CPU0[0m
[0;32mI (298) main_task: Calling app_main()[0m
[0;32mI (298) ----MIAN----: Example configured to blink GPIO LED![0m
[0;32mI (298) gpio: GPIO[4]| InputEn: 0| OutputEn: 0| OpenDrain: 0| Pullup: 1| Pulldown: 0| Intr:0 [0m
[0;32mI (328) main_task: Returned from app_main()[0m
[0;32mI (808) ----MIAN----: -----------------trang thai led 0------------------[0m

***ERROR*** A stack overflow in task Tmr Svc has been detected.


Backtrace: 0x40375932:0x3fca2d40 0x40379bc9:0x3fca2d60 0x4037aa4a:0x3fca2d80 0x4037c093:0x3fca2e00 0x4037ab10:0x3fca2e20 0x4037ab06:0x3fca2e50 0x42008171:0x00000004 |<-CORRUPTED




ELF file SHA256: cb1515cf9

Rebooting...
ESP-ROM:esp32s3-20210327
Build:Mar 27 2021
rst:0xc (RTC_SW_CPU_RST),boot:0x8 (SPI_FAST_FLASH_BOOT)
Saved PC:0x403758a8
SPIWP:0xee
mode:DIO, clock div:1
load:0x3fce3810,len:0x178c
load:0x403c9700,len:0x4
load:0x403c9704,len:0xcbc
load:0x403cc700,len:0x2da0
entry 0x403c9914
[0;32mI (31) boot: ESP-IDF HEAD-HASH-NOTFOUND 2nd stage bootloader[0m
[0;32mI (31) boot: compile time Mar 21 2024 10:58:43[0m
[0;32mI (31) boot: Multicore bootloader[0m
[0;32mI (35) boot: chip revision: v0.2[0m
[0;32mI (39) boot.esp32s3: Boot SPI Speed : 80MHz[0m
[0;32mI (44) boot.esp32s3: SPI Mode       : DIO[0m
[0;32mI (49) boot.esp32s3: SPI Flash Size : 8MB[0m
[0;32mI (53) boot: Enabling RNG early entropy source...[0m
[0;32mI (59) boot: Partition Table:[0m
[0;32mI (62) boot: ## Label            Usage          Type ST Offset   Length[0m
[0;32mI (70) boot:  0 nvs              WiFi data        01 02 00009000 00006000[0m
[0;32mI (77) boot:  1 phy_init         RF data          01 01 0000f000 00001000[0m
[0;32mI (85) boot:  2 factory          factory app      00 00 00010000 00100000[0m
[0;32mI (92) boot: End of partition table[0m
[0;32mI (96) esp_image: segment 0: paddr=00010020 vaddr=3c020020 size=0d1bch ( 53692) map[0m
[0;32mI (114) esp_image: segment 1: paddr=0001d1e4 vaddr=3fc92700 size=02e34h ( 11828) load[0m
[0;32mI (117) esp_image: segment 2: paddr=00020020 vaddr=42000020 size=19bb8h (105400) map[0m
[0;32mI (140) esp_image: segment 3: paddr=00039be0 vaddr=3fc95534 size=07ad8h ( 31448) load[0m
[0;32mI (147) esp_image: segment 4: paddr=000416c0 vaddr=40374000 size=0e650h ( 58960) load[0m
[0;32mI (168) boot: Loaded app from partition at offset 0x10000[0m
[0;32mI (168) boot: Disabling RNG early entropy source...[0m
[0;32mI (179) cpu_start: Multicore app[0m
[0;32mI (189) cpu_start: Pro cpu start user code[0m
[0;32mI (189) cpu_start: cpu freq: 160000000 Hz[0m
[0;32mI (189) cpu_start: Application information:[0m
[0;32mI (192) cpu_start: Project name:     mantis_solenoid_esim[0m
[0;32mI (198) cpu_start: App version:      1[0m
[0;32mI (202) cpu_start: Compile time:     Mar 21 2024 10:58:41[0m
[0;32mI (209) cpu_start: ELF file SHA256:  cb1515cf9...[0m
[0;32mI (214) cpu_start: ESP-IDF:          HEAD-HASH-NOTFOUND[0m
[0;32mI (220) cpu_start: Min chip rev:     v0.0[0m
[0;32mI (225) cpu_start: Max chip rev:     v0.99 [0m
[0;32mI (229) cpu_start: Chip rev:         v0.2[0m
[0;32mI (234) heap_init: Initializing. RAM available for dynamic allocation:[0m
[0;32mI (241) heap_init: At 3FC9DA30 len 0004BCE0 (303 KiB): RAM[0m
[0;32mI (247) heap_init: At 3FCE9710 len 00005724 (21 KiB): RAM[0m
[0;32mI (254) heap_init: At 3FCF0000 len 00008000 (32 KiB): DRAM[0m
[0;32mI (260) heap_init: At 600FE010 len 00001FD8 (7 KiB): RTCRAM[0m
[0;32mI (267) spi_flash: detected chip: gd[0m
[0;32mI (270) spi_flash: flash io: dio[0m
[0;32mI (274) sleep: Configure to isolate all GPIO pins in sleep state[0m
[0;32mI (281) sleep: Enable automatic switching of GPIO sleep configuration[0m
[0;32mI (288) main_task: Started on CPU0[0m
[0;32mI (298) main_task: Calling app_main()[0m
[0;32mI (298) ----MIAN----: Example configured to blink GPIO LED![0m
[0;32mI (298) gpio: GPIO[4]| InputEn: 0| OutputEn: 0| OpenDrain: 0| Pullup: 1| Pulldown: 0| Intr:0 [0m
[0;32mI (328) main_task: Returned from app_main()[0m
[0;32mI (808) ----MIAN----: -----------------trang thai led 0------------------[0m

***ERROR*** A stack overflow in task Tmr Svc has been detected.


Backtrace: 0x40375932:0x3fca2d40 0x40379bc9:0x3fca2d60 0x4037aa4a:0x3fca2d80 0x4037c093:0x3fca2e00 0x4037ab10:0x3fca2e20 0x4037ab06:0x3fca2e50 0x42008171:0x00000004 |<-CORRUPTED




ELF file SHA256: cb1515cf9

Rebooting...
ESP-ROM:esp32s3-20210327
Build:Mar 27 2021
rst:0xc (RTC_SW_CPU_RST),boot:0x8 (SPI_FAST_FLASH_BOOT)
Saved PC:0x403758a8
SPIWP:0xee
mode:DIO, clock div:1
load:0x3fce3810,len:0x178c
load:0x403c9700,len:0x4
load:0x403c9704,len:0xcbc
load:0x403cc700,len:0x2da0
entry 0x403c9914
[0;32mI (31) boot: ESP-IDF HEAD-HASH-NOTFOUND 2nd stage bootloader[0m
[0;32mI (31) boot: compile time Mar 21 2024 10:58:43[0m
[0;32mI (31) boot: Multicore bootloader[0m
[0;32mI (35) boot: chip revision: v0.2[0m
[0;32mI (39) boot.esp32s3: Boot SPI Speed : 80MHz[0m
[0;32mI (44) boot.esp32s3: SPI Mode       : DIO[0m
[0;32mI (49) boot.esp32s3: SPI Flash Size : 8MB[0m
[0;32mI (53) boot: Enabling RNG early entropy source...[0m
[0;32mI (59) boot: Partition Table:[0m
[0;32mI (62) boot: ## Label            Usage          Type ST Offset   Length[0m
[0;32mI (70) boot:  0 nvs              WiFi data        01 02 00009000 00006000[0m
[0;32mI (77) boot:  1 phy_init         RF data          01 01 0000f000 00001000[0m
[0;32mI (85) boot:  2 factory          factory app      00 00 00010000 00100000[0m
[0;32mI (92) boot: End of partition table[0m
[0;32mI (96) esp_image: segment 0: paddr=00010020 vaddr=3c020020 size=0d1bch ( 53692) map[0m
[0;32mI (114) esp_image: segment 1: paddr=0001d1e4 vaddr=3fc92700 size=02e34h ( 11828) load[0m
[0;32mI (117) esp_image: segment 2: paddr=00020020 vaddr=42000020 size=19bb8h (105400) map[0m
[0;32mI (140) esp_image: segment 3: paddr=00039be0 vaddr=3fc95534 size=07ad8h ( 31448) load[0m
[0;32mI (147) esp_image: segment 4: paddr=000416c0 vaddr=40374000 size=0e650h ( 58960) load[0m
[0;32mI (168) boot: Loaded app from partition at offset 0x10000[0m
[0;32mI (168) boot: Disabling RNG early entropy source...[0m
[0;32mI (179) cpu_start: Multicore app[0m
[0;32mI (189) cpu_start: Pro cpu start user code[0m
[0;32mI (189) cpu_start: cpu freq: 160000000 Hz[0m
[0;32mI (189) cpu_start: Application information:[0m
[0;32mI (192) cpu_start: Project name:     mantis_solenoid_esim[0m
[0;32mI (198) cpu_start: App version:      1[0m
[0;32mI (202) cpu_start: Compile time:     Mar 21 2024 10:58:41[0m
[0;32mI (209) cpu_start: ELF file SHA256:  cb1515cf9...[0m
[0;32mI (214) cpu_start: ESP-IDF:          HEAD-HASH-NOTFOUND[0m
[0;32mI (220) cpu_start: Min chip rev:     v0.0[0m
[0;32mI (225) cpu_start: Max chip rev:     v0.99 [0m
[0;32mI (229) cpu_start: Chip rev:         v0.2[0m
[0;32mI (234) heap_init: Initializing. RAM available for dynamic allocation:[0m
[0;32mI (241) heap_init: At 3FC9DA30 len 0004BCE0 (303 KiB): RAM[0m
[0;32mI (247) heap_init: At 3FCE9710 len 00005724 (21 KiB): RAM[0m
[0;32mI (254) heap_init: At 3FCF0000 len 00008000 (32 KiB): DRAM[0m
[0;32mI (260) heap_init: At 600FE010 len 00001FD8 (7 KiB): RTCRAM[0m
[0;32mI (267) spi_flash: detected chip: gd[0m
[0;32mI (270) spi_flash: flash io: dio[0m
[0;32mI (274) sleep: Configure to isolate all GPIO pins in sleep state[0m
[0;32mI (281) sleep: Enable automatic switching of GPIO sleep configuration[0m
[0;32mI (288) main_task: Started on CPU0[0m
[0;32mI (298) main_task: Calling app_main()[0m
[0;32mI (298) ----MIAN----: Example configured to blink GPIO LED![0m
[0;32mI (298) gpio: GPIO[4]| InputEn: 0| OutputEn: 0| OpenDrain: 0| Pullup: 1| Pulldown: 0| Intr:0 [0m
[0;32mI (328) main_task: Returned from app_main()[0m
[0;32mI (808) ----MIAN----: -----------------trang thai led 0------------------[0m

***ERROR*** A stack overflow in task Tmr Svc has been detected.


Backtrace: 0x40375932:0x3fca2d40 0x40379bc9:0x3fca2d60 0x4037aa4a:0x3fca2d80 0x4037c093:0x3fca2e00 0x4037ab10:0x3fca2e20 0x4037ab06:0x3fca2e50 0x42008171:0x00000004 |<-CORRUPTED




ELF file SHA256: cb1515cf9

Rebooting...
ESP-ROM:esp32s3-20210327
Build:Mar 27 2021
rst:0xc (RTC_SW_CPU_RST),boot:0x8 (SPI_FAST_FLASH_BOOT)
Saved PC:0x403758a8
SPIWP:0xee
mode:DIO, clock div:1
load:0x3fce3810,len:0x178c
load:0x403c9700,len:0x4
load:0x403c9704,len:0xcbc
load:0x403cc700,len:0x2da0
entry 0x403c9914
[0;32mI (31) boot: ESP-IDF HEAD-HASH-NOTFOUND 2nd stage bootloader[0m
[0;32mI (31) boot: compile time Mar 21 2024 10:58:43[0m
[0;32mI (31) boot: Multicore bootloader[0m
[0;32mI (35) boot: chip revision: v0.2[0m
[0;32mI (39) boot.esp32s3: Boot SPI Speed : 80MHz[0m
[0;32mI (44) boot.esp32s3: SPI Mode       : DIO[0m
[0;32mI (49) boot.esp32s3: SPI Flash Size : 8MB[0m
[0;32mI (53) boot: Enabling RNG early entropy source...[0m
[0;32mI (59) boot: Partition Table:[0m
[0;32mI (62) boot: ## Label            Usage          Type ST Offset   Length[0m
[0;32mI (70) boot:  0 nvs              WiFi data        01 02 00009000 00006000[0m
[0;32mI (77) boot:  1 phy_init         RF data          01 01 0000f000 00001000[0m
[0;32mI (85) boot:  2 factory          factory app      00 00 00010000 00100000[0m
[0;32mI (92) boot: End of partition table[0m
[0;32mI (96) esp_image: segment 0: paddr=00010020 vaddr=3c020020 size=0d1bch ( 53692) map[0m
[0;32mI (114) esp_image: segment 1: paddr=0001d1e4 vaddr=3fc92700 size=02e34h ( 11828) load[0m
[0;32mI (117) esp_image: segment 2: paddr=00020020 vaddr=42000020 size=19bb8h (105400) map[0m
[0;32mI (140) esp_image: segment 3: paddr=00039be0 vaddr=3fc95534 size=07ad8h ( 31448) load[0m
[0;32mI (147) esp_image: segment 4: paddr=000416c0 vaddr=40374000 size=0e650h ( 58960) load[0m
[0;32mI (168) boot: Loaded app from partition at offset 0x10000[0m
[0;32mI (168) boot: Disabling RNG early entropy source...[0m
[0;32mI (179) cpu_start: Multicore app[0m
[0;32mI (189) cpu_start: Pro cpu start user code[0m
[0;32mI (189) cpu_start: cpu freq: 160000000 Hz[0m
[0;32mI (189) cpu_start: Application information:[0m
[0;32mI (192) cpu_start: Project name:     mantis_solenoid_esim[0m
[0;32mI (198) cpu_start: App version:      1[0m
[0;32mI (202) cpu_start: Compile time:     Mar 21 2024 10:58:41[0m
[0;32mI (209) cpu_start: ELF file SHA256:  cb1515cf9...[0m
[0;32mI (214) cpu_start: ESP-IDF:          HEAD-HASH-NOTFOUND[0m
[0;32mI (220) cpu_start: Min chip rev:     v0.0[0m
[0;32mI (225) cpu_start: Max chip rev:     v0.99 [0m
[0;32mI (229) cpu_start: Chip rev:         v0.2[0m
[0;32mI (234) heap_init: Initializing. RAM available for dynamic allocation:[0m
[0;32mI (241) heap_init: At 3FC9DA30 len 0004BCE0 (303 KiB): RAM[0m
[0;32mI (247) heap_init: At 3FCE9710 len 00005724 (21 KiB): RAM[0m
[0;32mI (254) heap_init: At 3FCF0000 len 00008000 (32 KiB): DRAM[0m
[0;32mI (260) heap_init: At 600FE010 len 00001FD8 (7 KiB): RTCRAM[0m
[0;32mI (267) spi_flash: detected chip: gd[0m
[0;32mI (270) spi_flash: flash io: dio[0m
[0;32mI (274) sleep: Configure to isolate all GPIO pins in sleep state[0m
[0;32mI (281) sleep: Enable automatic switching of GPIO sleep configuration[0m
[0;32mI (288) main_task: Started on CPU0[0m
[0;32mI (298) main_task: Calling app_main()[0m
[0;32mI (298) ----MIAN----: Example configured to blink GPIO LED![0m
[0;32mI (298) gpio: GPIO[4]| InputEn: 0| OutputEn: 0| OpenDrain: 0| Pullup: 1| Pulldown: 0| Intr:0 [0m
[0;32mI (328) main_task: Returned from app_main()[0m
[0;32mI (808) ----MIAN----: -----------------trang thai led 0------------------[0m

***ERROR*** A stack overflow in task Tmr Svc has been detected.


Backtrace: 0x40375932:0x3fca2d40 0x40379bc9:0x3fca2d60 0x4037aa4a:0x3fca2d80 0x4037c093:0x3fca2e00 0x4037ab10:0x3fca2e20 0x4037ab06:0x3fca2e50 0x42008171:0x00000004 |<-CORRUPTED




ELF file SHA256: cb1515cf9

Rebooting...
ESP-ROM:esp32s3-20210327
Build:Mar 27 2021
rst:0xc (RTC_SW_CPU_RST),boot:0x8 (SPI_FAST_FLASH_BOOT)
Saved PC:0x403758a8
SPIWP:0xee
mode:DIO, clock div:1
load:0x3fce3810,len:0x178c
load:0x403c9700,len:0x4
load:0x403c9704,len:0xcbc
load:0x403cc700,len:0x2da0
entry 0x403c9914
[0;32mI (31) boot: ESP-IDF HEAD-HASH-NOTFOUND 2nd stage bootloader[0m
[0;32mI (31) boot: compile time Mar 21 2024 10:58:43[0m
[0;32mI (31) boot: Multicore bootloader[0m
[0;32mI (35) boot: chip revision: v0.2[0m
[0;32mI (39) boot.esp32s3: Boot SPI Speed : 80MHz[0m
[0;32mI (44) boot.esp32s3: SPI Mode       : DIO[0m
[0;32mI (49) boot.esp32s3: SPI Flash Size : 8MB[0m
[0;32mI (53) boot: Enabling RNG early entropy source...[0m
[0;32mI (59) boot: Partition Table:[0m
[0;32mI (62) boot: ## Label            Usage          Type ST Offset   Length[0m
[0;32mI (70) boot:  0 nvs              WiFi data        01 02 00009000 00006000[0m
[0;32mI (77) boot:  1 phy_init         RF data          01 01 0000f000 00001000[0m
[0;32mI (85) boot:  2 factory          factory app      00 00 00010000 00100000[0m
[0;32mI (92) boot: End of partition table[0m
[0;32mI (96) esp_image: segment 0: paddr=00010020 vaddr=3c020020 size=0d1bch ( 53692) map[0m
[0;32mI (114) esp_image: segment 1: paddr=0001d1e4 vaddr=3fc92700 size=02e34h ( 11828) load[0m
[0;32mI (117) esp_image: segment 2: paddr=00020020 vaddr=42000020 size=19bb8h (105400) map[0m
[0;32mI (140) esp_image: segment 3: paddr=00039be0 vaddr=3fc95534 size=07ad8h ( 31448) load[0m
[0;32mI (147) esp_image: segment 4: paddr=000416c0 vaddr=40374000 size=0e650h ( 58960) load[0m
[0;32mI (168) boot: Loaded app from partition at offset 0x10000[0m
[0;32mI (168) boot: Disabling RNG early entropy source...[0m
[0;32mI (179) cpu_start: Multicore app[0m
[0;32mI (189) cpu_start: Pro cpu start user code[0m
[0;32mI (189) cpu_start: cpu freq: 160000000 Hz[0m
[0;32mI (189) cpu_start: Application information:[0m
[0;32mI (192) cpu_start: Project name:     mantis_solenoid_esim[0m
[0;32mI (198) cpu_start: App version:      1[0m
[0;32mI (202) cpu_start: Compile time:     Mar 21 2024 10:58:41[0m
[0;32mI (209) cpu_start: ELF file SHA256:  cb1515cf9...[0m
[0;32mI (214) cpu_start: ESP-IDF:          HEAD-HASH-NOTFOUND[0m
[0;32mI (220) cpu_start: Min chip rev:     v0.0[0m
[0;32mI (225) cpu_start: Max chip rev:     v0.99 [0m
[0;32mI (229) cpu_start: Chip rev:         v0.2[0m
[0;32mI (234) heap_init: Initializing. RAM available for dynamic allocation:[0m
[0;32mI (241) heap_init: At 3FC9DA30 len 0004BCE0 (303 KiB): RAM[0m
[0;32mI (247) heap_init: At 3FCE9710 len 00005724 (21 KiB): RAM[0m
[0;32mI (254) heap_init: At 3FCF0000 len 00008000 (32 KiB): DRAM[0m
[0;32mI (260) heap_init: At 600FE010 len 00001FD8 (7 KiB): RTCRAM[0m
[0;32mI (267) spi_flash: detected chip: gd[0m
[0;32mI (270) spi_flash: flash io: dio[0m
[0;32mI (274) sleep: Configure to isolate all GPIO pins in sleep state[0m
[0;32mI (281) sleep: Enable automatic switching of GPIO sleep configuration[0m
[0;32mI (288) main_task: Started on CPU0[0m
[0;32mI (298) main_task: Calling app_main()[0m
[0;32mI (298) ----MIAN----: Example configured to blink GPIO LED![0m
[0;32mI (298) gpio: GPIO[4]| InputEn: 0| OutputEn: 0| OpenDrain: 0| Pullup: 1| Pulldown: 0| Intr:0 [0m
[0;32mI (328) main_task: Returned from app_main()[0m
[0;32mI (808) ----MIAN----: -----------------trang thai led 0------------------[0m

***ERROR*** A stack overflow in task Tmr Svc has been detected.


Backtrace: 0x40375932:0x3fca2d40 0x40379bc9:0x3fca2d60 0x4037aa4a:0x3fca2d80 0x4037c093:0x3fca2e00 0x4037ab10:0x3fca2e20 0x4037ab06:0x3fca2e50 0x42008171:0x00000004 |<-CORRUPTED




ELF file SHA256: cb1515cf9

Rebooting...
ESP-ROM:esp32s3-20210327
Build:Mar 27 2021
rst:0xc (RTC_SW_CPU_RST),boot:0x8 (SPI_FAST_FLASH_BOOT)
Saved PC:0x403758a8
SPIWP:0xee
mode:DIO, clock div:1
load:0x3fce3810,len:0x178c
load:0x403c9700,len:0x4
load:0x403c9704,len:0xcbc
load:0x403cc700,len:0x2da0
entry 0x403c9914
[0;32mI (31) boot: ESP-IDF HEAD-HASH-NOTFOUND 2nd stage bootloader[0m
[0;32mI (31) boot: compile time Mar 21 2024 10:58:43[0m
[0;32mI (31) boot: Multicore bootloader[0m
[0;32mI (35) boot: chip revision: v0.2[0m
[0;32mI (39) boot.esp32s3: Boot SPI Speed : 80MHz[0m
[0;32mI (44) boot.esp32s3: SPI Mode       : DIO[0m
[0;32mI (49) boot.esp32s3: SPI Flash Size : 8MB[0m
[0;32mI (53) boot: Enabling RNG early entropy source...[0m
[0;32mI (59) boot: Partition Table:[0m
[0;32mI (62) boot: ## Label            Usage          Type ST Offset   Length[0m
[0;32mI (70) boot:  0 nvs              WiFi data        01 02 00009000 00006000[0m
[0;32mI (77) boot:  1 phy_init         RF data          01 01 0000f000 00001000[0m
[0;32mI (85) boot:  2 factory          factory app      00 00 00010000 00100000[0m
[0;32mI (92) boot: End of partition table[0m
[0;32mI (96) esp_image: segment 0: paddr=00010020 vaddr=3c020020 size=0d1bch ( 53692) map[0m
[0;32mI (114) esp_image: segment 1: paddr=0001d1e4 vaddr=3fc92700 size=02e34h ( 11828) load[0m
[0;32mI (117) esp_image: segment 2: paddr=00020020 vaddr=42000020 size=19bb8h (105400) map[0m
[0;32mI (140) esp_image: segment 3: paddr=00039be0 vaddr=3fc95534 size=07ad8h ( 31448) load[0m
[0;32mI (147) esp_image: segment 4: paddr=000416c0 vaddr=40374000 size=0e650h ( 58960) load[0m
[0;32mI (168) boot: Loaded app from partition at offset 0x10000[0m
[0;32mI (168) boot: Disabling RNG early entropy source...[0m
[0;32mI (179) cpu_start: Multicore app[0m
[0;32mI (189) cpu_start: Pro cpu start user code[0m
[0;32mI (189) cpu_start: cpu freq: 160000000 Hz[0m
[0;32mI (189) cpu_start: Application information:[0m
[0;32mI (192) cpu_start: Project name:     mantis_solenoid_esim[0m
[0;32mI (198) cpu_start: App version:      1[0m
[0;32mI (202) cpu_start: Compile time:     Mar 21 2024 10:58:41[0m
[0;32mI (209) cpu_start: ELF file SHA256:  cb1515cf9...[0m
[0;32mI (214) cpu_start: ESP-IDF:          HEAD-HASH-NOTFOUND[0m
[0;32mI (220) cpu_start: Min chip rev:     v0.0[0m
[0;32mI (225) cpu_start: Max chip rev:     v0.99 [0m
[0;32mI (229) cpu_start: Chip rev:         v0.2[0m
[0;32mI (234) heap_init: Initializing. RAM available for dynamic allocation:[0m
[0;32mI (241) heap_init: At 3FC9DA30 len 0004BCE0 (303 KiB): RAM[0m
[0;32mI (247) heap_init: At 3FCE9710 len 00005724 (21 KiB): RAM[0m
[0;32mI (254) heap_init: At 3FCF0000 len 00008000 (32 KiB): DRAM[0m
[0;32mI (260) heap_init: At 600FE010 len 00001FD8 (7 KiB): RTCRAM[0m
[0;32mI (267) spi_flash: detected chip: gd[0m
[0;32mI (270) spi_flash: flash io: dio[0m
[0;32mI (274) sleep: Configure to isolate all GPIO pins in sleep state[0m
[0;32mI (281) sleep: Enable automatic switching of GPIO sleep configuration[0m
[0;32mI (288) main_task: Started on CPU0[0m
[0;32mI (298) main_task: Calling app_main()[0m
[0;32mI (298) ----MIAN----: Example configured to blink GPIO LED![0m
[0;32mI (298) gpio: GPIO[4]| InputEn: 0| OutputEn: 0| OpenDrain: 0| Pullup: 1| Pulldown: 0| Intr:0 [0m
[0;32mI (328) main_task: Returned from app_main()[0m
[0;32mI (808) ----MIAN----: -----------------trang thai led 0------------------[0m

***ERROR*** A stack overflow in task Tmr Svc has been detected.


Backtrace: 0x40375932:0x3fca2d40 0x40379bc9:0x3fca2d60 0x4037aa4a:0x3fca2d80 0x4037c093:0x3fca2e00 0x4037ab10:0x3fca2e20 0x4037ab06:0x3fca2e50 0x42008171:0x00000004 |<-CORRUPTED




ELF file SHA256: cb1515cf9

Rebooting...
ESP-ROM:esp32s3-20210327
Build:Mar 27 2021
rst:0xc (RTC_SW_CPU_RST),boot:0x8 (SPI_FAST_FLASH_BOOT)
Saved PC:0x403758a8
SPIWP:0xee
mode:DIO, clock div:1
load:0x3fce3810,len:0x178c
load:0x403c9700,len:0x4
load:0x403c9704,len:0xcbc
load:0x403cc700,len:0x2da0
entry 0x403c9914
[0;32mI (31) boot: ESP-IDF HEAD-HASH-NOTFOUND 2nd stage bootloader[0m
[0;32mI (31) boot: compile time Mar 21 2024 10:58:43[0m
[0;32mI (31) boot: Multicore bootloader[0m
[0;32mI (35) boot: chip revision: v0.2[0m
[0;32mI (39) boot.esp32s3: Boot SPI Speed : 80MHz[0m
[0;32mI (44) boot.esp32s3: SPI Mode       : DIO[0m
[0;32mI (49) boot.esp32s3: SPI Flash Size : 8MB[0m
[0;32mI (53) boot: Enabling RNG early entropy source...[0m
[0;32mI (59) boot: Partition Table:[0m
[0;32mI (62) boot: ## Label            Usage          Type ST Offset   Length[0m
[0;32mI (70) boot:  0 nvs              WiFi data        01 02 00009000 00006000[0m
[0;32mI (77) boot:  1 phy_init         RF data          01 01 0000f000 00001000[0m
[0;32mI (85) boot:  2 factory          factory app      00 00 00010000 00100000[0m
[0;32mI (92) boot: End of partition table[0m
[0;32mI (96) esp_image: segment 0: paddr=00010020 vaddr=3c020020 size=0d1bch ( 53692) map[0m
[0;32mI (114) esp_image: segment 1: paddr=0001d1e4 vaddr=3fc92700 size=02e34h ( 11828) load[0m
[0;32mI (117) esp_image: segment 2: paddr=00020020 vaddr=42000020 size=19bb8h (105400) map[0m
[0;32mI (140) esp_image: segment 3: paddr=00039be0 vaddr=3fc95534 size=07ad8h ( 31448) load[0m
[0;32mI (147) esp_image: segment 4: paddr=000416c0 vaddr=40374000 size=0e650h ( 58960) load[0m
[0;32mI (168) boot: Loaded app from partition at offset 0x10000[0m
[0;32mI (168) boot: Disabling RNG early entropy source...[0m
[0;32mI (179) cpu_start: Multicore app[0m
[0;32mI (189) cpu_start: Pro cpu start user code[0m
[0;32mI (189) cpu_start: cpu freq: 160000000 Hz[0m
[0;32mI (189) cpu_start: Application information:[0m
[0;32mI (192) cpu_start: Project name:     mantis_solenoid_esim[0m
[0;32mI (198) cpu_start: App version:      1[0m
[0;32mI (202) cpu_start: Compile time:     Mar 21 2024 10:58:41[0m
[0;32mI (209) cpu_start: ELF file SHA256:  cb1515cf9...[0m
[0;32mI (214) cpu_start: ESP-IDF:          HEAD-HASH-NOTFOUND[0m
[0;32mI (220) cpu_start: Min chip rev:     v0.0[0m
[0;32mI (225) cpu_start: Max chip rev:     v0.99 [0m
[0;32mI (229) cpu_start: Chip rev:         v0.2[0m
[0;32mI (234) heap_init: Initializing. RAM available for dynamic allocation:[0m
[0;32mI (241) heap_init: At 3FC9DA30 len 0004BCE0 (303 KiB): RAM[0m
[0;32mI (247) heap_init: At 3FCE9710 len 00005724 (21 KiB): RAM[0m
[0;32mI (254) heap_init: At 3FCF0000 len 00008000 (32 KiB): DRAM[0m
[0;32mI (260) heap_init: At 600FE010 len 00001FD8 (7 KiB): RTCRAM[0m
[0;32mI (267) spi_flash: detected chip: gd[0m
[0;32mI (270) spi_flash: flash io: dio[0m
[0;32mI (274) sleep: Configure to isolate all GPIO pins in sleep state[0m
[0;32mI (281) sleep: Enable automatic switching of GPIO sleep configuration[0m
[0;32mI (288) main_task: Started on CPU0[0m
[0;32mI (298) main_task: Calling app_main()[0m
[0;32mI (298) ----MIAN----: Example configured to blink GPIO LED![0m
[0;32mI (298) gpio: GPIO[4]| InputEn: 0| OutputEn: 0| OpenDrain: 0| Pullup: 1| Pulldown: 0| Intr:0 [0m
[0;32mI (328) main_task: Returned from app_main()[0m
[0;32mI (808) ----MIAN----: -----------------trang thai led 0------------------[0m

***ERROR*** A stack overflow in task Tmr Svc has been detected.


Backtrace: 0x40375932:0x3fca2d40 0x40379bc9:0x3fca2d60 0x4037aa4a:0x3fca2d80 0x4037c093:0x3fca2e00 0x4037ab10:0x3fca2e20 0x4037ab06:0x3fca2e50 0x42008171:0x00000004 |<-CORRUPTED




ELF file SHA256: cb1515cf9

Rebooting...
ESP-ROM:esp32s3-20210327
Build:Mar 27 2021
rst:0xc (RTC_SW_CPU_RST),boot:0x8 (SPI_FAST_FLASH_BOOT)
Saved PC:0x403758a8
SPIWP:0xee
mode:DIO, clock div:1
load:0x3fce3810,len:0x178c
load:0x403c9700,len:0x4
load:0x403c9704,len:0xcbc
load:0x403cc700,len:0x2da0
entry 0x403c9914
[0;32mI (31) boot: ESP-IDF HEAD-HASH-NOTFOUND 2nd stage bootloader[0m
[0;32mI (31) boot: compile time Mar 21 2024 10:58:43[0m
[0;32mI (31) boot: Multicore bootloader[0m
[0;32mI (35) boot: chip revision: v0.2[0m
[0;32mI (39) boot.esp32s3: Boot SPI Speed : 80MHz[0m
[0;32mI (44) boot.esp32s3: SPI Mode       : DIO[0m
[0;32mI (49) boot.esp32s3: SPI Flash Size : 8MB[0m
[0;32mI (53) boot: Enabling RNG early entropy source...[0m
[0;32mI (59) boot: Partition Table:[0m
[0;32mI (62) boot: ## Label            Usage          Type ST Offset   Length[0m
[0;32mI (70) boot:  0 nvs              WiFi data        01 02 00009000 00006000[0m
[0;32mI (77) boot:  1 phy_init         RF data          01 01 0000f000 00001000[0m
[0;32mI (85) boot:  2 factory          factory app      00 00 00010000 00100000[0m
[0;32mI (92) boot: End of partition table[0m
[0;32mI (96) esp_image: segment 0: paddr=00010020 vaddr=3c020020 size=0d1bch ( 53692) map[0m
[0;32mI (114) esp_image: segment 1: paddr=0001d1e4 vaddr=3fc92700 size=02e34h ( 11828) load[0m
[0;32mI (117) esp_image: segment 2: paddr=00020020 vaddr=42000020 size=19bb8h (105400) map[0m
[0;32mI (140) esp_image: segment 3: paddr=00039be0 vaddr=3fc95534 size=07ad8h ( 31448) load[0m
[0;32mI (147) esp_image: segment 4: paddr=000416c0 vaddr=40374000 size=0e650h ( 58960) load[0m
[0;32mI (168) boot: Loaded app from partition at offset 0x10000[0m
[0;32mI (168) boot: Disabling RNG early entropy source...[0m
[0;32mI (179) cpu_start: Multicore app[0m
[0;32mI (189) cpu_start: Pro cpu start user code[0m
[0;32mI (189) cpu_start: cpu freq: 160000000 Hz[0m
[0;32mI (189) cpu_start: Application information:[0m
[0;32mI (192) cpu_start: Project name:     mantis_solenoid_esim[0m
[0;32mI (198) cpu_start: App version:      1[0m
[0;32mI (202) cpu_start: Compile time:     Mar 21 2024 10:58:41[0m
[0;32mI (209) cpu_start: ELF file SHA256:  cb1515cf9...[0m
[0;32mI (214) cpu_start: ESP-IDF:          HEAD-HASH-NOTFOUND[0m
[0;32mI (220) cpu_start: Min chip rev:     v0.0[0m
[0;32mI (225) cpu_start: Max chip rev:     v0.99 [0m
[0;32mI (229) cpu_start: Chip rev:         v0.2[0m
[0;32mI (234) heap_init: Initializing. RAM available for dynamic allocation:[0m
[0;32mI (241) heap_init: At 3FC9DA30 len 0004BCE0 (303 KiB): RAM[0m
[0;32mI (247) heap_init: At 3FCE9710 len 00005724 (21 KiB): RAM[0m
[0;32mI (254) heap_init: At 3FCF0000 len 00008000 (32 KiB): DRAM[0m
[0;32mI (260) heap_init: At 600FE010 len 00001FD8 (7 KiB): RTCRAM[0m
[0;32mI (267) spi_flash: detected chip: gd[0m
[0;32mI (270) spi_flash: flash io: dio[0m
[0;32mI (274) sleep: Configure to isolate all GPIO pins in sleep state[0m
[0;32mI (281) sleep: Enable automatic switching of GPIO sleep configuration[0m
[0;32mI (288) main_task: Started on CPU0[0m
[0;32mI (298) main_task: Calling app_main()[0m
[0;32mI (298) ----MIAN----: Example configured to blink GPIO LED![0m
[0;32mI (298) gpio: GPIO[4]| InputEn: 0| OutputEn: 0| OpenDrain: 0| Pullup: 1| Pulldown: 0| Intr:0 [0m
[0;32mI (328) main_task: Returned from app_main()[0m
[0;32mI (808) ----MIAN----: -----------------trang thai led 0------------------[0m

***ERROR*** A stack overflow in task Tmr Svc has been detected.


Backtrace: 0x40375932:0x3fca2d40 0x40379bc9:0x3fca2d60 0x4037aa4a:0x3fca2d80 0x4037c093:0x3fca2e00 0x4037ab10:0x3fca2e20 0x4037ab06:0x3fca2e50 0x42008171:0x00000004 |<-CORRUPTED




ELF file SHA256: cb1515cf9

Rebooting...
ESP-ROM:esp32s3-20210327
Build:Mar 27 2021
rst:0xc (RTC_SW_CPU_RST),boot:0x8 (SPI_FAST_FLASH_BOOT)
Saved PC:0x403758a8
SPIWP:0xee
mode:DIO, clock div:1
load:0x3fce3810,len:0x178c
load:0x403c9700,len:0x4
load:0x403c9704,len:0xcbc
load:0x403cc700,len:0x2da0
entry 0x403c9914
[0;32mI (31) boot: ESP-IDF HEAD-HASH-NOTFOUND 2nd stage bootloader[0m
[0;32mI (31) boot: compile time Mar 21 2024 10:58:43[0m
[0;32mI (31) boot: Multicore bootloader[0m
[0;32mI (35) boot: chip revision: v0.2[0m
[0;32mI (39) boot.esp32s3: Boot SPI Speed : 80MHz[0m
[0;32mI (44) boot.esp32s3: SPI Mode       : DIO[0m
[0;32mI (49) boot.esp32s3: SPI Flash Size : 8MB[0m
[0;32mI (53) boot: Enabling RNG early entropy source...[0m
[0;32mI (59) boot: Partition Table:[0m
[0;32mI (62) boot: ## Label            Usage          Type ST Offset   Length[0m
[0;32mI (70) boot:  0 nvs              WiFi data        01 02 00009000 00006000[0m
[0;32mI (77) boot:  1 phy_init         RF data          01 01 0000f000 00001000[0m
[0;32mI (85) boot:  2 factory          factory app      00 00 00010000 00100000[0m
[0;32mI (92) boot: End of partition table[0m
[0;32mI (96) esp_image: segment 0: paddr=00010020 vaddr=3c020020 size=0d1bch ( 53692) map[0m
[0;32mI (114) esp_image: segment 1: paddr=0001d1e4 vaddr=3fc92700 size=02e34h ( 11828) load[0m
[0;32mI (117) esp_image: segment 2: paddr=00020020 vaddr=42000020 size=19bb8h (105400) map[0m
[0;32mI (140) esp_image: segment 3: paddr=00039be0 vaddr=3fc95534 size=07ad8h ( 31448) load[0m
[0;32mI (147) esp_image: segment 4: paddr=000416c0 vaddr=40374000 size=0e650h ( 58960) load[0m
[0;32mI (168) boot: Loaded app from partition at offset 0x10000[0m
[0;32mI (168) boot: Disabling RNG early entropy source...[0m
[0;32mI (179) cpu_start: Multicore app[0m
[0;32mI (189) cpu_start: Pro cpu start user code[0m
[0;32mI (189) cpu_start: cpu freq: 160000000 Hz[0m
[0;32mI (189) cpu_start: Application information:[0m
[0;32mI (192) cpu_start: Project name:     mantis_solenoid_esim[0m
[0;32mI (198) cpu_start: App version:      1[0m
[0;32mI (202) cpu_start: Compile time:     Mar 21 2024 10:58:41[0m
[0;32mI (209) cpu_start: ELF file SHA256:  cb1515cf9...[0m
[0;32mI (214) cpu_start: ESP-IDF:          HEAD-HASH-NOTFOUND[0m
[0;32mI (220) cpu_start: Min chip rev:     v0.0[0m
[0;32mI (225) cpu_start: Max chip rev:     v0.99 [0m
[0;32mI (229) cpu_start: Chip rev:         v0.2[0m
[0;32mI (234) heap_init: Initializing. RAM available for dynamic allocation:[0m
[0;32mI (241) heap_init: At 3FC9DA30 len 0004BCE0 (303 KiB): RAM[0m
[0;32mI (247) heap_init: At 3FCE9710 len 00005724 (21 KiB): RAM[0m
[0;32mI (254) heap_init: At 3FCF0000 len 00008000 (32 KiB): DRAM[0m
[0;32mI (260) heap_init: At 600FE010 len 00001FD8 (7 KiB): RTCRAM[0m
[0;32mI (267) spi_flash: detected chip: gd[0m
[0;32mI (270) spi_flash: flash io: dio[0m
[0;32mI (274) sleep: Configure to isolate all GPIO pins in sleep state[0m
[0;32mI (281) sleep: Enable automatic switching of GPIO sleep configuration[0m
[0;32mI (288) main_task: Started on CPU0[0m
[0;32mI (298) main_task: Calling app_main()[0m
[0;32mI (298) ----MIAN----: Example configured to blink GPIO LED![0m
[0;32mI (298) gpio: GPIO[4]| InputEn: 0| OutputEn: 0| OpenDrain: 0| Pullup: 1| Pulldown: 0| Intr:0 [0m
[0;32mI (328) main_task: Returned from app_main()[0m
[0;32mI (808) ----MIAN----: -----------------trang thai led 0------------------[0m

***ERROR*** A stack overflow in task Tmr Svc has been detected.


Backtrace: 0x40375932:0x3fca2d40 0x40379bc9:0x3fca2d60 0x4037aa4a:0x3fca2d80 0x4037c093:0x3fca2e00 0x4037ab10:0x3fca2e20 0x4037ab06:0x3fca2e50 0x42008171:0x00000004 |<-CORRUPTED




ELF file SHA256: cb1515cf9

Rebooting...
ESP-ROM:esp32s3-20210327
Build:Mar 27 2021
rst:0xc (RTC_SW_CPU_RST),boot:0x8 (SPI_FAST_FLASH_BOOT)
Saved PC:0x403758a8
SPIWP:0xee
mode:DIO, clock div:1
load:0x3fce3810,len:0x178c
load:0x403c9700,len:0x4
load:0x403c9704,len:0xcbc
load:0x403cc700,len:0x2da0
entry 0x403c9914
[0;32mI (31) boot: ESP-IDF HEAD-HASH-NOTFOUND 2nd stage bootloader[0m
[0;32mI (31) boot: compile time Mar 21 2024 10:58:43[0m
[0;32mI (31) boot: Multicore bootloader[0m
[0;32mI (35) boot: chip revision: v0.2[0m
[0;32mI (39) boot.esp32s3: Boot SPI Speed : 80MHz[0m
[0;32mI (44) boot.esp32s3: SPI Mode       : DIO[0m
[0;32mI (49) boot.esp32s3: SPI Flash Size : 8MB[0m
[0;32mI (53) boot: Enabling RNG early entropy source...[0m
[0;32mI (59) boot: Partition Table:[0m
[0;32mI (62) boot: ## Label            Usage          Type ST Offset   Length[0m
[0;32mI (70) boot:  0 nvs              WiFi data        01 02 00009000 00006000[0m
[0;32mI (77) boot:  1 phy_init         RF data          01 01 0000f000 00001000[0m
[0;32mI (85) boot:  2 factory          factory app      00 00 00010000 00100000[0m
[0;32mI (92) boot: End of partition table[0m
[0;32mI (96) esp_image: segment 0: paddr=00010020 vaddr=3c020020 size=0d1bch ( 53692) map[0m
[0;32mI (114) esp_image: segment 1: paddr=0001d1e4 vaddr=3fc92700 size=02e34h ( 11828) load[0m
[0;32mI (117) esp_image: segment 2: paddr=00020020 vaddr=42000020 size=19bb8h (105400) map[0m
[0;32mI (140) esp_image: segment 3: paddr=00039be0 vaddr=3fc95534 size=07ad8h ( 31448) load[0m
[0;32mI (147) esp_image: segment 4: paddr=000416c0 vaddr=40374000 size=0e650h ( 58960) load[0m
[0;32mI (168) boot: Loaded app from partition at offset 0x10000[0m
[0;32mI (168) boot: Disabling RNG early entropy source...[0m
[0;32mI (179) cpu_start: Multicore app[0m
[0;32mI (189) cpu_start: Pro cpu start user code[0m
[0;32mI (189) cpu_start: cpu freq: 160000000 Hz[0m
[0;32mI (189) cpu_start: Application information:[0m
[0;32mI (192) cpu_start: Project name:     mantis_solenoid_esim[0m
[0;32mI (198) cpu_start: App version:      1[0m
[0;32mI (202) cpu_start: Compile time:     Mar 21 2024 10:58:41[0m
[0;32mI (209) cpu_start: ELF file SHA256:  cb1515cf9...[0m
[0;32mI (214) cpu_start: ESP-IDF:          HEAD-HASH-NOTFOUND[0m
[0;32mI (220) cpu_start: Min chip rev:     v0.0[0m
[0;32mI (225) cpu_start: Max chip rev:     v0.99 [0m
[0;32mI (229) cpu_start: Chip rev:         v0.2[0m
[0;32mI (234) heap_init: Initializing. RAM available for dynamic allocation:[0m
[0;32mI (241) heap_init: At 3FC9DA30 len 0004BCE0 (303 KiB): RAM[0m
[0;32mI (247) heap_init: At 3FCE9710 len 00005724 (21 KiB): RAM[0m
[0;32mI (254) heap_init: At 3FCF0000 len 00008000 (32 KiB): DRAM[0m
[0;32mI (260) heap_init: At 600FE010 len 00001FD8 (7 KiB): RTCRAM[0m
[0;32mI (267) spi_flash: detected chip: gd[0m
[0;32mI (270) spi_flash: flash io: dio[0m
[0;32mI (274) sleep: Configure to isolate all GPIO pins in sleep state[0m
[0;32mI (281) sleep: Enable automatic switching of GPIO sleep configuration[0m
[0;32mI (288) main_task: Started on CPU0[0m
[0;32mI (298) main_task: Calling app_main()[0m
[0;32mI (298) ----MIAN----: Example configured to blink GPIO LED![0m
[0;32mI (298) gpio: GPIO[4]| InputEn: 0| OutputEn: 0| OpenDrain: 0| Pullup: 1| Pulldown: 0| Intr:0 [0m
[0;32mI (328) main_task: Returned from app_main()[0m
[0;32mI (808) ----MIAN----: -----------------trang thai led 0------------------[0m

***ERROR*** A stack overflow in task Tmr Svc has been detected.


Backtrace: 0x40375932:0x3fca2d40 0x40379bc9:0x3fca2d60 0x4037aa4a:0x3fca2d80 0x4037c093:0x3fca2e00 0x4037ab10:0x3fca2e20 0x4037ab06:0x3fca2e50 0x42008171:0x00000004 |<-CORRUPTED




ELF file SHA256: cb1515cf9

Rebooting...
ESP-ROM:esp32s3-20210327
Build:Mar 27 2021
rst:0xc (RTC_SW_CPU_RST),boot:0x8 (SPI_FAST_FLASH_BOOT)
Saved PC:0x403758a8
SPIWP:0xee
mode:DIO, clock div:1
load:0x3fce3810,len:0x178c
load:0x403c9700,len:0x4
load:0x403c9704,len:0xcbc
load:0x403cc700,len:0x2da0
entry 0x403c9914
[0;32mI (31) boot: ESP-IDF HEAD-HASH-NOTFOUND 2nd stage bootloader[0m
[0;32mI (31) boot: compile time Mar 21 2024 10:58:43[0m
[0;32mI (31) boot: Multicore bootloader[0m
[0;32mI (35) boot: chip revision: v0.2[0m
[0;32mI (39) boot.esp32s3: Boot SPI Speed : 80MHz[0m
[0;32mI (44) boot.esp32s3: SPI Mode       : DIO[0m
[0;32mI (49) boot.esp32s3: SPI Flash Size : 8MB[0m
[0;32mI (53) boot: Enabling RNG early entropy source...[0m
[0;32mI (59) boot: Partition Table:[0m
[0;32mI (62) boot: ## Label            Usage          Type ST Offset   Length[0m
[0;32mI (70) boot:  0 nvs              WiFi data        01 02 00009000 00006000[0m
[0;32mI (77) boot:  1 phy_init         RF data          01 01 0000f000 00001000[0m
[0;32mI (85) boot:  2 factory          factory app      00 00 00010000 00100000[0m
[0;32mI (92) boot: End of partition table[0m
[0;32mI (96) esp_image: segment 0: paddr=00010020 vaddr=3c020020 size=0d1bch ( 53692) map[0m
[0;32mI (114) esp_image: segment 1: paddr=0001d1e4 vaddr=3fc92700 size=02e34h ( 11828) load[0m
[0;32mI (117) esp_image: segment 2: paddr=00020020 vaddr=42000020 size=19bb8h (105400) map[0m
[0;32mI (140) esp_image: segment 3: paddr=00039be0 vaddr=3fc95534 size=07ad8h ( 31448) load[0m
[0;32mI (147) esp_image: segment 4: paddr=000416c0 vaddr=40374000 size=0e650h ( 58960) load[0m
[0;32mI (168) boot: Loaded app from partition at offset 0x10000[0m
[0;32mI (168) boot: Disabling RNG early entropy source...[0m
[0;32mI (179) cpu_start: Multicore app[0m
[0;32mI (189) cpu_start: Pro cpu start user code[0m
[0;32mI (189) cpu_start: cpu freq: 160000000 Hz[0m
[0;32mI (189) cpu_start: Application information:[0m
[0;32mI (192) cpu_start: Project name:     mantis_solenoid_esim[0m
[0;32mI (198) cpu_start: App version:      1[0m
[0;32mI (202) cpu_start: Compile time:     Mar 21 2024 10:58:41[0m
[0;32mI (209) cpu_start: ELF file SHA256:  cb1515cf9...[0m
[0;32mI (214) cpu_start: ESP-IDF:          HEAD-HASH-NOTFOUND[0m
[0;32mI (220) cpu_start: Min chip rev:     v0.0[0m
[0;32mI (225) cpu_start: Max chip rev:     v0.99 [0m
[0;32mI (229) cpu_start: Chip rev:         v0.2[0m
[0;32mI (234) heap_init: Initializing. RAM available for dynamic allocation:[0m
[0;32mI (241) heap_init: At 3FC9DA30 len 0004BCE0 (303 KiB): RAM[0m
[0;32mI (247) heap_init: At 3FCE9710 len 00005724 (21 KiB): RAM[0m
[0;32mI (254) heap_init: At 3FCF0000 len 00008000 (32 KiB): DRAM[0m
[0;32mI (260) heap_init: At 600FE010 len 00001FD8 (7 KiB): RTCRAM[0m
[0;32mI (267) spi_flash: detected chip: gd[0m
[0;32mI (270) spi_flash: flash io: dio[0m
[0;32mI (274) sleep: Configure to isolate all GPIO pins in sleep state[0m
[0;32mI (281) sleep: Enable automatic switching of GPIO sleep configuration[0m
[0;32mI (288) main_task: Started on CPU0[0m
[0;32mI (298) main_task: Calling app_main()[0m
[0;32mI (298) ----MIAN----: Example configured to blink GPIO LED![0m
[0;32mI (298) gpio: GPIO[4]| InputEn: 0| OutputEn: 0| OpenDrain: 0| Pullup: 1| Pulldown: 0| Intr:0 [0m
[0;32mI (328) main_task: Returned from app_main()[0m
[0;32mI (808) ----MIAN----: -----------------trang thai led 0------------------[0m

***ERROR*** A stack overflow in task Tmr Svc has been detected.


Backtrace: 0x40375932:0x3fca2d40 0x40379bc9:0x3fca2d60 0x4037aa4a:0x3fca2d80 0x4037c093:0x3fca2e00 0x4037ab10:0x3fca2e20 0x4037ab06:0x3fca2e50 0x42008171:0x00000004 |<-CORRUPTED




ELF file SHA256: cb1515cf9

Rebooting...
ESP-ROM:esp32s3-20210327
Build:Mar 27 2021
rst:0xc (RTC_SW_CPU_RST),boot:0x8 (SPI_FAST_FLASH_BOOT)
Saved PC:0x403758a8
SPIWP:0xee
mode:DIO, clock div:1
load:0x3fce3810,len:0x178c
load:0x403c9700,len:0x4
load:0x403c9704,len:0xcbc
load:0x403cc700,len:0x2da0
entry 0x403c9914
[0;32mI (31) boot: ESP-IDF HEAD-HASH-NOTFOUND 2nd stage bootloader[0m
[0;32mI (31) boot: compile time Mar 21 2024 10:58:43[0m
[0;32mI (31) boot: Multicore bootloader[0m
[0;32mI (35) boot: chip revision: v0.2[0m
[0;32mI (39) boot.esp32s3: Boot SPI Speed : 80MHz[0m
[0;32mI (44) boot.esp32s3: SPI Mode       : DIO[0m
[0;32mI (49) boot.esp32s3: SPI Flash Size : 8MB[0m
[0;32mI (53) boot: Enabling RNG early entropy source...[0m
[0;32mI (59) boot: Partition Table:[0m
[0;32mI (62) boot: ## Label            Usage          Type ST Offset   Length[0m
[0;32mI (70) boot:  0 nvs              WiFi data        01 02 00009000 00006000[0m
[0;32mI (77) boot:  1 phy_init         RF data          01 01 0000f000 00001000[0m
[0;32mI (85) boot:  2 factory          factory app      00 00 00010000 00100000[0m
[0;32mI (92) boot: End of partition table[0m
[0;32mI (96) esp_image: segment 0: paddr=00010020 vaddr=3c020020 size=0d1bch ( 53692) map[0m
[0;32mI (114) esp_image: segment 1: paddr=0001d1e4 vaddr=3fc92700 size=02e34h ( 11828) load[0m
[0;32mI (117) esp_image: segment 2: paddr=00020020 vaddr=42000020 size=19bb8h (105400) map[0m
[0;32mI (140) esp_image: segment 3: paddr=00039be0 vaddr=3fc95534 size=07ad8h ( 31448) load[0m
[0;32mI (147) esp_image: segment 4: paddr=000416c0 vaddr=40374000 size=0e650h ( 58960) load[0m
[0;32mI (168) boot: Loaded app from partition at offset 0x10000[0m
[0;32mI (168) boot: Disabling RNG early entropy source...[0m
[0;32mI (179) cpu_start: Multicore app[0m
[0;32mI (189) cpu_start: Pro cpu start user code[0m
[0;32mI (189) cpu_start: cpu freq: 160000000 Hz[0m
[0;32mI (189) cpu_start: Application information:[0m
[0;32mI (192) cpu_start: Project name:     mantis_solenoid_esim[0m
[0;32mI (198) cpu_start: App version:      1[0m
[0;32mI (202) cpu_start: Compile time:     Mar 21 2024 10:58:41[0m
[0;32mI (209) cpu_start: ELF file SHA256:  cb1515cf9...[0m
[0;32mI (214) cpu_start: ESP-IDF:          HEAD-HASH-NOTFOUND[0m
[0;32mI (220) cpu_start: Min chip rev:     v0.0[0m
[0;32mI (225) cpu_start: Max chip rev:     v0.99 [0m
[0;32mI (229) cpu_start: Chip rev:         v0.2[0m
[0;32mI (234) heap_init: Initializing. RAM available for dynamic allocation:[0m
[0;32mI (241) heap_init: At 3FC9DA30 len 0004BCE0 (303 KiB): RAM[0m
[0;32mI (247) heap_init: At 3FCE9710 len 00005724 (21 KiB): RAM[0m
[0;32mI (254) heap_init: At 3FCF0000 len 00008000 (32 KiB): DRAM[0m
[0;32mI (260) heap_init: At 600FE010 len 00001FD8 (7 KiB): RTCRAM[0m
[0;32mI (267) spi_flash: detected chip: gd[0m
[0;32mI (270) spi_flash: flash io: dio[0m
[0;32mI (274) sleep: Configure to isolate all GPIO pins in sleep state[0m
[0;32mI (281) sleep: Enable automatic switching of GPIO sleep configuration[0m
[0;32mI (288) main_task: Started on CPU0[0m
[0;32mI (298) main_task: Calling app_main()[0m
[0;32mI (298) ----MIAN----: Example configured to blink GPIO LED![0m
[0;32mI (298) gpio: GPIO[4]| InputEn: 0| OutputEn: 0| OpenDrain: 0| Pullup: 1| Pulldown: 0| Intr:0 [0m
[0;32mI (328) main_task: Returned from app_main()[0m
[0;32mI (808) ----MIAN----: -----------------trang thai led 0------------------[0m

***ERROR*** A stack overflow in task Tmr Svc has been detected.


Backtrace: 0x40375932:0x3fca2d40 0x40379bc9:0x3fca2d60 0x4037aa4a:0x3fca2d80 0x4037c093:0x3fca2e00 0x4037ab10:0x3fca2e20 0x4037ab06:0x3fca2e50 0x42008171:0x00000004 |<-CORRUPTED




ELF file SHA256: cb1515cf9

Rebooting...
ESP-ROM:esp32s3-20210327
Build:Mar 27 2021
rst:0xc (RTC_SW_CPU_RST),boot:0x8 (SPI_FAST_FLASH_BOOT)
Saved PC:0x403758a8
SPIWP:0xee
mode:DIO, clock div:1
load:0x3fce3810,len:0x178c
load:0x403c9700,len:0x4
load:0x403c9704,len:0xcbc
load:0x403cc700,len:0x2da0
entry 0x403c9914
[0;32mI (31) boot: ESP-IDF HEAD-HASH-NOTFOUND 2nd stage bootloader[0m
[0;32mI (31) boot: compile time Mar 21 2024 10:58:43[0m
[0;32mI (31) boot: Multicore bootloader[0m
[0;32mI (35) boot: chip revision: v0.2[0m
[0;32mI (39) boot.esp32s3: Boot SPI Speed : 80MHz[0m
[0;32mI (44) boot.esp32s3: SPI Mode       : DIO[0m
[0;32mI (49) boot.esp32s3: SPI Flash Size : 8MB[0m
[0;32mI (53) boot: Enabling RNG early entropy source...[0m
[0;32mI (59) boot: Partition Table:[0m
[0;32mI (62) boot: ## Label            Usage          Type ST Offset   Length[0m
[0;32mI (70) boot:  0 nvs              WiFi data        01 02 00009000 00006000[0m
[0;32mI (77) boot:  1 phy_init         RF data          01 01 0000f000 00001000[0m
[0;32mI (85) boot:  2 factory          factory app      00 00 00010000 00100000[0m
[0;32mI (92) boot: End of partition table[0m
[0;32mI (96) esp_image: segment 0: paddr=00010020 vaddr=3c020020 size=0d1bch ( 53692) map[0m
[0;32mI (114) esp_image: segment 1: paddr=0001d1e4 vaddr=3fc92700 size=02e34h ( 11828) load[0m
[0;32mI (117) esp_image: segment 2: paddr=00020020 vaddr=42000020 size=19bb8h (105400) map[0m
[0;32mI (140) esp_image: segment 3: paddr=00039be0 vaddr=3fc95534 size=07ad8h ( 31448) load[0m
[0;32mI (147) esp_image: segment 4: paddr=000416c0 vaddr=40374000 size=0e650h ( 58960) load[0m
[0;32mI (168) boot: Loaded app from partition at offset 0x10000[0m
[0;32mI (168) boot: Disabling RNG early entropy source...[0m
[0;32mI (179) cpu_start: Multicore app[0m
[0;32mI (189) cpu_start: Pro cpu start user code[0m
[0;32mI (189) cpu_start: cpu freq: 160000000 Hz[0m
[0;32mI (189) cpu_start: Application information:[0m
[0;32mI (192) cpu_start: Project name:     mantis_solenoid_esim[0m
[0;32mI (198) cpu_start: App version:      1[0m
[0;32mI (202) cpu_start: Compile time:     Mar 21 2024 10:58:41[0m
[0;32mI (209) cpu_start: ELF file SHA256:  cb1515cf9...[0m
[0;32mI (214) cpu_start: ESP-IDF:          HEAD-HASH-NOTFOUND[0m
[0;32mI (220) cpu_start: Min chip rev:     v0.0[0m
[0;32mI (225) cpu_start: Max chip rev:     v0.99 [0m
[0;32mI (229) cpu_start: Chip rev:         v0.2[0m
[0;32mI (234) heap_init: Initializing. RAM available for dynamic allocation:[0m
[0;32mI (241) heap_init: At 3FC9DA30 len 0004BCE0 (303 KiB): RAM[0m
[0;32mI (247) heap_init: At 3FCE9710 len 00005724 (21 KiB): RAM[0m
[0;32mI (254) heap_init: At 3FCF0000 len 00008000 (32 KiB): DRAM[0m
[0;32mI (260) heap_init: At 600FE010 len 00001FD8 (7 KiB): RTCRAM[0m
[0;32mI (267) spi_flash: detected chip: gd[0m
[0;32mI (270) spi_flash: flash io: dio[0m
[0;32mI (274) sleep: Configure to isolate all GPIO pins in sleep state[0m
[0;32mI (281) sleep: Enable automatic switching of GPIO sleep configuration[0m
[0;32mI (288) main_task: Started on CPU0[0m
[0;32mI (298) main_task: Calling app_main()[0m
[0;32mI (298) ----MIAN----: Example configured to blink GPIO LED![0m
[0;32mI (298) gpio: GPIO[4]| InputEn: 0| OutputEn: 0| OpenDrain: 0| Pullup: 1| Pulldown: 0| Intr:0 [0m
[0;32mI (328) main_task: Returned from app_main()[0m
[0;32mI (808) ----MIAN----: -----------------trang thai led 0------------------[0m

***ERROR*** A stack overflow in task Tmr Svc has been detected.


Backtrace: 0x40375932:0x3fca2d40 0x40379bc9:0x3fca2d60 0x4037aa4a:0x3fca2d80 0x4037c093:0x3fca2e00 0x4037ab10:0x3fca2e20 0x4037ab06:0x3fca2e50 0x42008171:0x00000004 |<-CORRUPTED




ELF file SHA256: cb1515cf9

Rebooting...
ESP-ROM:esp32s3-20210327
Build:Mar 27 2021
rst:0xc (RTC_SW_CPU_RST),boot:0x8 (SPI_FAST_FLASH_BOOT)
Saved PC:0x403758a8
SPIWP:0xee
mode:DIO, clock div:1
load:0x3fce3810,len:0x178c
load:0x403c9700,len:0x4
load:0x403c9704,len:0xcbc
load:0x403cc700,len:0x2da0
entry 0x403c9914
[0;32mI (31) boot: ESP-IDF HEAD-HASH-NOTFOUND 2nd stage bootloader[0m
[0;32mI (31) boot: compile time Mar 21 2024 10:58:43[0m
[0;32mI (31) boot: Multicore bootloader[0m
[0;32mI (35) boot: chip revision: v0.2[0m
[0;32mI (39) boot.esp32s3: Boot SPI Speed : 80MHz[0m
[0;32mI (44) boot.esp32s3: SPI Mode       : DIO[0m
[0;32mI (49) boot.esp32s3: SPI Flash Size : 8MB[0m
[0;32mI (53) boot: Enabling RNG early entropy source...[0m
[0;32mI (59) boot: Partition Table:[0m
[0;32mI (62) boot: ## Label            Usage          Type ST Offset   Length[0m
[0;32mI (70) boot:  0 nvs              WiFi data        01 02 00009000 00006000[0m
[0;32mI (77) boot:  1 phy_init         RF data          01 01 0000f000 00001000[0m
[0;32mI (85) boot:  2 factory          factory app      00 00 00010000 00100000[0m
[0;32mI (92) boot: End of partition table[0m
[0;32mI (96) esp_image: segment 0: paddr=00010020 vaddr=3c020020 size=0d1bch ( 53692) map[0m
[0;32mI (114) esp_image: segment 1: paddr=0001d1e4 vaddr=3fc92700 size=02e34h ( 11828) load[0m
[0;32mI (117) esp_image: segment 2: paddr=00020020 vaddr=42000020 size=19bb8h (105400) map[0m
[0;32mI (140) esp_image: segment 3: paddr=00039be0 vaddr=3fc95534 size=07ad8h ( 31448) load[0m
[0;32mI (147) esp_image: segment 4: paddr=000416c0 vaddr=40374000 size=0e650h ( 58960) load[0m
[0;32mI (168) boot: Loaded app from partition at offset 0x10000[0m
[0;32mI (168) boot: Disabling RNG early entropy source...[0m
[0;32mI (179) cpu_start: Multicore app[0m
[0;32mI (189) cpu_start: Pro cpu start user code[0m
[0;32mI (189) cpu_start: cpu freq: 160000000 Hz[0m
[0;32mI (189) cpu_start: Application information:[0m
[0;32mI (192) cpu_start: Project name:     mantis_solenoid_esim[0m
[0;32mI (198) cpu_start: App version:      1[0m
[0;32mI (202) cpu_start: Compile time:     Mar 21 2024 10:58:41[0m
[0;32mI (209) cpu_start: ELF file SHA256:  cb1515cf9...[0m
[0;32mI (214) cpu_start: ESP-IDF:          HEAD-HASH-NOTFOUND[0m
[0;32mI (220) cpu_start: Min chip rev:     v0.0[0m
[0;32mI (225) cpu_start: Max chip rev:     v0.99 [0m
[0;32mI (229) cpu_start: Chip rev:         v0.2[0m
[0;32mI (234) heap_init: Initializing. RAM available for dynamic allocation:[0m
[0;32mI (241) heap_init: At 3FC9DA30 len 0004BCE0 (303 KiB): RAM[0m
[0;32mI (247) heap_init: At 3FCE9710 len 00005724 (21 KiB): RAM[0m
[0;32mI (254) heap_init: At 3FCF0000 len 00008000 (32 KiB): DRAM[0m
[0;32mI (260) heap_init: At 600FE010 len 00001FD8 (7 KiB): RTCRAM[0m
[0;32mI (267) spi_flash: detected chip: gd[0m
[0;32mI (270) spi_flash: flash io: dio[0m
[0;32mI (274) sleep: Configure to isolate all GPIO pins in sleep state[0m
[0;32mI (281) sleep: Enable automatic switching of GPIO sleep configuration[0m
[0;32mI (288) main_task: Started on CPU0[0m
[0;32mI (298) main_task: Calling app_main()[0m
[0;32mI (298) ----MIAN----: Example configured to blink GPIO LED![0m
[0;32mI (298) gpio: GPIO[4]| InputEn: 0| OutputEn: 0| OpenDrain: 0| Pullup: 1| Pulldown: 0| Intr:0 [0m
[0;32mI (328) main_task: Returned from app_main()[0m
[0;32mI (808) ----MIAN----: -----------------trang thai led 0------------------[0m

***ERROR*** A stack overflow in task Tmr Svc has been detected.


Backtrace: 0x40375932:0x3fca2d40 0x40379bc9:0x3fca2d60 0x4037aa4a:0x3fca2d80 0x4037c093:0x3fca2e00 0x4037ab10:0x3fca2e20 0x4037ab06:0x3fca2e50 0x42008171:0x00000004 |<-CORRUPTED




ELF file SHA256: cb1515cf9

Rebooting...
ESP-ROM:esp32s3-20210327
Build:Mar 27 2021
rst:0xc (RTC_SW_CPU_RST),boot:0x8 (SPI_FAST_FLASH_BOOT)
Saved PC:0x403758a8
SPIWP:0xee
mode:DIO, clock div:1
load:0x3fce3810,len:0x178c
load:0x403c9700,len:0x4
load:0x403c9704,len:0xcbc
load:0x403cc700,len:0x2da0
entry 0x403c9914
[0;32mI (31) boot: ESP-IDF HEAD-HASH-NOTFOUND 2nd stage bootloader[0m
[0;32mI (31) boot: compile time Mar 21 2024 10:58:43[0m
[0;32mI (31) boot: Multicore bootloader[0m
[0;32mI (35) boot: chip revision: v0.2[0m
[0;32mI (39) boot.esp32s3: Boot SPI Speed : 80MHz[0m
[0;32mI (44) boot.esp32s3: SPI Mode       : DIO[0m
[0;32mI (49) boot.esp32s3: SPI Flash Size : 8MB[0m
[0;32mI (53) boot: Enabling RNG early entropy source...[0m
[0;32mI (59) boot: Partition Table:[0m
[0;32mI (62) boot: ## Label            Usage          Type ST Offset   Length[0m
[0;32mI (70) boot:  0 nvs              WiFi data        01 02 00009000 00006000[0m
[0;32mI (77) boot:  1 phy_init         RF data          01 01 0000f000 00001000[0m
[0;32mI (85) boot:  2 factory          factory app      00 00 00010000 00100000[0m
[0;32mI (92) boot: End of partition table[0m
[0;32mI (96) esp_image: segment 0: paddr=00010020 vaddr=3c020020 size=0d1bch ( 53692) map[0m
[0;32mI (114) esp_image: segment 1: paddr=0001d1e4 vaddr=3fc92700 size=02e34h ( 11828) load[0m
[0;32mI (117) esp_image: segment 2: paddr=00020020 vaddr=42000020 size=19bb8h (105400) map[0m
[0;32mI (140) esp_image: segment 3: paddr=00039be0 vaddr=3fc95534 size=07ad8h ( 31448) load[0m
[0;32mI (147) esp_image: segment 4: paddr=000416c0 vaddr=40374000 size=0e650h ( 58960) load[0m
[0;32mI (168) boot: Loaded app from partition at offset 0x10000[0m
[0;32mI (168) boot: Disabling RNG early entropy source...[0m
[0;32mI (179) cpu_start: Multicore app[0m
[0;32mI (189) cpu_start: Pro cpu start user code[0m
[0;32mI (189) cpu_start: cpu freq: 160000000 Hz[0m
[0;32mI (189) cpu_start: Application information:[0m
[0;32mI (192) cpu_start: Project name:     mantis_solenoid_esim[0m
[0;32mI (198) cpu_start: App version:      1[0m
[0;32mI (202) cpu_start: Compile time:     Mar 21 2024 10:58:41[0m
[0;32mI (209) cpu_start: ELF file SHA256:  cb1515cf9...[0m
[0;32mI (214) cpu_start: ESP-IDF:          HEAD-HASH-NOTFOUND[0m
[0;32mI (220) cpu_start: Min chip rev:     v0.0[0m
[0;32mI (225) cpu_start: Max chip rev:     v0.99 [0m
[0;32mI (229) cpu_start: Chip rev:         v0.2[0m
[0;32mI (234) heap_init: Initializing. RAM available for dynamic allocation:[0m
[0;32mI (241) heap_init: At 3FC9DA30 len 0004BCE0 (303 KiB): RAM[0m
[0;32mI (247) heap_init: At 3FCE9710 len 00005724 (21 KiB): RAM[0m
[0;32mI (254) heap_init: At 3FCF0000 len 00008000 (32 KiB): DRAM[0m
[0;32mI (260) heap_init: At 600FE010 len 00001FD8 (7 KiB): RTCRAM[0m
[0;32mI (267) spi_flash: detected chip: gd[0m
[0;32mI (270) spi_flash: flash io: dio[0m
[0;32mI (274) sleep: Configure to isolate all GPIO pins in sleep state[0m
[0;32mI (281) sleep: Enable automatic switching of GPIO sleep configuration[0m
[0;32mI (288) main_task: Started on CPU0[0m
[0;32mI (298) main_task: Calling app_main()[0m
[0;32mI (298) ----MIAN----: Example configured to blink GPIO LED![0m
[0;32mI (298) gpio: GPIO[4]| InputEn: 0| OutputEn: 0| OpenDrain: 0| Pullup: 1| Pulldown: 0| Intr:0 [0m
[0;32mI (328) main_task: Returned from app_main()[0m
[0;32mI (808) ----MIAN----: -----------------trang thai led 0------------------[0m

***ERROR*** A stack overflow in task Tmr Svc has been detected.


Backtrace: 0x40375932:0x3fca2d40 0x40379bc9:0x3fca2d60 0x4037aa4a:0x3fca2d80 0x4037c093:0x3fca2e00 0x4037ab10:0x3fca2e20 0x4037ab06:0x3fca2e50 0x42008171:0x00000004 |<-CORRUPTED




ELF file SHA256: cb1515cf9

Rebooting...
ESP-ROM:esp32s3-20210327
Build:Mar 27 2021
rst:0xc (RTC_SW_CPU_RST),boot:0x8 (SPI_FAST_FLASH_BOOT)
Saved PC:0x403758a8
SPIWP:0xee
mode:DIO, clock div:1
load:0x3fce3810,len:0x178c
load:0x403c9700,len:0x4
load:0x403c9704,len:0xcbc
load:0x403cc700,len:0x2da0
entry 0x403c9914
[0;32mI (31) boot: ESP-IDF HEAD-HASH-NOTFOUND 2nd stage bootloader[0m
[0;32mI (31) boot: compile time Mar 21 2024 10:58:43[0m
[0;32mI (31) boot: Multicore bootloader[0m
[0;32mI (35) boot: chip revision: v0.2[0m
[0;32mI (39) boot.esp32s3: Boot SPI Speed : 80MHz[0m
[0;32mI (44) boot.esp32s3: SPI Mode       : DIO[0m
[0;32mI (49) boot.esp32s3: SPI Flash Size : 8MB[0m
[0;32mI (53) boot: Enabling RNG early entropy source...[0m
[0;32mI (59) boot: Partition Table:[0m
[0;32mI (62) boot: ## Label            Usage          Type ST Offset   Length[0m
[0;32mI (70) boot:  0 nvs              WiFi data        01 02 00009000 00006000[0m
[0;32mI (77) boot:  1 phy_init         RF data          01 01 0000f000 00001000[0m
[0;32mI (85) boot:  2 factory          factory app      00 00 00010000 00100000[0m
[0;32mI (92) boot: End of partition table[0m
[0;32mI (96) esp_image: segment 0: paddr=00010020 vaddr=3c020020 size=0d1bch ( 53692) map[0m
[0;32mI (114) esp_image: segment 1: paddr=0001d1e4 vaddr=3fc92700 size=02e34h ( 11828) load[0m
[0;32mI (117) esp_image: segment 2: paddr=00020020 vaddr=42000020 size=19bb8h (105400) map[0m
[0;32mI (140) esp_image: segment 3: paddr=00039be0 vaddr=3fc95534 size=07ad8h ( 31448) load[0m
[0;32mI (147) esp_image: segment 4: paddr=000416c0 vaddr=40374000 size=0e650h ( 58960) load[0m
[0;32mI (168) boot: Loaded app from partition at offset 0x10000[0m
[0;32mI (168) boot: Disabling RNG early entropy source...[0m
[0;32mI (179) cpu_start: Multicore app[0m
[0;32mI (189) cpu_start: Pro cpu start user code[0m
[0;32mI (189) cpu_start: cpu freq: 160000000 Hz[0m
[0;32mI (189) cpu_start: Application information:[0m
[0;32mI (192) cpu_start: Project name:     mantis_solenoid_esim[0m
[0;32mI (198) cpu_start: App version:      1[0m
[0;32mI (202) cpu_start: Compile time:     Mar 21 2024 10:58:41[0m
[0;32mI (209) cpu_start: ELF file SHA256:  cb1515cf9...[0m
[0;32mI (214) cpu_start: ESP-IDF:          HEAD-HASH-NOTFOUND[0m
[0;32mI (220) cpu_start: Min chip rev:     v0.0[0m
[0;32mI (225) cpu_start: Max chip rev:     v0.99 [0m
[0;32mI (229) cpu_start: Chip rev:         v0.2[0m
[0;32mI (234) heap_init: Initializing. RAM available for dynamic allocation:[0m
[0;32mI (241) heap_init: At 3FC9DA30 len 0004BCE0 (303 KiB): RAM[0m
[0;32mI (247) heap_init: At 3FCE9710 len 00005724 (21 KiB): RAM[0m
[0;32mI (254) heap_init: At 3FCF0000 len 00008000 (32 KiB): DRAM[0m
[0;32mI (260) heap_init: At 600FE010 len 00001FD8 (7 KiB): RTCRAM[0m
[0;32mI (267) spi_flash: detected chip: gd[0m
[0;32mI (270) spi_flash: flash io: dio[0m
[0;32mI (274) sleep: Configure to isolate all GPIO pins in sleep state[0m
[0;32mI (281) sleep: Enable automatic switching of GPIO sleep configuration[0m
[0;32mI (288) main_task: Started on CPU0[0m
[0;32mI (298) main_task: Calling app_main()[0m
[0;32mI (298) ----MIAN----: Example configured to blink GPIO LED![0m
[0;32mI (298) gpio: GPIO[4]| InputEn: 0| OutputEn: 0| OpenDrain: 0| Pullup: 1| Pulldown: 0| Intr:0 [0m
[0;32mI (328) main_task: Returned from app_main()[0m
[0;32mI (808) ----MIAN----: -----------------trang thai led 0------------------[0m

***ERROR*** A stack overflow in task Tmr Svc has been detected.


Backtrace: 0x40375932:0x3fca2d40 0x40379bc9:0x3fca2d60 0x4037aa4a:0x3fca2d80 0x4037c093:0x3fca2e00 0x4037ab10:0x3fca2e20 0x4037ab06:0x3fca2e50 0x42008171:0x00000004 |<-CORRUPTED




ELF file SHA256: cb1515cf9

Rebooting...
ESP-ROM:esp32s3-20210327
Build:Mar 27 2021
rst:0xc (RTC_SW_CPU_RST),boot:0x8 (SPI_FAST_FLASH_BOOT)
Saved PC:0x403758a8
SPIWP:0xee
mode:DIO, clock div:1
load:0x3fce3810,len:0x178c
load:0x403c9700,len:0x4
load:0x403c9704,len:0xcbc
load:0x403cc700,len:0x2da0
entry 0x403c9914
[0;32mI (31) boot: ESP-IDF HEAD-HASH-NOTFOUND 2nd stage bootloader[0m
[0;32mI (31) boot: compile time Mar 21 2024 10:58:43[0m
[0;32mI (31) boot: Multicore bootloader[0m
[0;32mI (35) boot: chip revision: v0.2[0m
[0;32mI (39) boot.esp32s3: Boot SPI Speed : 80MHz[0m
[0;32mI (44) boot.esp32s3: SPI Mode       : DIO[0m
[0;32mI (49) boot.esp32s3: SPI Flash Size : 8MB[0m
[0;32mI (53) boot: Enabling RNG early entropy source...[0m
[0;32mI (59) boot: Partition Table:[0m
[0;32mI (62) boot: ## Label            Usage          Type ST Offset   Length[0m
[0;32mI (70) boot:  0 nvs              WiFi data        01 02 00009000 00006000[0m
[0;32mI (77) boot:  1 phy_init         RF data          01 01 0000f000 00001000[0m
[0;32mI (85) boot:  2 factory          factory app      00 00 00010000 00100000[0m
[0;32mI (92) boot: End of partition table[0m
[0;32mI (96) esp_image: segment 0: paddr=00010020 vaddr=3c020020 size=0d1bch ( 53692) map[0m
[0;32mI (114) esp_image: segment 1: paddr=0001d1e4 vaddr=3fc92700 size=02e34h ( 11828) load[0m
[0;32mI (117) esp_image: segment 2: paddr=00020020 vaddr=42000020 size=19bb8h (105400) map[0m
[0;32mI (140) esp_image: segment 3: paddr=00039be0 vaddr=3fc95534 size=07ad8h ( 31448) load[0m
[0;32mI (147) esp_image: segment 4: paddr=000416c0 vaddr=40374000 size=0e650h ( 58960) load[0m
[0;32mI (168) boot: Loaded app from partition at offset 0x10000[0m
[0;32mI (168) boot: Disabling RNG early entropy source...[0m
[0;32mI (179) cpu_start: Multicore app[0m
[0;32mI (189) cpu_start: Pro cpu start user code[0m
[0;32mI (189) cpu_start: cpu freq: 160000000 Hz[0m
[0;32mI (189) cpu_start: Application information:[0m
[0;32mI (192) cpu_start: Project name:     mantis_solenoid_esim[0m
[0;32mI (198) cpu_start: App version:      1[0m
[0;32mI (202) cpu_start: Compile time:     Mar 21 2024 10:58:41[0m
[0;32mI (209) cpu_start: ELF file SHA256:  cb1515cf9...[0m
[0;32mI (214) cpu_start: ESP-IDF:          HEAD-HASH-NOTFOUND[0m
[0;32mI (220) cpu_start: Min chip rev:     v0.0[0m
[0;32mI (225) cpu_start: Max chip rev:     v0.99 [0m
[0;32mI (229) cpu_start: Chip rev:         v0.2[0m
[0;32mI (234) heap_init: Initializing. RAM available for dynamic allocation:[0m
[0;32mI (241) heap_init: At 3FC9DA30 len 0004BCE0 (303 KiB): RAM[0m
[0;32mI (247) heap_init: At 3FCE9710 len 00005724 (21 KiB): RAM[0m
[0;32mI (254) heap_init: At 3FCF0000 len 00008000 (32 KiB): DRAM[0m
[0;32mI (260) heap_init: At 600FE010 len 00001FD8 (7 KiB): RTCRAM[0m
[0;32mI (267) spi_flash: detected chip: gd[0m
[0;32mI (270) spi_flash: flash io: dio[0m
[0;32mI (274) sleep: Configure to isolate all GPIO pins in sleep state[0m
[0;32mI (281) sleep: Enable automatic switching of GPIO sleep configuration[0m
[0;32mI (288) main_task: Started on CPU0[0m
[0;32mI (298) main_task: Calling app_main()[0m
[0;32mI (298) ----MIAN----: Example configured to blink GPIO LED![0m
[0;32mI (298) gpio: GPIO[4]| InputEn: 0| OutputEn: 0| OpenDrain: 0| Pullup: 1| Pulldown: 0| Intr:0 [0m
[0;32mI (328) main_task: Returned from app_main()[0m
[0;32mI (808) ----MIAN----: -----------------trang thai led 0------------------[0m

***ERROR*** A stack overflow in task Tmr Svc has been detected.


Backtrace: 0x40375932:0x3fca2d40 0x40379bc9:0x3fca2d60 0x4037aa4a:0x3fca2d80 0x4037c093:0x3fca2e00 0x4037ab10:0x3fca2e20 0x4037ab06:0x3fca2e50 0x42008171:0x00000004 |<-CORRUPTED




ELF file SHA256: cb1515cf9

Rebooting...
ESP-ROM:esp32s3-20210327
Build:Mar 27 2021
rst:0xc (RTC_SW_CPU_RST),boot:0x8 (SPI_FAST_FLASH_BOOT)
Saved PC:0x403758a8
SPIWP:0xee
mode:DIO, clock div:1
load:0x3fce3810,len:0x178c
load:0x403c9700,len:0x4
load:0x403c9704,len:0xcbc
load:0x403cc700,len:0x2da0
entry 0x403c9914
[0;32mI (31) boot: ESP-IDF HEAD-HASH-NOTFOUND 2nd stage bootloader[0m
[0;32mI (31) boot: compile time Mar 21 2024 10:58:43[0m
[0;32mI (31) boot: Multicore bootloader[0m
[0;32mI (35) boot: chip revision: v0.2[0m
[0;32mI (39) boot.esp32s3: Boot SPI Speed : 80MHz[0m
[0;32mI (44) boot.esp32s3: SPI Mode       : DIO[0m
[0;32mI (49) boot.esp32s3: SPI Flash Size : 8MB[0m
[0;32mI (53) boot: Enabling RNG early entropy source...[0m
[0;32mI (59) boot: Partition Table:[0m
[0;32mI (62) boot: ## Label            Usage          Type ST Offset   Length[0m
[0;32mI (70) boot:  0 nvs              WiFi data        01 02 00009000 00006000[0m
[0;32mI (77) boot:  1 phy_init         RF data          01 01 0000f000 00001000[0m
[0;32mI (85) boot:  2 factory          factory app      00 00 00010000 00100000[0m
[0;32mI (92) boot: End of partition table[0m
[0;32mI (96) esp_image: segment 0: paddr=00010020 vaddr=3c020020 size=0d1bch ( 53692) map[0m
[0;32mI (114) esp_image: segment 1: paddr=0001d1e4 vaddr=3fc92700 size=02e34h ( 11828) load[0m
[0;32mI (117) esp_image: segment 2: paddr=00020020 vaddr=42000020 size=19bb8h (105400) map[0m
[0;32mI (140) esp_image: segment 3: paddr=00039be0 vaddr=3fc95534 size=07ad8h ( 31448) load[0m
[0;32mI (147) esp_image: segment 4: paddr=000416c0 vaddr=40374000 size=0e650h ( 58960) load[0m
[0;32mI (168) boot: Loaded app from partition at offset 0x10000[0m
[0;32mI (168) boot: Disabling RNG early entropy source...[0m
[0;32mI (179) cpu_start: Multicore app[0m
[0;32mI (189) cpu_start: Pro cpu start user code[0m
[0;32mI (189) cpu_start: cpu freq: 160000000 Hz[0m
[0;32mI (189) cpu_start: Application information:[0m
[0;32mI (192) cpu_start: Project name:     mantis_solenoid_esim[0m
[0;32mI (198) cpu_start: App version:      1[0m
[0;32mI (202) cpu_start: Compile time:     Mar 21 2024 10:58:41[0m
[0;32mI (209) cpu_start: ELF file SHA256:  cb1515cf9...[0m
[0;32mI (214) cpu_start: ESP-IDF:          HEAD-HASH-NOTFOUND[0m
[0;32mI (220) cpu_start: Min chip rev:     v0.0[0m
[0;32mI (225) cpu_start: Max chip rev:     v0.99 [0m
[0;32mI (229) cpu_start: Chip rev:         v0.2[0m
[0;32mI (234) heap_init: Initializing. RAM available for dynamic allocation:[0m
[0;32mI (241) heap_init: At 3FC9DA30 len 0004BCE0 (303 KiB): RAM[0m
[0;32mI (247) heap_init: At 3FCE9710 len 00005724 (21 KiB): RAM[0m
[0;32mI (254) heap_init: At 3FCF0000 len 00008000 (32 KiB): DRAM[0m
[0;32mI (260) heap_init: At 600FE010 len 00001FD8 (7 KiB): RTCRAM[0m
[0;32mI (267) spi_flash: detected chip: gd[0m
[0;32mI (270) spi_flash: flash io: dio[0m
[0;32mI (274) sleep: Configure to isolate all GPIO pins in sleep state[0m
[0;32mI (281) sleep: Enable automatic switching of GPIO sleep configuration[0m
[0;32mI (288) main_task: Started on CPU0[0m
[0;32mI (298) main_task: Calling app_main()[0m
[0;32mI (298) ----MIAN----: Example configured to blink GPIO LED![0m
[0;32mI (298) gpio: GPIO[4]| InputEn: 0| OutputEn: 0| OpenDrain: 0| Pullup: 1| Pulldown: 0| Intr:0 [0m
[0;32mI (328) main_task: Returned from app_main()[0m
[0;32mI (808) ----MIAN----: -----------------trang thai led 0------------------[0m

***ERROR*** A stack overflow in task Tmr Svc has been detected.


Backtrace: 0x40375932:0x3fca2d40 0x40379bc9:0x3fca2d60 0x4037aa4a:0x3fca2d80 0x4037c093:0x3fca2e00 0x4037ab10:0x3fca2e20 0x4037ab06:0x3fca2e50 0x42008171:0x00000004 |<-CORRUPTED




ELF file SHA256: cb1515cf9

Rebooting...
ESP-ROM:esp32s3-20210327
Build:Mar 27 2021
rst:0xc (RTC_SW_CPU_RST),boot:0x8 (SPI_FAST_FLASH_BOOT)
Saved PC:0x403758a8
SPIWP:0xee
mode:DIO, clock div:1
load:0x3fce3810,len:0x178c
load:0x403c9700,len:0x4
load:0x403c9704,len:0xcbc
load:0x403cc700,len:0x2da0
entry 0x403c9914
[0;32mI (31) boot: ESP-IDF HEAD-HASH-NOTFOUND 2nd stage bootloader[0m
[0;32mI (31) boot: compile time Mar 21 2024 10:58:43[0m
[0;32mI (31) boot: Multicore bootloader[0m
[0;32mI (35) boot: chip revision: v0.2[0m
[0;32mI (39) boot.esp32s3: Boot SPI Speed : 80MHz[0m
[0;32mI (44) boot.esp32s3: SPI Mode       : DIO[0m
[0;32mI (49) boot.esp32s3: SPI Flash Size : 8MB[0m
[0;32mI (53) boot: Enabling RNG early entropy source...[0m
[0;32mI (59) boot: Partition Table:[0m
[0;32mI (62) boot: ## Label            Usage          Type ST Offset   Length[0m
[0;32mI (70) boot:  0 nvs              WiFi data        01 02 00009000 00006000[0m
[0;32mI (77) boot:  1 phy_init         RF data          01 01 0000f000 00001000[0m
[0;32mI (85) boot:  2 factory          factory app      00 00 00010000 00100000[0m
[0;32mI (92) boot: End of partition table[0m
[0;32mI (96) esp_image: segment 0: paddr=00010020 vaddr=3c020020 size=0d1bch ( 53692) map[0m
[0;32mI (114) esp_image: segment 1: paddr=0001d1e4 vaddr=3fc92700 size=02e34h ( 11828) load[0m
[0;32mI (117) esp_image: segment 2: paddr=00020020 vaddr=42000020 size=19bb8h (105400) map[0m
[0;32mI (140) esp_image: segment 3: paddr=00039be0 vaddr=3fc95534 size=07ad8h ( 31448) load[0m
[0;32mI (147) esp_image: segment 4: paddr=000416c0 vaddr=40374000 size=0e650h ( 58960) load[0m
[0;32mI (168) boot: Loaded app from partition at offset 0x10000[0m
[0;32mI (168) boot: Disabling RNG early entropy source...[0m
[0;32mI (179) cpu_start: Multicore app[0m
[0;32mI (189) cpu_start: Pro cpu start user code[0m
[0;32mI (189) cpu_start: cpu freq: 160000000 Hz[0m
[0;32mI (189) cpu_start: Application information:[0m
[0;32mI (192) cpu_start: Project name:     mantis_solenoid_esim[0m
[0;32mI (198) cpu_start: App version:      1[0m
[0;32mI (202) cpu_start: Compile time:     Mar 21 2024 10:58:41[0m
[0;32mI (209) cpu_start: ELF file SHA256:  cb1515cf9...[0m
[0;32mI (214) cpu_start: ESP-IDF:          HEAD-HASH-NOTFOUND[0m
[0;32mI (220) cpu_start: Min chip rev:     v0.0[0m
[0;32mI (225) cpu_start: Max chip rev:     v0.99 [0m
[0;32mI (229) cpu_start: Chip rev:         v0.2[0m
[0;32mI (234) heap_init: Initializing. RAM available for dynamic allocation:[0m
[0;32mI (241) heap_init: At 3FC9DA30 len 0004BCE0 (303 KiB): RAM[0m
[0;32mI (247) heap_init: At 3FCE9710 len 00005724 (21 KiB): RAM[0m
[0;32mI (254) heap_init: At 3FCF0000 len 00008000 (32 KiB): DRAM[0m
[0;32mI (260) heap_init: At 600FE010 len 00001FD8 (7 KiB): RTCRAM[0m
[0;32mI (267) spi_flash: detected chip: gd[0m
[0;32mI (270) spi_flash: flash io: dio[0m
[0;32mI (274) sleep: Configure to isolate all GPIO pins in sleep state[0m
[0;32mI (281) sleep: Enable automatic switching of GPIO sleep configuration[0m
[0;32mI (288) main_task: Started on CPU0[0m
[0;32mI (298) main_task: Calling app_main()[0m
[0;32mI (298) ----MIAN----: Example configured to blink GPIO LED![0m
[0;32mI (298) gpio: GPIO[4]| InputEn: 0| OutputEn: 0| OpenDrain: 0| Pullup: 1| Pulldown: 0| Intr:0 [0m
[0;32mI (328) main_task: Returned from app_main()[0m
[0;32mI (808) ----MIAN----: -----------------trang thai led 0------------------[0m

***ERROR*** A stack overflow in task Tmr Svc has been detected.


Backtrace: 0x40375932:0x3fca2d40 0x40379bc9:0x3fca2d60 0x4037aa4a:0x3fca2d80 0x4037c093:0x3fca2e00 0x4037ab10:0x3fca2e20 0x4037ab06:0x3fca2e50 0x42008171:0x00000004 |<-CORRUPTED




ELF file SHA256: cb1515cf9

Rebooting...
ESP-ROM:esp32s3-20210327
Build:Mar 27 2021
rst:0xc (RTC_SW_CPU_RST),boot:0x8 (SPI_FAST_FLASH_BOOT)
Saved PC:0x403758a8
SPIWP:0xee
mode:DIO, clock div:1
load:0x3fce3810,len:0x178c
load:0x403c9700,len:0x4
load:0x403c9704,len:0xcbc
load:0x403cc700,len:0x2da0
entry 0x403c9914
[0;32mI (31) boot: ESP-IDF HEAD-HASH-NOTFOUND 2nd stage bootloader[0m
[0;32mI (31) boot: compile time Mar 21 2024 10:58:43[0m
[0;32mI (31) boot: Multicore bootloader[0m
[0;32mI (35) boot: chip revision: v0.2[0m
[0;32mI (39) boot.esp32s3: Boot SPI Speed : 80MHz[0m
[0;32mI (44) boot.esp32s3: SPI Mode       : DIO[0m
[0;32mI (49) boot.esp32s3: SPI Flash Size : 8MB[0m
[0;32mI (53) boot: Enabling RNG early entropy source...[0m
[0;32mI (59) boot: Partition Table:[0m
[0;32mI (62) boot: ## Label            Usage          Type ST Offset   Length[0m
[0;32mI (70) boot:  0 nvs              WiFi data        01 02 00009000 00006000[0m
[0;32mI (77) boot:  1 phy_init         RF data          01 01 0000f000 00001000[0m
[0;32mI (85) boot:  2 factory          factory app      00 00 00010000 00100000[0m
[0;32mI (92) boot: End of partition table[0m
[0;32mI (96) esp_image: segment 0: paddr=00010020 vaddr=3c020020 size=0d1bch ( 53692) map[0m
[0;32mI (114) esp_image: segment 1: paddr=0001d1e4 vaddr=3fc92700 size=02e34h ( 11828) load[0m
[0;32mI (117) esp_image: segment 2: paddr=00020020 vaddr=42000020 size=19bb8h (105400) map[0m
[0;32mI (140) esp_image: segment 3: paddr=00039be0 vaddr=3fc95534 size=07ad8h ( 31448) load[0m
[0;32mI (147) esp_image: segment 4: paddr=000416c0 vaddr=40374000 size=0e650h ( 58960) load[0m
[0;32mI (168) boot: Loaded app from partition at offset 0x10000[0m
[0;32mI (168) boot: Disabling RNG early entropy source...[0m
[0;32mI (179) cpu_start: Multicore app[0m
[0;32mI (189) cpu_start: Pro cpu start user code[0m
[0;32mI (189) cpu_start: cpu freq: 160000000 Hz[0m
[0;32mI (189) cpu_start: Application information:[0m
[0;32mI (192) cpu_start: Project name:     mantis_solenoid_esim[0m
[0;32mI (198) cpu_start: App version:      1[0m
[0;32mI (202) cpu_start: Compile time:     Mar 21 2024 10:58:41[0m
[0;32mI (209) cpu_start: ELF file SHA256:  cb1515cf9...[0m
[0;32mI (214) cpu_start: ESP-IDF:          HEAD-HASH-NOTFOUND[0m
[0;32mI (220) cpu_start: Min chip rev:     v0.0[0m
[0;32mI (225) cpu_start: Max chip rev:     v0.99 [0m
[0;32mI (229) cpu_start: Chip rev:         v0.2[0m
[0;32mI (234) heap_init: Initializing. RAM available for dynamic allocation:[0m
[0;32mI (241) heap_init: At 3FC9DA30 len 0004BCE0 (303 KiB): RAM[0m
[0;32mI (247) heap_init: At 3FCE9710 len 00005724 (21 KiB): RAM[0m
[0;32mI (254) heap_init: At 3FCF0000 len 00008000 (32 KiB): DRAM[0m
[0;32mI (260) heap_init: At 600FE010 len 00001FD8 (7 KiB): RTCRAM[0m
[0;32mI (267) spi_flash: detected chip: gd[0m
[0;32mI (270) spi_flash: flash io: dio[0m
[0;32mI (274) sleep: Configure to isolate all GPIO pins in sleep state[0m
[0;32mI (281) sleep: Enable automatic switching of GPIO sleep configuration[0m
[0;32mI (288) main_task: Started on CPU0[0m
[0;32mI (298) main_task: Calling app_main()[0m
[0;32mI (298) ----MIAN----: Example configured to blink GPIO LED![0m
[0;32mI (298) gpio: GPIO[4]| InputEn: 0| OutputEn: 0| OpenDrain: 0| Pullup: 1| Pulldown: 0| Intr:0 [0m
[0;32mI (328) main_task: Returned from app_main()[0m
[0;32mI (808) ----MIAN----: -----------------trang thai led 0------------------[0m

***ERROR*** A stack overflow in task Tmr Svc has been detected.


Backtrace: 0x40375932:0x3fca2d40 0x40379bc9:0x3fca2d60 0x4037aa4a:0x3fca2d80 0x4037c093:0x3fca2e00 0x4037ab10:0x3fca2e20 0x4037ab06:0x3fca2e50 0x42008171:0x00000004 |<-CORRUPTED




ELF file SHA256: cb1515cf9

Rebooting...
ESP-ROM:esp32s3-20210327
Build:Mar 27 2021
rst:0xc (RTC_SW_CPU_RST),boot:0x8 (SPI_FAST_FLASH_BOOT)
Saved PC:0x403758a8
SPIWP:0xee
mode:DIO, clock div:1
load:0x3fce3810,len:0x178c
load:0x403c9700,len:0x4
load:0x403c9704,len:0xcbc
load:0x403cc700,len:0x2da0
entry 0x403c9914
[0;32mI (31) boot: ESP-IDF HEAD-HASH-NOTFOUND 2nd stage bootloader[0m
[0;32mI (31) boot: compile time Mar 21 2024 10:58:43[0m
[0;32mI (31) boot: Multicore bootloader[0m
[0;32mI (35) boot: chip revision: v0.2[0m
[0;32mI (39) boot.esp32s3: Boot SPI Speed : 80MHz[0m
[0;32mI (44) boot.esp32s3: SPI Mode       : DIO[0m
[0;32mI (49) boot.esp32s3: SPI Flash Size : 8MB[0m
[0;32mI (53) boot: Enabling RNG early entropy source...[0m
[0;32mI (59) boot: Partition Table:[0m
[0;32mI (62) boot: ## Label            Usage          Type ST Offset   Length[0m
[0;32mI (70) boot:  0 nvs              WiFi data        01 02 00009000 00006000[0m
[0;32mI (77) boot:  1 phy_init         RF data          01 01 0000f000 00001000[0m
[0;32mI (85) boot:  2 factory          factory app      00 00 00010000 00100000[0m
[0;32mI (92) boot: End of partition table[0m
[0;32mI (96) esp_image: segment 0: paddr=00010020 vaddr=3c020020 size=0d1bch ( 53692) map[0m
[0;32mI (114) esp_image: segment 1: paddr=0001d1e4 vaddr=3fc92700 size=02e34h ( 11828) load[0m
[0;32mI (117) esp_image: segment 2: paddr=00020020 vaddr=42000020 size=19bb8h (105400) map[0m
[0;32mI (140) esp_image: segment 3: paddr=00039be0 vaddr=3fc95534 size=07ad8h ( 31448) load[0m
[0;32mI (147) esp_image: segment 4: paddr=000416c0 vaddr=40374000 size=0e650h ( 58960) load[0m
[0;32mI (168) boot: Loaded app from partition at offset 0x10000[0m
[0;32mI (168) boot: Disabling RNG early entropy source...[0m
[0;32mI (179) cpu_start: Multicore app[0m
[0;32mI (189) cpu_start: Pro cpu start user code[0m
[0;32mI (189) cpu_start: cpu freq: 160000000 Hz[0m
[0;32mI (189) cpu_start: Application information:[0m
[0;32mI (192) cpu_start: Project name:     mantis_solenoid_esim[0m
[0;32mI (198) cpu_start: App version:      1[0m
[0;32mI (202) cpu_start: Compile time:     Mar 21 2024 10:58:41[0m
[0;32mI (209) cpu_start: ELF file SHA256:  cb1515cf9...[0m
[0;32mI (214) cpu_start: ESP-IDF:          HEAD-HASH-NOTFOUND[0m
[0;32mI (220) cpu_start: Min chip rev:     v0.0[0m
[0;32mI (225) cpu_start: Max chip rev:     v0.99 [0m
[0;32mI (229) cpu_start: Chip rev:         v0.2[0m
[0;32mI (234) heap_init: Initializing. RAM available for dynamic allocation:[0m
[0;32mI (241) heap_init: At 3FC9DA30 len 0004BCE0 (303 KiB): RAM[0m
[0;32mI (247) heap_init: At 3FCE9710 len 00005724 (21 KiB): RAM[0m
[0;32mI (254) heap_init: At 3FCF0000 len 00008000 (32 KiB): DRAM[0m
[0;32mI (260) heap_init: At 600FE010 len 00001FD8 (7 KiB): RTCRAM[0m
[0;32mI (267) spi_flash: detected chip: gd[0m
[0;32mI (270) spi_flash: flash io: dio[0m
[0;32mI (274) sleep: Configure to isolate all GPIO pins in sleep state[0m
[0;32mI (281) sleep: Enable automatic switching of GPIO sleep configuration[0m
[0;32mI (288) main_task: Started on CPU0[0m
[0;32mI (298) main_task: Calling app_main()[0m
[0;32mI (298) ----MIAN----: Example configured to blink GPIO LED![0m
[0;32mI (298) gpio: GPIO[4]| InputEn: 0| OutputEn: 0| OpenDrain: 0| Pullup: 1| Pulldown: 0| Intr:0 [0m
[0;32mI (328) main_task: Returned from app_main()[0m
[0;32mI (808) ----MIAN----: -----------------trang thai led 0------------------[0m

***ERROR*** A stack overflow in task Tmr Svc has been detected.


Backtrace: 0x40375932:0x3fca2d40 0x40379bc9:0x3fca2d60 0x4037aa4a:0x3fca2d80 0x4037c093:0x3fca2e00 0x4037ab10:0x3fca2e20 0x4037ab06:0x3fca2e50 0x42008171:0x00000004 |<-CORRUPTED




ELF file SHA256: cb1515cf9

Rebooting...
ESP-ROM:esp32s3-20210327
Build:Mar 27 2021
rst:0xc (RTC_SW_CPU_RST),boot:0x8 (SPI_FAST_FLASH_BOOT)
Saved PC:0x403758a8
SPIWP:0xee
mode:DIO, clock div:1
load:0x3fce3810,len:0x178c
load:0x403c9700,len:0x4
load:0x403c9704,len:0xcbc
load:0x403cc700,len:0x2da0
entry 0x403c9914
[0;32mI (31) boot: ESP-IDF HEAD-HASH-NOTFOUND 2nd stage bootloader[0m
[0;32mI (31) boot: compile time Mar 21 2024 10:58:43[0m
[0;32mI (31) boot: Multicore bootloader[0m
[0;32mI (35) boot: chip revision: v0.2[0m
[0;32mI (39) boot.esp32s3: Boot SPI Speed : 80MHz[0m
[0;32mI (44) boot.esp32s3: SPI Mode       : DIO[0m
[0;32mI (49) boot.esp32s3: SPI Flash Size : 8MB[0m
[0;32mI (53) boot: Enabling RNG early entropy source...[0m
[0;32mI (59) boot: Partition Table:[0m
[0;32mI (62) boot: ## Label            Usage          Type ST Offset   Length[0m
[0;32mI (70) boot:  0 nvs              WiFi data        01 02 00009000 00006000[0m
[0;32mI (77) boot:  1 phy_init         RF data          01 01 0000f000 00001000[0m
[0;32mI (85) boot:  2 factory          factory app      00 00 00010000 00100000[0m
[0;32mI (92) boot: End of partition table[0m
[0;32mI (96) esp_image: segment 0: paddr=00010020 vaddr=3c020020 size=0d1bch ( 53692) map[0m
[0;32mI (114) esp_image: segment 1: paddr=0001d1e4 vaddr=3fc92700 size=02e34h ( 11828) load[0m
[0;32mI (117) esp_image: segment 2: paddr=00020020 vaddr=42000020 size=19bb8h (105400) map[0m
[0;32mI (140) esp_image: segment 3: paddr=00039be0 vaddr=3fc95534 size=07ad8h ( 31448) load[0m
[0;32mI (147) esp_image: segment 4: paddr=000416c0 vaddr=40374000 size=0e650h ( 58960) load[0m
[0;32mI (168) boot: Loaded app from partition at offset 0x10000[0m
[0;32mI (168) boot: Disabling RNG early entropy source...[0m
[0;32mI (179) cpu_start: Multicore app[0m
[0;32mI (189) cpu_start: Pro cpu start user code[0m
[0;32mI (189) cpu_start: cpu freq: 160000000 Hz[0m
[0;32mI (189) cpu_start: Application information:[0m
[0;32mI (192) cpu_start: Project name:     mantis_solenoid_esim[0m
[0;32mI (198) cpu_start: App version:      1[0m
[0;32mI (202) cpu_start: Compile time:     Mar 21 2024 10:58:41[0m
[0;32mI (209) cpu_start: ELF file SHA256:  cb1515cf9...[0m
[0;32mI (214) cpu_start: ESP-IDF:          HEAD-HASH-NOTFOUND[0m
[0;32mI (220) cpu_start: Min chip rev:     v0.0[0m
[0;32mI (225) cpu_start: Max chip rev:     v0.99 [0m
[0;32mI (229) cpu_start: Chip rev:         v0.2[0m
[0;32mI (234) heap_init: Initializing. RAM available for dynamic allocation:[0m
[0;32mI (241) heap_init: At 3FC9DA30 len 0004BCE0 (303 KiB): RAM[0m
[0;32mI (247) heap_init: At 3FCE9710 len 00005724 (21 KiB): RAM[0m
[0;32mI (254) heap_init: At 3FCF0000 len 00008000 (32 KiB): DRAM[0m
[0;32mI (260) heap_init: At 600FE010 len 00001FD8 (7 KiB): RTCRAM[0m
[0;32mI (267) spi_flash: detected chip: gd[0m
[0;32mI (270) spi_flash: flash io: dio[0m
[0;32mI (274) sleep: Configure to isolate all GPIO pins in sleep state[0m
[0;32mI (281) sleep: Enable automatic switching of GPIO sleep configuration[0m
[0;32mI (288) main_task: Started on CPU0[0m
[0;32mI (298) main_task: Calling app_main()[0m
[0;32mI (298) ----MIAN----: Example configured to blink GPIO LED![0m
[0;32mI (298) gpio: GPIO[4]| InputEn: 0| OutputEn: 0| OpenDrain: 0| Pullup: 1| Pulldown: 0| Intr:0 [0m
[0;32mI (328) main_task: Returned from app_main()[0m
[0;32mI (808) ----MIAN----: -----------------trang thai led 0------------------[0m

***ERROR*** A stack overflow in task Tmr Svc has been detected.


Backtrace: 0x40375932:0x3fca2d40 0x40379bc9:0x3fca2d60 0x4037aa4a:0x3fca2d80 0x4037c093:0x3fca2e00 0x4037ab10:0x3fca2e20 0x4037ab06:0x3fca2e50 0x42008171:0x00000004 |<-CORRUPTED




ELF file SHA256: cb1515cf9

Rebooting...
ESP-ROM:esp32s3-20210327
Build:Mar 27 2021
rst:0xc (RTC_SW_CPU_RST),boot:0x8 (SPI_FAST_FLASH_BOOT)
Saved PC:0x403758a8
SPIWP:0xee
mode:DIO, clock div:1
load:0x3fce3810,len:0x178c
load:0x403c9700,len:0x4
load:0x403c9704,len:0xcbc
load:0x403cc700,len:0x2da0
entry 0x403c9914
[0;32mI (31) boot: ESP-IDF HEAD-HASH-NOTFOUND 2nd stage bootloader[0m
[0;32mI (31) boot: compile time Mar 21 2024 10:58:43[0m
[0;32mI (31) boot: Multicore bootloader[0m
[0;32mI (35) boot: chip revision: v0.2[0m
[0;32mI (39) boot.esp32s3: Boot SPI Speed : 80MHz[0m
[0;32mI (44) boot.esp32s3: SPI Mode       : DIO[0m
[0;32mI (49) boot.esp32s3: SPI Flash Size : 8MB[0m
[0;32mI (53) boot: Enabling RNG early entropy source...[0m
[0;32mI (59) boot: Partition Table:[0m
[0;32mI (62) boot: ## Label            Usage          Type ST Offset   Length[0m
[0;32mI (70) boot:  0 nvs              WiFi data        01 02 00009000 00006000[0m
[0;32mI (77) boot:  1 phy_init         RF data          01 01 0000f000 00001000[0m
[0;32mI (85) boot:  2 factory          factory app      00 00 00010000 00100000[0m
[0;32mI (92) boot: End of partition table[0m
[0;32mI (96) esp_image: segment 0: paddr=00010020 vaddr=3c020020 size=0d1bch ( 53692) map[0m
[0;32mI (114) esp_image: segment 1: paddr=0001d1e4 vaddr=3fc92700 size=02e34h ( 11828) load[0m
[0;32mI (117) esp_image: segment 2: paddr=00020020 vaddr=42000020 size=19bb8h (105400) map[0m
[0;32mI (140) esp_image: segment 3: paddr=00039be0 vaddr=3fc95534 size=07ad8h ( 31448) load[0m
[0;32mI (147) esp_image: segment 4: paddr=000416c0 vaddr=40374000 size=0e650h ( 58960) load[0m
[0;32mI (168) boot: Loaded app from partition at offset 0x10000[0m
[0;32mI (168) boot: Disabling RNG early entropy source...[0m
[0;32mI (179) cpu_start: Multicore app[0m
[0;32mI (189) cpu_start: Pro cpu start user code[0m
[0;32mI (189) cpu_start: cpu freq: 160000000 Hz[0m
[0;32mI (189) cpu_start: Application information:[0m
[0;32mI (192) cpu_start: Project name:     mantis_solenoid_esim[0m
[0;32mI (198) cpu_start: App version:      1[0m
[0;32mI (202) cpu_start: Compile time:     Mar 21 2024 10:58:41[0m
[0;32mI (209) cpu_start: ELF file SHA256:  cb1515cf9...[0m
[0;32mI (214) cpu_start: ESP-IDF:          HEAD-HASH-NOTFOUND[0m
[0;32mI (220) cpu_start: Min chip rev:     v0.0[0m
[0;32mI (225) cpu_start: Max chip rev:     v0.99 [0m
[0;32mI (229) cpu_start: Chip rev:         v0.2[0m
[0;32mI (234) heap_init: Initializing. RAM available for dynamic allocation:[0m
