ESP-ROM:esp32s3-20210327
Build:Mar 27 2021
rst:0x1 (POWERON),boot:0x8 (SPI_FAST_FLASH_BOOT)
SPIWP:0xee
mode:DIO, clock div:1
load:0x3fce3810,len:0x178c
load:0x403c9700,len:0x4
load:0x403c9704,len:0xcbc
load:0x403cc700,len:0x2da0
entry 0x403c9914
[0;32mI (27) boot: ESP-IDF HEAD-HASH-NOTFOUND 2nd stage bootloader[0m
[0;32mI (27) boot: compile time Mar 25 2024 11:26:55[0m
[0;32mI (27) boot: Multicore bootloader[0m
[0;32mI (31) boot: chip revision: v0.2[0m
[0;32mI (35) boot.esp32s3: Boot SPI Speed : 80MHz[0m
[0;32mI (40) boot.esp32s3: SPI Mode       : DIO[0m
[0;32mI (44) boot.esp32s3: SPI Flash Size : 8MB[0m
[0;32mI (49) boot: Enabling RNG early entropy source...[0m
[0;32mI (54) boot: Partition Table:[0m
[0;32mI (58) boot: ## Label            Usage          Type ST Offset   Length[0m
[0;32mI (65) boot:  0 nvs              WiFi data        01 02 00009000 00006000[0m
[0;32mI (73) boot:  1 phy_init         RF data          01 01 0000f000 00001000[0m
[0;32mI (80) boot:  2 factory          factory app      00 00 00010000 00100000[0m
[0;32mI (88) boot: End of partition table[0m
[0;32mI (92) esp_image: segment 0: paddr=00010020 vaddr=3c020020 size=0e684h ( 59012) map[0m
[0;32mI (111) esp_image: segment 1: paddr=0001e6ac vaddr=3fc93000 size=0196ch (  6508) load[0m
[0;32mI (113) esp_image: segment 2: paddr=00020020 vaddr=42000020 size=1fd68h (130408) map[0m
[0;32mI (141) esp_image: segment 3: paddr=0003fd90 vaddr=3fc9496c size=09110h ( 37136) load[0m
[0;32mI (148) esp_image: segment 4: paddr=00048ea8 vaddr=40374000 size=0ef7ch ( 61308) load[0m
[0;32mI (170) boot: Loaded app from partition at offset 0x10000[0m
[0;32mI (170) boot: Disabling RNG early entropy source...[0m
[0;32mI (181) cpu_start: Multicore app[0m
[0;32mI (191) cpu_start: Pro cpu start user code[0m
[0;32mI (191) cpu_start: cpu freq: 160000000 Hz[0m
[0;32mI (191) cpu_start: Application information:[0m
[0;32mI (194) cpu_start: Project name:     mantis_solenoid_esim[0m
[0;32mI (200) cpu_start: App version:      7f0de06-dirty[0m
[0;32mI (206) cpu_start: Compile time:     Mar 25 2024 11:41:33[0m
[0;32mI (212) cpu_start: ELF file SHA256:  1f62b26a8...[0m
[0;32mI (217) cpu_start: ESP-IDF:          HEAD-HASH-NOTFOUND[0m
[0;32mI (223) cpu_start: Min chip rev:     v0.0[0m
[0;32mI (228) cpu_start: Max chip rev:     v0.99 [0m
[0;32mI (233) cpu_start: Chip rev:         v0.2[0m
[0;32mI (237) heap_init: Initializing. RAM available for dynamic allocation:[0m
[0;32mI (245) heap_init: At 3FC9E400 len 0004B310 (300 KiB): RAM[0m
[0;32mI (251) heap_init: At 3FCE9710 len 00005724 (21 KiB): RAM[0m
[0;32mI (257) heap_init: At 3FCF0000 len 00008000 (32 KiB): DRAM[0m
[0;32mI (263) heap_init: At 600FE010 len 00001FD8 (7 KiB): RTCRAM[0m
[0;32mI (270) spi_flash: detected chip: gd[0m
[0;32mI (273) spi_flash: flash io: dio[0m
[0;32mI (278) sleep: Configure to isolate all GPIO pins in sleep state[0m
[0;32mI (284) sleep: Enable automatic switching of GPIO sleep configuration[0m
[0;32mI (292) main_task: Started on CPU0[0m
[0;32mI (302) main_task: Calling app_main()[0m
[0;32mI (302) ----MQTT Esim----: ----------------------Create UART -------------------------------- 
[0m
[0;32mI (312) gpio: GPIO[42]| InputEn: 0| OutputEn: 0| OpenDrain: 0| Pullup: 1| Pulldown: 0| Intr:0 [0m
[0;32mI (322) gpio: GPIO[9]| InputEn: 0| OutputEn: 0| OpenDrain: 0| Pullup: 1| Pulldown: 0| Intr:0 [0m
[0;32mI (332) gpio: GPIO[10]| InputEn: 0| OutputEn: 0| OpenDrain: 0| Pullup: 1| Pulldown: 0| Intr:0 [0m
[0;32mI (342) gpio: GPIO[11]| InputEn: 0| OutputEn: 0| OpenDrain: 0| Pullup: 1| Pulldown: 0| Intr:0 [0m
[0;32mI (342) gpio: GPIO[12]| InputEn: 0| OutputEn: 0| OpenDrain: 0| Pullup: 1| Pulldown: 0| Intr:0 [0m
[0;32mI (352) gpio: GPIO[4]| InputEn: 0| OutputEn: 0| OpenDrain: 0| Pullup: 1| Pulldown: 0| Intr:0 [0m
[0;32mI (362) ----MQTT Esim----: -----------------kich hoat module sim------------------[0m
[0;32mI (372) ----MQTT Esim----: Wrote AT+CRESET
 bytes[0m
[0;32mI (1882) ----MQTT Esim----: -----------------RESET SIM------------------[0m
[0;32mI (1882) ----MQTT Esim----: Wrote AT+CRESET
 bytes[0m
[0;32mI (7382) RX_TASK_ESIM: 
-------------Read 15 bytes: '
*ATREADY: 1
'-------------------[0m
[0;32mI (9032) RX_TASK_ESIM: 
-------------Read 16 bytes: '
+CPIN: READY
'-------------------[0m
[0;32mI (10012) RX_TASK_ESIM: 
-------------Read 12 bytes: '
SMS DONE
'-------------------[0m
[0;32mI (12412) RX_TASK_ESIM: 
-------------Read 1 bytes: ''-------------------[0m
ESP-ROM:esp32s3-20210327
Build:Mar 27 2021
rst:0x1 (POWERON),boot:0x8 (SPI_FAST_FLASH_BOOT)
SPIWP:0xee
mode:DIO, clock div:1
load:0x3fce3810,len:0x178c
load:0x403c9700,len:0x4
load:0x403c9704,len:0xcbc
load:0x403cc700,len:0x2da0
entry 0x403c9914
[0;32mI (27) boot: ESP-IDF HEAD-HASH-NOTFOUND 2nd stage bootloader[0m
[0;32mI (27) boot: compile time Mar 25 2024 11:26:55[0m
[0;32mI (27) boot: Multicore bootloader[0m
[0;32mI (31) boot: chip revision: v0.2[0m
[0;32mI (35) boot.esp32s3: Boot SPI Speed : 80MHz[0m
[0;32mI (40) boot.esp32s3: SPI Mode       : DIO[0m
[0;32mI (44) boot.esp32s3: SPI Flash Size : 8MB[0m
[0;32mI (49) boot: Enabling RNG early entropy source...[0m
[0;32mI (54) boot: Partition Table:[0m
[0;32mI (58) boot: ## Label            Usage          Type ST Offset   Length[0m
[0;32mI (65) boot:  0 nvs              WiFi data        01 02 00009000 00006000[0m
[0;32mI (73) boot:  1 phy_init         RF data          01 01 0000f000 00001000[0m
[0;32mI (80) boot:  2 factory          factory app      00 00 00010000 00100000[0m
[0;32mI (88) boot: End of partition table[0m
[0;32mI (92) esp_image: segment 0: paddr=00010020 vaddr=3c020020 size=0e684h ( 59012) map[0m
[0;32mI (111) esp_image: segment 1: paddr=0001e6ac vaddr=3fc93000 size=0196ch (  6508) load[0m
[0;32mI (113) esp_image: segment 2: paddr=00020020 vaddr=42000020 size=1fd68h (130408) map[0m
[0;32mI (141) esp_image: segment 3: paddr=0003fd90 vaddr=3fc9496c size=09110h ( 37136) load[0m
[0;32mI (148) esp_image: segment 4: paddr=00048ea8 vaddr=40374000 size=0ef7ch ( 61308) load[0m
[0;32mI (170) boot: Loaded app from partition at offset 0x10000[0m
[0;32mI (170) boot: Disabling RNG early entropy source...[0m
[0;32mI (181) cpu_start: Multicore app[0m
[0;32mI (191) cpu_start: Pro cpu start user code[0m
[0;32mI (191) cpu_start: cpu freq: 160000000 Hz[0m
[0;32mI (191) cpu_start: Application information:[0m
[0;32mI (194) cpu_start: Project name:     mantis_solenoid_esim[0m
[0;32mI (200) cpu_start: App version:      7f0de06-dirty[0m
[0;32mI (206) cpu_start: Compile time:     Mar 25 2024 11:41:33[0m
[0;32mI (212) cpu_start: ELF file SHA256:  1f62b26a8...[0m
[0;32mI (217) cpu_start: ESP-IDF:          HEAD-HASH-NOTFOUND[0m
[0;32mI (223) cpu_start: Min chip rev:     v0.0[0m
[0;32mI (228) cpu_start: Max chip rev:     v0.99 [0m
[0;32mI (233) cpu_start: Chip rev:         v0.2[0m
[0;32mI (237) heap_init: Initializing. RAM available for dynamic allocation:[0m
[0;32mI (245) heap_init: At 3FC9E400 len 0004B310 (300 KiB): RAM[0m
[0;32mI (251) heap_init: At 3FCE9710 len 00005724 (21 KiB): RAM[0m
[0;32mI (257) heap_init: At 3FCF0000 len 00008000 (32 KiB): DRAM[0m
[0;32mI (263) heap_init: At 600FE010 len 00001FD8 (7 KiB): RTCRAM[0m
[0;32mI (270) spi_flash: detected chip: gd[0m
[0;32mI (273) spi_flash: flash io: dio[0m
[0;32mI (278) sleep: Configure to isolate all GPIO pins in sleep state[0m
[0;32mI (284) sleep: Enable automatic switching of GPIO sleep configuration[0m
[0;32mI (292) main_task: Started on CPU0[0m
[0;32mI (302) main_task: Calling app_main()[0m
[0;32mI (302) ----MQTT Esim----: ----------------------Create UART -------------------------------- 
[0m
[0;32mI (312) gpio: GPIO[42]| InputEn: 0| OutputEn: 0| OpenDrain: 0| Pullup: 1| Pulldown: 0| Intr:0 [0m
[0;32mI (322) gpio: GPIO[9]| InputEn: 0| OutputEn: 0| OpenDrain: 0| Pullup: 1| Pulldown: 0| Intr:0 [0m
[0;32mI (332) gpio: GPIO[10]| InputEn: 0| OutputEn: 0| OpenDrain: 0| Pullup: 1| Pulldown: 0| Intr:0 [0m
[0;32mI (342) gpio: GPIO[11]| InputEn: 0| OutputEn: 0| OpenDrain: 0| Pullup: 1| Pulldown: 0| Intr:0 [0m
[0;32mI (342) gpio: GPIO[12]| InputEn: 0| OutputEn: 0| OpenDrain: 0| Pullup: 1| Pulldown: 0| Intr:0 [0m
[0;32mI (352) gpio: GPIO[4]| InputEn: 0| OutputEn: 0| OpenDrain: 0| Pullup: 1| Pulldown: 0| Intr:0 [0m
[0;32mI (362) ----MQTT Esim----: -----------------kich hoat module sim------------------[0m
[0;32mI (372) ----MQTT Esim----: Wrote AT+CRESET
 bytes[0m
[0;32mI (1882) ----MQTT Esim----: -----------------RESET SIM------------------[0m
[0;32mI (1882) ----MQTT Esim----: Wrote AT+CRESET
 bytes[0m
[0;32mI (7382) RX_TASK_ESIM: 
-------------Read 15 bytes: '
*ATREADY: 1
'-------------------[0m
[0;32mI (9032) RX_TASK_ESIM: 
-------------Read 16 bytes: '
+CPIN: READY
'-------------------[0m
[0;32mI (10012) RX_TASK_ESIM: 
-------------Read 12 bytes: '
SMS DONE
'-------------------[0m
[0;32mI (11512) RX_TASK_ESIM: 
-------------Read 46 bytes: '
+CGEV: EPS PDN ACT 1

*COPN:0,"MobiFone"
'-------------------[0m
[0;32mI (19612) RX_TASK_ESIM: 
-------------Read 11 bytes: '
PB DONE
'-------------------[0m
[0;32mI (19612) ---WRITE ESIM---: Wrote AT
 bytes[0m
[0;32mI (19612) ----PWM_50Hz----: -----------------CREATE PWM 50Hz------------------[0m
[0;32mI (19622) main_task: Returned from app_main()[0m
[0;32mI (19762) RX_TASK_ESIM: 
-------------Read 9 bytes: 'AT
OK
'-------------------[0m
[0;32mI (19812) ---WRITE ESIM---: Wrote ATE0
 bytes[0m
[0;32mI (19912) RX_TASK_ESIM: 
-------------Read 11 bytes: 'ATE0
OK
'-------------------[0m
[0;32mI (20012) ---WRITE ESIM---: Wrote AT+CSQ
 bytes[0m
[0;32mI (20112) RX_TASK_ESIM: 
-------------Read 21 bytes: '
+CSQ: 25,99

OK
'-------------------[0m
[0;32mI (20212) ---WRITE ESIM---: Wrote AT+CMQTTSTOP
 bytes[0m
[0;32mI (20312) RX_TASK_ESIM: 
-------------Read 9 bytes: '
ERROR
'-------------------[0m
[0;32mI (20412) ---WRITE ESIM---: Wrote AT+CMQTTSTART
 bytes[0m
[0;32mI (20512) RX_TASK_ESIM: 
-------------Read 24 bytes: '
OK

+CMQTTSTART: 0
'-------------------[0m
[0;32mI (20612) ---WRITE ESIM---: Wrote AT+CMQTTACCQ=0,"sw000156",0
 bytes[0m
[0;32mI (20712) RX_TASK_ESIM: 
-------------Read 6 bytes: '
OK
'-------------------[0m
[0;32mI (20812) ---WRITE ESIM---: Wrote AT+CMQTTCONNECT=0,"tcp://mqtt.agriconnect.vn:1883",60,1,"mqttnode","congamo"
 bytes[0m
[0;32mI (20912) RX_TASK_ESIM: 
-------------Read 6 bytes: '
OK
'-------------------[0m
[0;32mI (21012) ---WRITE ESIM---: Wrote AT+CMQTTACCQ=0,"sw000156",0
 bytes[0m
[0;32mI (21112) RX_TASK_ESIM: 
-------------Read 9 bytes: '
ERROR
'-------------------[0m
[0;32mI (21212) ---WRITE ESIM---: Wrote AT+CMQTTSUBTOPIC=0,35,1
 bytes[0m
[0;32mI (21312) RX_TASK_ESIM: 
-------------Read 27 bytes: '
+CMQTTCONNECT: 0,0

>
'-------------------[0m
[0;32mI (21412) ---WRITE ESIM---: Wrote gateway-agriconnect/snac/sw000156/1
 bytes[0m
[0;32mI (21512) RX_TASK_ESIM: 
-------------Read 6 bytes: '
OK
'-------------------[0m
[0;32mI (21612) ---WRITE ESIM---: Wrote AT+CMQTTSUB=0
 bytes[0m
[0;32mI (21752) RX_TASK_ESIM: 
-------------Read 24 bytes: '
OK

+CMQTTSUB: 0,0
'-------------------[0m
[0;32mI (21812) ---WRITE ESIM---: Wrote AT+CMQTTSUBTOPIC=0,35,1
 bytes[0m
[0;32mI (21912) RX_TASK_ESIM: 
-------------Read 5 bytes: '
>
'-------------------[0m
[0;32mI (22012) ---WRITE ESIM---: Wrote gateway-agriconnect/snac/sw000156/2
 bytes[0m
[0;32mI (22112) RX_TASK_ESIM: 
-------------Read 6 bytes: '
OK
'-------------------[0m
[0;32mI (22212) ---WRITE ESIM---: Wrote AT+CMQTTSUB=0
 bytes[0m
[0;32mI (22362) RX_TASK_ESIM: 
-------------Read 24 bytes: '
OK

+CMQTTSUB: 0,0
'-------------------[0m
[0;32mI (22412) ---WRITE ESIM---: Wrote AT+CMQTTSUBTOPIC=0,35,1
 bytes[0m
[0;32mI (22512) RX_TASK_ESIM: 
-------------Read 5 bytes: '
>
'-------------------[0m
[0;32mI (22612) ---WRITE ESIM---: Wrote gateway-agriconnect/snac/sw000156/3
 bytes[0m
[0;32mI (22712) RX_TASK_ESIM: 
-------------Read 6 bytes: '
OK
'-------------------[0m
[0;32mI (22812) ---WRITE ESIM---: Wrote AT+CMQTTSUB=0
 bytes[0m
[0;32mI (22962) RX_TASK_ESIM: 
-------------Read 24 bytes: '
OK

+CMQTTSUB: 0,0
'-------------------[0m
[0;32mI (23012) ---WRITE ESIM---: Wrote AT+CMQTTSUBTOPIC=0,35,1
 bytes[0m
[0;32mI (23112) RX_TASK_ESIM: 
-------------Read 5 bytes: '
>
'-------------------[0m
[0;32mI (23212) ---WRITE ESIM---: Wrote gateway-agriconnect/snac/sw000156/4
 bytes[0m
[0;32mI (23312) RX_TASK_ESIM: 
-------------Read 6 bytes: '
OK
'-------------------[0m
[0;32mI (23412) ---WRITE ESIM---: Wrote AT+CMQTTSUB=0
 bytes[0m
[0;32mI (23552) RX_TASK_ESIM: 
-------------Read 24 bytes: '
OK

+CMQTTSUB: 0,0
'-------------------[0m
[0;32mI (23812) ---WRITE ESIM---: Wrote AT+CSCLK=2
 bytes[0m
[0;32mI (23912) RX_TASK_ESIM: 
-------------Read 6 bytes: '
OK
'-------------------[0m
ESP-ROM:esp32s3-20210327
Build:Mar 27 2021
rst:0x1 (POWERON),boot:0x2b (SPI_FAST_FLASH_BOOT)
SPIWP:0xee
mode:DIO, clock div:1
load:0x3fce3810,len:0x178c
load:0x403c9700,len:0x4
load:0x403c9704,len:0xcbc
load:0x403cc700,len:0x2da0
entry 0x403c9914
[0;32mI (27) boot: ESP-IDF HEAD-HASH-NOTFOUND 2nd stage bootloader[0m
[0;32mI (27) boot: compile time Mar 25 2024 11:26:55[0m
[0;32mI (27) boot: Multicore bootloader[0m
[0;32mI (31) boot: chip revision: v0.2[0m
[0;32mI (35) boot.esp32s3: Boot SPI Speed : 80MHz[0m
[0;32mI (40) boot.esp32s3: SPI Mode       : DIO[0m
[0;32mI (44) boot.esp32s3: SPI Flash Size : 8MB[0m
[0;32mI (49) boot: Enabling RNG early entropy source...[0m
[0;32mI (54) boot: Partition Table:[0m
[0;32mI (58) boot: ## Label            Usage          Type ST Offset   Length[0m
[0;32mI (65) boot:  0 nvs              WiFi data        01 02 00009000 00006000[0m
[0;32mI (73) boot:  1 phy_init         RF data          01 01 0000f000 00001000[0m
[0;32mI (80) boot:  2 factory          factory app      00 00 00010000 00100000[0m
[0;32mI (88) boot: End of partition table[0m
[0;32mI (92) esp_image: segment 0: paddr=00010020 vaddr=3c020020 size=0e684h ( 59012) map[0m
[0;32mI (111) esp_image: segment 1: paddr=0001e6ac vaddr=3fc93000 size=0196ch (  6508) load[0m
[0;32mI (113) esp_image: segment 2: paddr=00020020 vaddr=42000020 size=1fd68h (130408) map[0m
[0;32mI (141) esp_image: segment 3: paddr=0003fd90 vaddr=3fc9496c size=09110h ( 37136) load[0m
[0;32mI (148) esp_image: segment 4: paddr=00048ea8 vaddr=40374000 size=0ef7ch ( 61308) load[0m
[0;32mI (170) boot: Loaded app from partition at offset 0x10000[0m
[0;32mI (170) boot: Disabling RNG early entropy source...[0m
[0;32mI (181) cpu_start: Multicore app[0m
[0;32mI (191) cpu_start: Pro cpu start user code[0m
[0;32mI (191) cpu_start: cpu freq: 160000000 Hz[0m
[0;32mI (191) cpu_start: Application information:[0m
[0;32mI (194) cpu_start: Project name:     mantis_solenoid_esim[0m
[0;32mI (200) cpu_start: App version:      7f0de06-dirty[0m
[0;32mI (206) cpu_start: Compile time:     Mar 25 2024 11:41:33[0m
[0;32mI (212) cpu_start: ELF file SHA256:  1f62b26a8...[0m
[0;32mI (217) cpu_start: ESP-IDF:          HEAD-HASH-NOTFOUND[0m
[0;32mI (223) cpu_start: Min chip rev:     v0.0[0m
[0;32mI (228) cpu_start: Max chip rev:     v0.99 [0m
[0;32mI (233) cpu_start: Chip rev:         v0.2[0m
[0;32mI (237) heap_init: Initializing. RAM available for dynamic allocation:[0m
[0;32mI (245) heap_init: At 3FC9E400 len 0004B310 (300 KiB): RAM[0m
[0;32mI (251) heap_init: At 3FCE9710 len 00005724 (21 KiB): RAM[0m
[0;32mI (257) heap_init: At 3FCF0000 len 00008000 (32 KiB): DRAM[0m
[0;32mI (263) heap_init: At 600FE010 len 00001FD8 (7 KiB): RTCRAM[0m
[0;32mI (270) spi_flash: detected chip: gd[0m
[0;32mI (273) spi_flash: flash io: dio[0m
[0;32mI (278) sleep: Configure to isolate all GPIO pins in sleep state[0m
[0;32mI (284) sleep: Enable automatic switching of GPIO sleep configuration[0m
[0;32mI (292) main_task: Started on CPU0[0m
[0;32mI (302) main_task: Calling app_main()[0m
[0;32mI (302) ----MQTT Esim----: ----------------------Create UART -------------------------------- 
[0m
[0;32mI (312) gpio: GPIO[42]| InputEn: 0| OutputEn: 0| OpenDrain: 0| Pullup: 1| Pulldown: 0| Intr:0 [0m
[0;32mI (322) gpio: GPIO[9]| InputEn: 0| OutputEn: 0| OpenDrain: 0| Pullup: 1| Pulldown: 0| Intr:0 [0m
[0;32mI (332) gpio: GPIO[10]| InputEn: 0| OutputEn: 0| OpenDrain: 0| Pullup: 1| Pulldown: 0| Intr:0 [0m
[0;32mI (342) gpio: GPIO[11]| InputEn: 0| OutputEn: 0| OpenDrain: 0| Pullup: 1| Pulldown: 0| Intr:0 [0m
[0;32mI (342) gpio: GPIO[12]| InputEn: 0| OutputEn: 0| OpenDrain: 0| Pullup: 1| Pulldown: 0| Intr:0 [0m
[0;32mI (352) gpio: GPIO[4]| InputEn: 0| OutputEn: 0| OpenDrain: 0| Pullup: 1| Pulldown: 0| Intr:0 [0m
[0;32mI (362) ----MQTT Esim----: -----------------kich hoat module sim------------------[0m
[0;32mI (372) ----MQTT Esim----: Wrote AT+CRESET
 bytes[0m
[0;32mI (1882) ----MQTT Esim----: -----------------RESET SIM------------------[0m
[0;32mI (1882) ----MQTT Esim----: Wrote AT+CRESET
 bytes[0m
[0;32mI (1982) RX_TASK_ESIM: 
-------------Read 7 bytes: '
OK
'-------------------[0m
ESP-ROM:esp32s3-20210327
Build:Mar 27 2021
rst:0x1 (POWERON),boot:0xb (SPI_FAST_FLASH_BOOT)
SPIWP:0xee
mode:DIO, clock div:1
load:0x3fce3810,len:0x178c
load:0x403c9700,len:0x4
load:0x403c9704,len:0xcbc
load:0x403cc700,len:0x2da0
entry 0x403c9914
[0;32mI (27) boot: ESP-IDF HEAD-HASH-NOTFOUND 2nd stage bootloader[0m
[0;32mI (27) boot: compile time Mar 25 2024 11:26:55[0m
[0;32mI (27) boot: Multicore bootloader[0m
[0;32mI (31) boot: chip revision: v0.2[0m
[0;32mI (35) boot.esp32s3: Boot SPI Speed : 80MHz[0m
[0;32mI (40) boot.esp32s3: SPI Mode       : DIO[0m
[0;32mI (44) boot.esp32s3: SPI Flash Size : 8MB[0m
[0;32mI (49) boot: Enabling RNG early entropy source...[0m
[0;32mI (54) boot: Partition Table:[0m
[0;32mI (58) boot: ## Label            Usage          Type ST Offset   Length[0m
[0;32mI (65) boot:  0 nvs              WiFi data        01 02 00009000 00006000[0m
[0;32mI (73) boot:  1 phy_init         RF data          01 01 0000f000 00001000[0m
[0;32mI (80) boot:  2 factory          factory app      00 00 00010000 00100000[0m
[0;32mI (88) boot: End of partition table[0m
[0;32mI (92) esp_image: segment 0: paddr=00010020 vaddr=3c020020 size=0e684h ( 59012) map[0m
[0;32mI (111) esp_image: segment 1: paddr=0001e6ac vaddr=3fc93000 size=0196ch (  6508) load[0m
[0;32mI (113) esp_image: segment 2: paddr=00020020 vaddr=42000020 size=1fd68h (130408) map[0m
[0;32mI (141) esp_image: segment 3: paddr=0003fd90 vaddr=3fc9496c size=09110h ( 37136) load[0m
[0;32mI (148) esp_image: segment 4: paddr=00048ea8 vaddr=40374000 size=0ef7ch ( 61308) load[0m
[0;32mI (170) boot: Loaded app from partition at offset 0x10000[0m
[0;32mI (170) boot: Disabling RNG early entropy source...[0m
[0;32mI (181) cpu_start: Multicore app[0m
[0;32mI (191) cpu_start: Pro cpu start user code[0m
[0;32mI (191) cpu_start: cpu freq: 160000000 Hz[0m
[0;32mI (191) cpu_start: Application information:[0m
[0;32mI (194) cpu_start: Project name:     mantis_solenoid_esim[0m
[0;32mI (200) cpu_start: App version:      7f0de06-dirty[0m
[0;32mI (206) cpu_start: Compile time:     Mar 25 2024 11:41:33[0m
[0;32mI (212) cpu_start: ELF file SHA256:  1f62b26a8...[0m
[0;32mI (217) cpu_start: ESP-IDF:          HEAD-HASH-NOTFOUND[0m
[0;32mI (223) cpu_start: Min chip rev:     v0.0[0m
[0;32mI (228) cpu_start: Max chip rev:     v0.99 [0m
[0;32mI (233) cpu_start: Chip rev:         v0.2[0m
[0;32mI (237) heap_init: Initializing. RAM available for dynamic allocation:[0m
[0;32mI (245) heap_init: At 3FC9E400 len 0004B310 (300 KiB): RAM[0m
[0;32mI (251) heap_init: At 3FCE9710 len 00005724 (21 KiB): RAM[0m
[0;32mI (257) heap_init: At 3FCF0000 len 00008000 (32 KiB): DRAM[0m
[0;32mI (263) heap_init: At 600FE010 len 00001FD8 (7 KiB): RTCRAM[0m
[0;32mI (270) spi_flash: detected chip: gd[0m
[0;32mI (273) spi_flash: flash io: dio[0m
[0;32mI (278) sleep: Configure to isolate all GPIO pins in sleep state[0m
[0;32mI (284) sleep: Enable automatic switching of GPIO sleep configuration[0m
[0;32mI (292) main_task: Started on CPU0[0m
[0;32mI (302) main_task: Calling app_main()[0m
[0;32mI (302) ----MQTT Esim----: ----------------------Create UART -------------------------------- 
[0m
[0;32mI (312) gpio: GPIO[42]| InputEn: 0| OutputEn: 0| OpenDrain: 0| Pullup: 1| Pulldown: 0| Intr:0 [0m
[0;32mI (322) gpio: GPIO[9]| InputEn: 0| OutputEn: 0| OpenDrain: 0| Pullup: 1| Pulldown: 0| Intr:0 [0m
[0;32mI (332) gpio: GPIO[10]| InputEn: 0| OutputEn: 0| OpenDrain: 0| Pullup: 1| Pulldown: 0| Intr:0 [0m
[0;32mI (342) gpio: GPIO[11]| InputEn: 0| OutputEn: 0| OpenDrain: 0| Pullup: 1| Pulldown: 0| Intr:0 [0m
[0;32mI (342) gpio: GPIO[12]| InputEn: 0| OutputEn: 0| OpenDrain: 0| Pullup: 1| Pulldown: 0| Intr:0 [0m
[0;32mI (352) gpio: GPIO[4]| InputEn: 0| OutputEn: 0| OpenDrain: 0| Pullup: 1| Pulldown: 0| Intr:0 [0m
[0;32mI (362) ----MQTT Esim----: -----------------kich hoat module sim------------------[0m
[0;32mI (372) ----MQTT Esim----: Wrote AT+CRESET
 bytes[0m
[0;32mI (1882) ----MQTT Esim----: -----------------RESET SIM------------------[0m
[0;32mI (1882) ----MQTT Esim----: Wrote AT+CRESET
 bytes[0m
[0;32mI (1982) RX_TASK_ESIM: 
-------------Read 27 bytes: '
*ATREADY: 1
AT+CRESETï¿½'-------------------[0m
